Archive member included because of file (symbol)

d:/program files/dave/dave-ide-4.4.2-64bit/eclipse/arm-gcc-49/bin/../lib/gcc/arm-none-eabi/4.9.3/../../../../arm-none-eabi/lib/armv7e-m/softfp\libm.a(lib_a-s_atan.o)
                              ./main.o (atan)
d:/program files/dave/dave-ide-4.4.2-64bit/eclipse/arm-gcc-49/bin/../lib/gcc/arm-none-eabi/4.9.3/../../../../arm-none-eabi/lib/armv7e-m/softfp\libm.a(lib_a-s_fabs.o)
                              d:/program files/dave/dave-ide-4.4.2-64bit/eclipse/arm-gcc-49/bin/../lib/gcc/arm-none-eabi/4.9.3/../../../../arm-none-eabi/lib/armv7e-m/softfp\libm.a(lib_a-s_atan.o) (fabs)
d:/program files/dave/dave-ide-4.4.2-64bit/eclipse/arm-gcc-49/bin/../lib/gcc/arm-none-eabi/4.9.3/../../../../arm-none-eabi/lib/armv7e-m/softfp\libm.a(lib_a-w_sqrt.o)
                              ./main.o (sqrt)
d:/program files/dave/dave-ide-4.4.2-64bit/eclipse/arm-gcc-49/bin/../lib/gcc/arm-none-eabi/4.9.3/../../../../arm-none-eabi/lib/armv7e-m/softfp\libm.a(lib_a-e_sqrt.o)
                              d:/program files/dave/dave-ide-4.4.2-64bit/eclipse/arm-gcc-49/bin/../lib/gcc/arm-none-eabi/4.9.3/../../../../arm-none-eabi/lib/armv7e-m/softfp\libm.a(lib_a-w_sqrt.o) (__ieee754_sqrt)
d:/program files/dave/dave-ide-4.4.2-64bit/eclipse/arm-gcc-49/bin/../lib/gcc/arm-none-eabi/4.9.3/../../../../arm-none-eabi/lib/armv7e-m/softfp\libm.a(lib_a-s_fpclassify.o)
                              d:/program files/dave/dave-ide-4.4.2-64bit/eclipse/arm-gcc-49/bin/../lib/gcc/arm-none-eabi/4.9.3/../../../../arm-none-eabi/lib/armv7e-m/softfp\libm.a(lib_a-w_sqrt.o) (__fpclassifyd)
d:/program files/dave/dave-ide-4.4.2-64bit/eclipse/arm-gcc-49/bin/../lib/gcc/arm-none-eabi/4.9.3/../../../../arm-none-eabi/lib/armv7e-m/softfp\libm.a(lib_a-s_lib_ver.o)
                              d:/program files/dave/dave-ide-4.4.2-64bit/eclipse/arm-gcc-49/bin/../lib/gcc/arm-none-eabi/4.9.3/../../../../arm-none-eabi/lib/armv7e-m/softfp\libm.a(lib_a-w_sqrt.o) (__fdlib_version)
d:/program files/dave/dave-ide-4.4.2-64bit/eclipse/arm-gcc-49/bin/../lib/gcc/arm-none-eabi/4.9.3/../../../../arm-none-eabi/lib/armv7e-m/softfp\libm.a(lib_a-s_matherr.o)
                              d:/program files/dave/dave-ide-4.4.2-64bit/eclipse/arm-gcc-49/bin/../lib/gcc/arm-none-eabi/4.9.3/../../../../arm-none-eabi/lib/armv7e-m/softfp\libm.a(lib_a-w_sqrt.o) (matherr)
d:/program files/dave/dave-ide-4.4.2-64bit/eclipse/arm-gcc-49/bin/../lib/gcc/arm-none-eabi/4.9.3/armv7e-m/softfp\libgcc.a(_arm_addsubdf3.o)
                              d:/program files/dave/dave-ide-4.4.2-64bit/eclipse/arm-gcc-49/bin/../lib/gcc/arm-none-eabi/4.9.3/../../../../arm-none-eabi/lib/armv7e-m/softfp\libm.a(lib_a-s_atan.o) (__aeabi_dsub)
d:/program files/dave/dave-ide-4.4.2-64bit/eclipse/arm-gcc-49/bin/../lib/gcc/arm-none-eabi/4.9.3/armv7e-m/softfp\libgcc.a(_arm_muldivdf3.o)
                              ./main.o (__aeabi_dmul)
d:/program files/dave/dave-ide-4.4.2-64bit/eclipse/arm-gcc-49/bin/../lib/gcc/arm-none-eabi/4.9.3/armv7e-m/softfp\libgcc.a(_arm_cmpdf2.o)
                              ./main.o (__aeabi_dcmplt)
d:/program files/dave/dave-ide-4.4.2-64bit/eclipse/arm-gcc-49/bin/../lib/gcc/arm-none-eabi/4.9.3/armv7e-m/softfp\libgcc.a(_arm_truncdfsf2.o)
                              ./main.o (__aeabi_d2f)
d:/program files/dave/dave-ide-4.4.2-64bit/eclipse/arm-gcc-49/bin/../lib/gcc/arm-none-eabi/4.9.3/armv7e-m/softfp\libgcc.a(_aeabi_uldivmod.o)
                              ./Dave/Generated/TIMER/timer.o (__aeabi_uldivmod)
d:/program files/dave/dave-ide-4.4.2-64bit/eclipse/arm-gcc-49/bin/../lib/gcc/arm-none-eabi/4.9.3/armv7e-m/softfp\libgcc.a(bpabi.o)
                              d:/program files/dave/dave-ide-4.4.2-64bit/eclipse/arm-gcc-49/bin/../lib/gcc/arm-none-eabi/4.9.3/armv7e-m/softfp\libgcc.a(_aeabi_uldivmod.o) (__gnu_uldivmod_helper)
d:/program files/dave/dave-ide-4.4.2-64bit/eclipse/arm-gcc-49/bin/../lib/gcc/arm-none-eabi/4.9.3/armv7e-m/softfp\libgcc.a(_dvmd_tls.o)
                              d:/program files/dave/dave-ide-4.4.2-64bit/eclipse/arm-gcc-49/bin/../lib/gcc/arm-none-eabi/4.9.3/armv7e-m/softfp\libgcc.a(_aeabi_uldivmod.o) (__aeabi_ldiv0)
d:/program files/dave/dave-ide-4.4.2-64bit/eclipse/arm-gcc-49/bin/../lib/gcc/arm-none-eabi/4.9.3/armv7e-m/softfp\libgcc.a(_divdi3.o)
                              d:/program files/dave/dave-ide-4.4.2-64bit/eclipse/arm-gcc-49/bin/../lib/gcc/arm-none-eabi/4.9.3/armv7e-m/softfp\libgcc.a(bpabi.o) (__divdi3)
d:/program files/dave/dave-ide-4.4.2-64bit/eclipse/arm-gcc-49/bin/../lib/gcc/arm-none-eabi/4.9.3/armv7e-m/softfp\libgcc.a(_udivdi3.o)
                              d:/program files/dave/dave-ide-4.4.2-64bit/eclipse/arm-gcc-49/bin/../lib/gcc/arm-none-eabi/4.9.3/armv7e-m/softfp\libgcc.a(bpabi.o) (__udivdi3)
d:/program files/dave/dave-ide-4.4.2-64bit/eclipse/arm-gcc-49/bin/../lib/gcc/arm-none-eabi/4.9.3/../../../../arm-none-eabi/lib/armv7e-m/softfp\libg_nano.a(lib_a-atoi.o)
[...]
Memory Configuration

Name             Origin             Length             Attributes
FLASH_1_cached   0x08000000         0x00200000         xr
FLASH_1_uncached 0x0c000000         0x00200000         xr
PSRAM_1          0x1ffe8000         0x00018000         !xr
DSRAM_1_system   0x20000000         0x00020000         !xr
DSRAM_2_comm     0x20020000         0x00020000         !xr
SRAM_combined    0x1ffe8000         0x00058000         !xr
*default*        0x00000000         0xffffffff

Linker script and memory map

LOAD ./Startup/startup_XMC4800.o
LOAD ./Startup/system_XMC4800.o
LOAD ./Libraries/XMCLib/src/xmc4_eru.o
LOAD ./Libraries/XMCLib/src/xmc4_flash.o
LOAD ./Libraries/XMCLib/src/xmc4_gpio.o
LOAD ./Libraries/XMCLib/src/xmc4_rtc.o
LOAD ./Libraries/XMCLib/src/xmc4_scu.o
LOAD ./Libraries/XMCLib/src/xmc_can.o
LOAD ./Libraries/XMCLib/src/xmc_ccu4.o
LOAD ./Libraries/XMCLib/src/xmc_ccu8.o
LOAD ./Libraries/XMCLib/src/xmc_common.o
LOAD ./Libraries/XMCLib/src/xmc_dac.o
LOAD ./Libraries/XMCLib/src/xmc_dma.o
LOAD ./Libraries/XMCLib/src/xmc_dsd.o
LOAD ./Libraries/XMCLib/src/xmc_ebu.o
LOAD ./Libraries/XMCLib/src/xmc_ecat.o
LOAD ./Libraries/XMCLib/src/xmc_eru.o
LOAD ./Libraries/XMCLib/src/xmc_eth_mac.o
LOAD ./Libraries/XMCLib/src/xmc_eth_phy_dp83848.o
LOAD ./Libraries/XMCLib/src/xmc_eth_phy_ksz8031rnl.o
LOAD ./Libraries/XMCLib/src/xmc_eth_phy_ksz8081rnb.o
LOAD ./Libraries/XMCLib/src/xmc_fce.o
LOAD ./Libraries/XMCLib/src/xmc_gpio.o
LOAD ./Libraries/XMCLib/src/xmc_hrpwm.o
LOAD ./Libraries/XMCLib/src/xmc_i2c.o
LOAD ./Libraries/XMCLib/src/xmc_i2s.o
LOAD ./Libraries/XMCLib/src/xmc_ledts.o
LOAD ./Libraries/XMCLib/src/xmc_posif.o
LOAD ./Libraries/XMCLib/src/xmc_rtc.o
LOAD ./Libraries/XMCLib/src/xmc_sdmmc.o
LOAD ./Libraries/XMCLib/src/xmc_spi.o
LOAD ./Libraries/XMCLib/src/xmc_uart.o
LOAD ./Libraries/XMCLib/src/xmc_usbd.o
LOAD ./Libraries/XMCLib/src/xmc_usbh.o
LOAD ./Libraries/XMCLib/src/xmc_usic.o
LOAD ./Libraries/XMCLib/src/xmc_vadc.o
LOAD ./Libraries/XMCLib/src/xmc_wdt.o
LOAD ./Libraries/Newlib/syscalls.o
LOAD ./Dave/Generated/UART/uart.o
LOAD ./Dave/Generated/UART/uart_conf.o
LOAD ./Dave/Generated/TIMER/timer.o
LOAD ./Dave/Generated/TIMER/timer_conf.o
LOAD ./Dave/Generated/SYSTIMER/systimer.o
LOAD ./Dave/Generated/SYSTIMER/systimer_conf.o
LOAD ./Dave/Generated/SPI_MASTER/spi_master.o
LOAD ./Dave/Generated/SPI_MASTER/spi_master_conf.o
LOAD ./Dave/Generated/INTERRUPT/interrupt.o
LOAD ./Dave/Generated/INTERRUPT/interrupt_conf.o
LOAD ./Dave/Generated/GLOBAL_CCU4/global_ccu4.o
LOAD ./Dave/Generated/GLOBAL_CCU4/global_ccu4_conf.o
LOAD ./Dave/Generated/ETH_LWIP/lwip/port/netif/ethernetif.o
LOAD ./Dave/Generated/ETH_LWIP/lwip/port/memcpy.o
LOAD ./Dave/Generated/ETH_LWIP/lwip/port/sys_arch.o
LOAD ./Dave/Generated/ETH_LWIP/lwip/netif/ethernet.o
LOAD ./Dave/Generated/ETH_LWIP/lwip/core/ipv6/dhcp6.o
LOAD ./Dave/Generated/ETH_LWIP/lwip/core/ipv6/ethip6.o
LOAD ./Dave/Generated/ETH_LWIP/lwip/core/ipv6/icmp6.o
LOAD ./Dave/Generated/ETH_LWIP/lwip/core/ipv6/inet6.o
LOAD ./Dave/Generated/ETH_LWIP/lwip/core/ipv6/ip6.o
LOAD ./Dave/Generated/ETH_LWIP/lwip/core/ipv6/ip6_addr.o
LOAD ./Dave/Generated/ETH_LWIP/lwip/core/ipv6/ip6_frag.o
LOAD ./Dave/Generated/ETH_LWIP/lwip/core/ipv6/mld6.o
LOAD ./Dave/Generated/ETH_LWIP/lwip/core/ipv6/nd6.o
LOAD ./Dave/Generated/ETH_LWIP/lwip/core/ipv4/autoip.o
LOAD ./Dave/Generated/ETH_LWIP/lwip/core/ipv4/dhcp.o
LOAD ./Dave/Generated/ETH_LWIP/lwip/core/ipv4/etharp.o
LOAD ./Dave/Generated/ETH_LWIP/lwip/core/ipv4/icmp.o
LOAD ./Dave/Generated/ETH_LWIP/lwip/core/ipv4/igmp.o
LOAD ./Dave/Generated/ETH_LWIP/lwip/core/ipv4/ip4.o
LOAD ./Dave/Generated/ETH_LWIP/lwip/core/ipv4/ip4_addr.o
LOAD ./Dave/Generated/ETH_LWIP/lwip/core/ipv4/ip4_frag.o
LOAD ./Dave/Generated/ETH_LWIP/lwip/core/altcp.o
LOAD ./Dave/Generated/ETH_LWIP/lwip/core/altcp_alloc.o
LOAD ./Dave/Generated/ETH_LWIP/lwip/core/altcp_tcp.o
LOAD ./Dave/Generated/ETH_LWIP/lwip/core/def.o
LOAD ./Dave/Generated/ETH_LWIP/lwip/core/dns.o
LOAD ./Dave/Generated/ETH_LWIP/lwip/core/inet_chksum.o
LOAD ./Dave/Generated/ETH_LWIP/lwip/core/init.o
LOAD ./Dave/Generated/ETH_LWIP/lwip/core/ip.o
LOAD ./Dave/Generated/ETH_LWIP/lwip/core/mem.o
LOAD ./Dave/Generated/ETH_LWIP/lwip/core/memp.o
LOAD ./Dave/Generated/ETH_LWIP/lwip/core/netif.o
LOAD ./Dave/Generated/ETH_LWIP/lwip/core/pbuf.o
LOAD ./Dave/Generated/ETH_LWIP/lwip/core/raw.o
LOAD ./Dave/Generated/ETH_LWIP/lwip/core/stats.o
LOAD ./Dave/Generated/ETH_LWIP/lwip/core/sys.o
LOAD ./Dave/Generated/ETH_LWIP/lwip/core/tcp.o
LOAD ./Dave/Generated/ETH_LWIP/lwip/core/tcp_in.o
LOAD ./Dave/Generated/ETH_LWIP/lwip/core/tcp_out.o
LOAD ./Dave/Generated/ETH_LWIP/lwip/core/timeouts.o
LOAD ./Dave/Generated/ETH_LWIP/lwip/core/udp.o
LOAD ./Dave/Generated/ETH_LWIP/lwip/api/api_lib.o
LOAD ./Dave/Generated/ETH_LWIP/lwip/api/api_msg.o
LOAD ./Dave/Generated/ETH_LWIP/lwip/api/err.o
LOAD ./Dave/Generated/ETH_LWIP/lwip/api/if_api.o
LOAD ./Dave/Generated/ETH_LWIP/lwip/api/netbuf.o
LOAD ./Dave/Generated/ETH_LWIP/lwip/api/netdb.o
LOAD ./Dave/Generated/ETH_LWIP/lwip/api/netifapi.o
LOAD ./Dave/Generated/ETH_LWIP/lwip/api/sockets.o
LOAD ./Dave/Generated/ETH_LWIP/lwip/api/tcpip.o
LOAD ./Dave/Generated/ETH_LWIP/eth_lwip.o
LOAD ./Dave/Generated/ETH_LWIP/eth_lwip_conf.o
LOAD ./Dave/Generated/ETH_LWIP/xmc_eth_phy_dp83848.o
LOAD ./Dave/Generated/ETH_LWIP/xmc_eth_phy_ksz8031rnl.o
LOAD ./Dave/Generated/ETH_LWIP/xmc_eth_phy_ksz8081rnl.o
LOAD ./Dave/Generated/CPU_CTRL_XMC4/cpu_ctrl_xmc4.o
LOAD ./Dave/Generated/CPU_CTRL_XMC4/cpu_ctrl_xmc4_conf.o
LOAD ./Dave/Generated/CLOCK_XMC4/clock_xmc4.o
LOAD ./Dave/Generated/CLOCK_XMC4/clock_xmc4_conf.o
LOAD ./Dave/Generated/DAVE.o
LOAD ./main.o
LOAD d:/program files/dave/dave-ide-4.4.2-64bit/eclipse/arm-gcc-49/bin/../lib/gcc/arm-none-eabi/4.9.3/../../../../arm-none-eabi/lib/armv7e-m/softfp\libm.a
START GROUP
LOAD d:/program files/dave/dave-ide-4.4.2-64bit/eclipse/arm-gcc-49/bin/../lib/gcc/arm-none-eabi/4.9.3/armv7e-m/softfp\libgcc.a
LOAD d:/program files/dave/dave-ide-4.4.2-64bit/eclipse/arm-gcc-49/bin/../lib/gcc/arm-none-eabi/4.9.3/../../../../arm-none-eabi/lib/armv7e-m/softfp\libg_nano.a
LOAD d:/program files/dave/dave-ide-4.4.2-64bit/eclipse/arm-gcc-49/bin/../lib/gcc/arm-none-eabi/4.9.3/../../../../arm-none-eabi/lib/armv7e-m/softfp\libc_nano.a
END GROUP
START GROUP
LOAD d:/program files/dave/dave-ide-4.4.2-64bit/eclipse/arm-gcc-49/bin/../lib/gcc/arm-none-eabi/4.9.3/armv7e-m/softfp\libgcc.a
LOAD d:/program files/dave/dave-ide-4.4.2-64bit/eclipse/arm-gcc-49/bin/../lib/gcc/arm-none-eabi/4.9.3/../../../../arm-none-eabi/lib/armv7e-m/softfp\libc_nano.a
LOAD d:/program files/dave/dave-ide-4.4.2-64bit/eclipse/arm-gcc-49/bin/../lib/gcc/arm-none-eabi/4.9.3/../../../../arm-none-eabi/lib/armv7e-m/softfp\libnosys.a
END GROUP
START GROUP
LOAD d:/program files/dave/dave-ide-4.4.2-64bit/eclipse/arm-gcc-49/bin/../lib/gcc/arm-none-eabi/4.9.3/armv7e-m/softfp\libgcc.a
LOAD d:/program files/dave/dave-ide-4.4.2-64bit/eclipse/arm-gcc-49/bin/../lib/gcc/arm-none-eabi/4.9.3/../../../../arm-none-eabi/lib/armv7e-m/softfp\libc_nano.a
LOAD d:/program files/dave/dave-ide-4.4.2-64bit/eclipse/arm-gcc-49/bin/../lib/gcc/arm-none-eabi/4.9.3/../../../../arm-none-eabi/lib/armv7e-m/softfp\libnosys.a
END GROUP
                0x00000800                stack_size = DEFINED (stack_size)?stack_size:0x800
                0x00000040                no_init_size = 0x40

.text           0x08000000    0x11890 load address 0x0c000000
                0x08000000                sText = .
 *(.reset)
 .reset         0x08000000      0x29c ./Startup/startup_XMC4800.o
                0x08000000                __Vectors
                0x08000200                Reset_Handler
                0x08000298                DSD0_7_IRQHandler
                0x08000298                DebugMon_Handler
                0x08000298                VADC0_C0_0_IRQHandler
                0x08000298                CAN0_4_IRQHandler
                0x08000298                VADC0_G2_0_IRQHandler
                0x08000298                USIC0_5_IRQHandler
                0x08000298                POSIF0_0_IRQHandler
                0x08000298                POSIF1_0_IRQHandler
                0x08000298                HardFault_Handler
                0x08000298                VADC0_G1_1_IRQHandler
                0x08000298                PendSV_Handler
                0x08000298                NMI_Handler
                0x08000298                USIC1_3_IRQHandler
                0x08000298                CCU40_2_IRQHandler
                0x08000298                SCU_0_IRQHandler
                0x08000298                ERU0_0_IRQHandler
                0x08000298                CCU41_0_IRQHandler
                0x08000298                USIC1_5_IRQHandler
                0x08000298                DSD0_4_IRQHandler
                0x08000298                CCU80_1_IRQHandler
                0x08000298                CCU81_0_IRQHandler
                0x08000298                UsageFault_Handler
                0x08000298                USIC0_0_IRQHandler
                0x08000298                POSIF1_1_IRQHandler
                0x08000298                ERU0_2_IRQHandler
                0x08000298                CCU81_1_IRQHandler
                0x08000298                ERU1_1_IRQHandler
                0x08000298                VADC0_G2_3_IRQHandler
                0x08000298                VADC0_G2_2_IRQHandler
                0x08000298                CCU42_3_IRQHandler
                0x08000298                ERU0_3_IRQHandler
                0x08000298                DSD0_5_IRQHandler
                0x08000298                VADC0_C0_3_IRQHandler
                0x08000298                CAN0_6_IRQHandler
                0x08000298                CCU43_0_IRQHandler
                0x08000298                VADC0_G0_1_IRQHandler
                0x08000298                CCU81_2_IRQHandler
                0x08000298                USIC2_4_IRQHandler
                0x08000298                CCU81_3_IRQHandler
                0x08000298                CCU42_1_IRQHandler
                0x08000298                USIC2_5_IRQHandler
                0x08000298                CCU40_0_IRQHandler
                0x08000298                CAN0_0_IRQHandler
                0x08000298                ERU1_0_IRQHandler
                0x08000298                CCU42_2_IRQHandler
                0x08000298                Default_Handler
                0x08000298                USIC1_4_IRQHandler
                0x08000298                ERU1_3_IRQHandler
                0x08000298                POSIF0_1_IRQHandler
                0x08000298                VADC0_G0_0_IRQHandler
                0x08000298                DSD0_2_IRQHandler
                0x08000298                CCU80_3_IRQHandler
                0x08000298                CCU41_3_IRQHandler
                0x08000298                CCU80_2_IRQHandler
                0x08000298                VADC0_G1_3_IRQHandler
                0x08000298                VADC0_G0_3_IRQHandler
                0x08000298                GPDMA0_0_IRQHandler
                0x08000298                PMU0_0_IRQHandler
                0x08000298                CAN0_7_IRQHandler
                0x08000298                DSD0_1_IRQHandler
                0x08000298                CCU41_2_IRQHandler
                0x08000298                VADC0_C0_1_IRQHandler
                0x08000298                CCU43_2_IRQHandler
                0x08000298                USIC2_2_IRQHandler
                0x08000298                MemManage_Handler
                0x08000298                VADC0_G3_1_IRQHandler
                0x08000298                DAC0_0_IRQHandler
                0x08000298                SVC_Handler
                0x08000298                VADC0_G3_3_IRQHandler
                0x08000298                ERU1_2_IRQHandler
                0x08000298                CCU41_1_IRQHandler
                0x08000298                DSD0_6_IRQHandler
                0x08000298                VADC0_G1_2_IRQHandler
                0x08000298                USIC2_3_IRQHandler
                0x08000298                CAN0_2_IRQHandler
                0x08000298                USIC2_0_IRQHandler
                0x08000298                VADC0_G0_2_IRQHandler
                0x08000298                ECAT0_0_IRQHandler
                0x08000298                VADC0_G2_1_IRQHandler
                0x08000298                CAN0_3_IRQHandler
                0x08000298                USIC0_3_IRQHandler
                0x08000298                DSD0_0_IRQHandler
                0x08000298                VADC0_C0_2_IRQHandler
                0x08000298                CCU42_0_IRQHandler
                0x08000298                FCE0_0_IRQHandler
                0x08000298                VADC0_G1_0_IRQHandler
                0x08000298                USB0_0_IRQHandler
                0x08000298                CAN0_5_IRQHandler
                0x08000298                CCU80_0_IRQHandler
                0x08000298                CCU40_1_IRQHandler
                0x08000298                USIC2_1_IRQHandler
                0x08000298                USIC0_1_IRQHandler
                0x08000298                VADC0_G3_2_IRQHandler
                0x08000298                CCU40_3_IRQHandler
                0x08000298                BusFault_Handler
                0x08000298                LEDTS0_0_IRQHandler
                0x08000298                USIC0_4_IRQHandler
                0x08000298                CCU43_3_IRQHandler
                0x08000298                ERU0_1_IRQHandler
                0x08000298                VADC0_G3_0_IRQHandler
                0x08000298                USIC1_2_IRQHandler
                0x08000298                DSD0_3_IRQHandler
                0x08000298                SDMMC0_0_IRQHandler
                0x08000298                CAN0_1_IRQHandler
                0x08000298                USIC0_2_IRQHandler
                0x08000298                DAC0_1_IRQHandler
                0x08000298                GPDMA1_0_IRQHandler
 *(.text .text.* .gnu.linkonce.t.*)
 .text.SystemInit
                0x0800029c       0x20 ./Startup/system_XMC4800.o
                0x0800029c                SystemInit
 .text.SystemCoreClockUpdate
                0x080002bc       0xd4 ./Startup/system_XMC4800.o
                0x080002bc                SystemCoreClockUpdate
 .text.XMC_GPIO_Init
                0x08000390      0x14c ./Libraries/XMCLib/src/xmc4_gpio.o
                0x08000390                XMC_GPIO_Init
 .text.XMC_SCU_CLOCK_GetCpuClockFrequency
                0x080004dc       0x18 ./Libraries/XMCLib/src/xmc4_scu.o
 .text.XMC_SCU_GetMirrorStatus
                0x080004f4       0x18 ./Libraries/XMCLib/src/xmc4_scu.o
 .text.XMC_SCU_lDelay
                0x0800050c       0x44 ./Libraries/XMCLib/src/xmc4_scu.o
 .text.XMC_SCU_INTERUPT_GetEventStatus
                0x08000550       0x18 ./Libraries/XMCLib/src/xmc4_scu.o
                0x08000550                XMC_SCU_INTERUPT_GetEventStatus
 .text.XMC_SCU_INTERRUPT_ClearEventStatus
                0x08000568       0x1c ./Libraries/XMCLib/src/xmc4_scu.o
                0x08000568                XMC_SCU_INTERRUPT_ClearEventStatus
 .text.XMC_SCU_CLOCK_Init
                0x08000584       0xec ./Libraries/XMCLib/src/xmc4_scu.o
                0x08000584                XMC_SCU_CLOCK_Init
 .text.XMC_SCU_RESET_DeassertPeripheralReset
                0x08000670       0x38 ./Libraries/XMCLib/src/xmc4_scu.o
                0x08000670                XMC_SCU_RESET_DeassertPeripheralReset
 .text.XMC_SCU_RESET_IsPeripheralResetAsserted
                0x080006a8       0x48 ./Libraries/XMCLib/src/xmc4_scu.o
                0x080006a8                XMC_SCU_RESET_IsPeripheralResetAsserted
 .text.XMC_SCU_CLOCK_GetPeripheralClockFrequency
                0x080006f0       0x20 ./Libraries/XMCLib/src/xmc4_scu.o
                0x080006f0                XMC_SCU_CLOCK_GetPeripheralClockFrequency
 .text.XMC_SCU_CLOCK_SetSystemClockSource
                0x08000710       0x28 ./Libraries/XMCLib/src/xmc4_scu.o
                0x08000710                XMC_SCU_CLOCK_SetSystemClockSource
 .text.XMC_SCU_CLOCK_SetUsbClockSource
                0x08000738       0x28 ./Libraries/XMCLib/src/xmc4_scu.o
                0x08000738                XMC_SCU_CLOCK_SetUsbClockSource
 .text.XMC_SCU_CLOCK_SetWdtClockSource
                0x08000760       0x28 ./Libraries/XMCLib/src/xmc4_scu.o
                0x08000760                XMC_SCU_CLOCK_SetWdtClockSource
 .text.XMC_SCU_CLOCK_SetSystemPllClockSource
                0x08000788       0x40 ./Libraries/XMCLib/src/xmc4_scu.o
                0x08000788                XMC_SCU_CLOCK_SetSystemPllClockSource
 .text.XMC_SCU_HIB_SetRtcClockSource
                0x080007c8       0x3c ./Libraries/XMCLib/src/xmc4_scu.o
                0x080007c8                XMC_SCU_HIB_SetRtcClockSource
 .text.XMC_SCU_HIB_SetStandbyClockSource
                0x08000804       0x3c ./Libraries/XMCLib/src/xmc4_scu.o
                0x08000804                XMC_SCU_HIB_SetStandbyClockSource
 .text.XMC_SCU_CLOCK_SetSystemClockDivider
                0x08000840       0x28 ./Libraries/XMCLib/src/xmc4_scu.o
                0x08000840                XMC_SCU_CLOCK_SetSystemClockDivider
 .text.XMC_SCU_CLOCK_SetCcuClockDivider
                0x08000868       0x28 ./Libraries/XMCLib/src/xmc4_scu.o
                0x08000868                XMC_SCU_CLOCK_SetCcuClockDivider
 .text.XMC_SCU_CLOCK_SetCpuClockDivider
                0x08000890       0x28 ./Libraries/XMCLib/src/xmc4_scu.o
                0x08000890                XMC_SCU_CLOCK_SetCpuClockDivider
 .text.XMC_SCU_CLOCK_SetPeripheralClockDivider
                0x080008b8       0x28 ./Libraries/XMCLib/src/xmc4_scu.o
                0x080008b8                XMC_SCU_CLOCK_SetPeripheralClockDivider
 .text.XMC_SCU_CLOCK_SetUsbClockDivider
                0x080008e0       0x28 ./Libraries/XMCLib/src/xmc4_scu.o
                0x080008e0                XMC_SCU_CLOCK_SetUsbClockDivider
 .text.XMC_SCU_CLOCK_SetEbuClockDivider
                0x08000908       0x28 ./Libraries/XMCLib/src/xmc4_scu.o
                0x08000908                XMC_SCU_CLOCK_SetEbuClockDivider
 .text.XMC_SCU_CLOCK_SetWdtClockDivider
                0x08000930       0x28 ./Libraries/XMCLib/src/xmc4_scu.o
                0x08000930                XMC_SCU_CLOCK_SetWdtClockDivider
 .text.XMC_SCU_CLOCK_SetECATClockDivider
                0x08000958       0x28 ./Libraries/XMCLib/src/xmc4_scu.o
                0x08000958                XMC_SCU_CLOCK_SetECATClockDivider
 .text.XMC_SCU_CLOCK_EnableClock
                0x08000980       0x20 ./Libraries/XMCLib/src/xmc4_scu.o
                0x08000980                XMC_SCU_CLOCK_EnableClock
 .text.XMC_SCU_CLOCK_UngatePeripheralClock
                0x080009a0       0x38 ./Libraries/XMCLib/src/xmc4_scu.o
                0x080009a0                XMC_SCU_CLOCK_UngatePeripheralClock
 .text.XMC_SCU_CLOCK_IsPeripheralClockGated
                0x080009d8       0x48 ./Libraries/XMCLib/src/xmc4_scu.o
                0x080009d8                XMC_SCU_CLOCK_IsPeripheralClockGated
 .text.XMC_SCU_CLOCK_StartUsbPll
                0x08000a20       0x74 ./Libraries/XMCLib/src/xmc4_scu.o
                0x08000a20                XMC_SCU_CLOCK_StartUsbPll
 .text.XMC_SCU_CLOCK_SetBackupClockCalibrationMode
                0x08000a94       0x4c ./Libraries/XMCLib/src/xmc4_scu.o
                0x08000a94                XMC_SCU_CLOCK_SetBackupClockCalibrationMode
 .text.XMC_SCU_HIB_EnableHibernateDomain
                0x08000ae0       0x58 ./Libraries/XMCLib/src/xmc4_scu.o
                0x08000ae0                XMC_SCU_HIB_EnableHibernateDomain
 .text.XMC_SCU_CLOCK_IsLowPowerOscillatorStable
                0x08000b38       0x24 ./Libraries/XMCLib/src/xmc4_scu.o
                0x08000b38                XMC_SCU_CLOCK_IsLowPowerOscillatorStable
 .text.XMC_SCU_CLOCK_EnableLowPowerOscillator
                0x08000b5c       0x70 ./Libraries/XMCLib/src/xmc4_scu.o
                0x08000b5c                XMC_SCU_CLOCK_EnableLowPowerOscillator
 .text.XMC_SCU_CLOCK_EnableHighPerformanceOscillator
                0x08000bcc       0x50 ./Libraries/XMCLib/src/xmc4_scu.o
                0x08000bcc                XMC_SCU_CLOCK_EnableHighPerformanceOscillator
 .text.XMC_SCU_CLOCK_IsHighPerformanceOscillatorStable
                0x08000c1c       0x28 ./Libraries/XMCLib/src/xmc4_scu.o
                0x08000c1c                XMC_SCU_CLOCK_IsHighPerformanceOscillatorStable
 .text.XMC_SCU_CLOCK_EnableSystemPll
                0x08000c44       0x20 ./Libraries/XMCLib/src/xmc4_scu.o
                0x08000c44                XMC_SCU_CLOCK_EnableSystemPll
 .text.XMC_SCU_CLOCK_DisableSystemPll
                0x08000c64       0x20 ./Libraries/XMCLib/src/xmc4_scu.o
                0x08000c64                XMC_SCU_CLOCK_DisableSystemPll
 .text.XMC_SCU_CLOCK_StartSystemPll
                0x08000c84      0x174 ./Libraries/XMCLib/src/xmc4_scu.o
                0x08000c84                XMC_SCU_CLOCK_StartSystemPll
 .text.XMC_SCU_CLOCK_StepSystemPllFrequency
                0x08000df8       0x2c ./Libraries/XMCLib/src/xmc4_scu.o
                0x08000df8                XMC_SCU_CLOCK_StepSystemPllFrequency
 .text.XMC_CCU4_StartPrescaler
                0x08000e24       0x1c ./Libraries/XMCLib/src/xmc_ccu4.o
 .text.XMC_CCU4_lDeassertReset
                0x08000e40       0x60 ./Libraries/XMCLib/src/xmc_ccu4.o
 .text.XMC_CCU4_lUngateClock
                0x08000ea0       0x60 ./Libraries/XMCLib/src/xmc_ccu4.o
 .text.XMC_CCU4_EnableModule
                0x08000f00       0x20 ./Libraries/XMCLib/src/xmc_ccu4.o
                0x08000f00                XMC_CCU4_EnableModule
 .text.XMC_CCU4_Init
                0x08000f20       0x3c ./Libraries/XMCLib/src/xmc_ccu4.o
                0x08000f20                XMC_CCU4_Init
 .text.XMC_CCU4_SLICE_CompareInit
                0x08000f5c       0x6c ./Libraries/XMCLib/src/xmc_ccu4.o
                0x08000f5c                XMC_CCU4_SLICE_CompareInit
 .text.XMC_CCU4_SLICE_SetInterruptNode
                0x08000fc8       0xb0 ./Libraries/XMCLib/src/xmc_ccu4.o
                0x08000fc8                XMC_CCU4_SLICE_SetInterruptNode
 .text.XMC_ETH_MAC_Reset
                0x08001078       0x40 ./Libraries/XMCLib/src/xmc_eth_mac.o
 .text.XMC_SCU_CLOCK_GetSystemClockFrequency
                0x080010b8       0x28 ./Libraries/XMCLib/src/xmc_eth_mac.o
 .text.XMC_SCU_CLOCK_GetEthernetClockFrequency
                0x080010e0       0x10 ./Libraries/XMCLib/src/xmc_eth_mac.o
 .text.XCM_ETH_MAC_IsNormalEvent
                0x080010f0       0x28 ./Libraries/XMCLib/src/xmc_eth_mac.o
 .text.XCM_ETH_MAC_IsAbnormalEvent
                0x08001118       0x28 ./Libraries/XMCLib/src/xmc_eth_mac.o
 .text.XMC_ETH_MAC_InitEx
                0x08001140       0x98 ./Libraries/XMCLib/src/xmc_eth_mac.o
                0x08001140                XMC_ETH_MAC_InitEx
 .text.XMC_ETH_MAC_InitRxDescriptors
                0x080011d8       0xb0 ./Libraries/XMCLib/src/xmc_eth_mac.o
                0x080011d8                XMC_ETH_MAC_InitRxDescriptors
 .text.XMC_ETH_MAC_InitTxDescriptors
                0x08001288       0xa0 ./Libraries/XMCLib/src/xmc_eth_mac.o
                0x08001288                XMC_ETH_MAC_InitTxDescriptors
 .text.XMC_ETH_MAC_GetRxFrameSize
                0x08001328       0x70 ./Libraries/XMCLib/src/xmc_eth_mac.o
                0x08001328                XMC_ETH_MAC_GetRxFrameSize
 .text.XMC_ETH_MAC_SetManagmentClockDivider
                0x08001398       0xa0 ./Libraries/XMCLib/src/xmc_eth_mac.o
                0x08001398                XMC_ETH_MAC_SetManagmentClockDivider
 .text.XMC_ETH_MAC_Enable
                0x08001438       0x24 ./Libraries/XMCLib/src/xmc_eth_mac.o
                0x08001438                XMC_ETH_MAC_Enable
 .text.XMC_ETH_MAC_ReadPhy
                0x0800145c       0x74 ./Libraries/XMCLib/src/xmc_eth_mac.o
                0x0800145c                XMC_ETH_MAC_ReadPhy
 .text.XMC_ETH_MAC_WritePhy
                0x080014d0       0x78 ./Libraries/XMCLib/src/xmc_eth_mac.o
                0x080014d0                XMC_ETH_MAC_WritePhy
 .text.XMC_ETH_MAC_EnableEvent
                0x08001548       0x70 ./Libraries/XMCLib/src/xmc_eth_mac.o
                0x08001548                XMC_ETH_MAC_EnableEvent
 .text.XMC_ETH_MAC_DisableEvent
                0x080015b8       0x4c ./Libraries/XMCLib/src/xmc_eth_mac.o
                0x080015b8                XMC_ETH_MAC_DisableEvent
 .text.XMC_ETH_MAC_ClearEventStatus
                0x08001604       0x60 ./Libraries/XMCLib/src/xmc_eth_mac.o
                0x08001604                XMC_ETH_MAC_ClearEventStatus
 .text.XMC_ETH_MAC_ReturnRxDescriptor
                0x08001664       0x60 ./Libraries/XMCLib/src/xmc_eth_mac.o
                0x08001664                XMC_ETH_MAC_ReturnRxDescriptor
 .text.XMC_ETH_MAC_ReturnTxDescriptor
                0x080016c4       0x74 ./Libraries/XMCLib/src/xmc_eth_mac.o
                0x080016c4                XMC_ETH_MAC_ReturnTxDescriptor
 .text.XMC_GPIO_SetMode
                0x08001738       0x80 ./Libraries/XMCLib/src/xmc_gpio.o
                0x08001738                XMC_GPIO_SetMode
 .text.XMC_GPIO_SetHardwareControl
                0x080017b8       0x44 ./Libraries/XMCLib/src/xmc_gpio.o
                0x080017b8                XMC_GPIO_SetHardwareControl
 .text.XMC_USIC_CH_GetTransmitBufferStatus
                0x080017fc       0x20 ./Libraries/XMCLib/src/xmc_spi.o
 .text.XMC_USIC_CH_SetMode
                0x0800181c       0x28 ./Libraries/XMCLib/src/xmc_spi.o
 .text.XMC_SPI_CH_Init
                0x08001844       0x80 ./Libraries/XMCLib/src/xmc_spi.o
                0x08001844                XMC_SPI_CH_Init
 .text.XMC_SPI_CH_SetBaudrate
                0x080018c4       0x3c ./Libraries/XMCLib/src/xmc_spi.o
                0x080018c4                XMC_SPI_CH_SetBaudrate
 .text.XMC_SPI_CH_GetReceivedData
                0x08001900       0x34 ./Libraries/XMCLib/src/xmc_spi.o
                0x08001900                XMC_SPI_CH_GetReceivedData
 .text.XMC_SPI_CH_Stop
                0x08001934       0x34 ./Libraries/XMCLib/src/xmc_spi.o
                0x08001934                XMC_SPI_CH_Stop
 .text.XMC_USIC_CH_GetTransmitBufferStatus
                0x08001968       0x20 ./Libraries/XMCLib/src/xmc_uart.o
 .text.XMC_UART_CH_ClearStatusFlag
                0x08001988       0x1c ./Libraries/XMCLib/src/xmc_uart.o
 .text.XMC_UART_CH_Init
                0x080019a4       0xc8 ./Libraries/XMCLib/src/xmc_uart.o
                0x080019a4                XMC_UART_CH_Init
 .text.XMC_UART_CH_Transmit
                0x08001a6c       0x4c ./Libraries/XMCLib/src/xmc_uart.o
                0x08001a6c                XMC_UART_CH_Transmit
 .text.XMC_UART_CH_GetReceivedData
                0x08001ab8       0x34 ./Libraries/XMCLib/src/xmc_uart.o
                0x08001ab8                XMC_UART_CH_GetReceivedData
 .text.XMC_USIC_CH_Enable
                0x08001aec       0x98 ./Libraries/XMCLib/src/xmc_usic.o
                0x08001aec                XMC_USIC_CH_Enable
 .text.XMC_USIC_CH_SetBaudrate
                0x08001b84       0xe0 ./Libraries/XMCLib/src/xmc_usic.o
                0x08001b84                XMC_USIC_CH_SetBaudrate
 .text.XMC_USIC_CH_SetBaudrateEx
                0x08001c64      0x100 ./Libraries/XMCLib/src/xmc_usic.o
                0x08001c64                XMC_USIC_CH_SetBaudrateEx
 .text.XMC_USIC_CH_TXFIFO_Configure
                0x08001d64       0x50 ./Libraries/XMCLib/src/xmc_usic.o
                0x08001d64                XMC_USIC_CH_TXFIFO_Configure
 .text.XMC_USIC_CH_RXFIFO_Configure
                0x08001db4       0x54 ./Libraries/XMCLib/src/xmc_usic.o
                0x08001db4                XMC_USIC_CH_RXFIFO_Configure
 .text.XMC_USIC_CH_SetInterruptNodePointer
                0x08001e08       0x38 ./Libraries/XMCLib/src/xmc_usic.o
                0x08001e08                XMC_USIC_CH_SetInterruptNodePointer
 .text.XMC_USIC_Enable
                0x08001e40       0xc0 ./Libraries/XMCLib/src/xmc_usic.o
                0x08001e40                XMC_USIC_Enable
 .text._sbrk    0x08001f00       0x68 ./Libraries/Newlib/syscalls.o
                0x08001f00                _sbrk
 .text._init    0x08001f68        0xc ./Libraries/Newlib/syscalls.o
                0x08001f68                _init
 .text.XMC_USIC_CH_DisableEvent
                0x08001f74       0x24 ./Dave/Generated/UART/uart.o
 .text.XMC_USIC_CH_GetTransmitBufferStatus
                0x08001f98       0x20 ./Dave/Generated/UART/uart.o
 .text.XMC_USIC_CH_TXFIFO_DisableEvent
                0x08001fb8       0x28 ./Dave/Generated/UART/uart.o
 .text.XMC_USIC_CH_TXFIFO_IsFull
                0x08001fe0       0x28 ./Dave/Generated/UART/uart.o
 .text.XMC_USIC_CH_TXFIFO_IsEmpty
                0x08002008       0x28 ./Dave/Generated/UART/uart.o
 .text.XMC_USIC_CH_RXFIFO_Flush
                0x08002030       0x1c ./Dave/Generated/UART/uart.o
 .text.XMC_USIC_CH_RXFIFO_IsEmpty
                0x0800204c       0x28 ./Dave/Generated/UART/uart.o
 .text.XMC_UART_CH_GetStatusFlag
                0x08002074       0x18 ./Dave/Generated/UART/uart.o
 .text.XMC_UART_CH_ClearStatusFlag
                0x0800208c       0x1c ./Dave/Generated/UART/uart.o
 .text.UART_Init
                0x080020a8       0x24 ./Dave/Generated/UART/uart.o
                0x080020a8                UART_Init
 .text.UART_Receive
                0x080020cc       0x38 ./Dave/Generated/UART/uart.o
                0x080020cc                UART_Receive
 .text.UART_lStartReceivePolling
                0x08002104       0xe4 ./Dave/Generated/UART/uart.o
 .text.UART_lTransmitHandler
                0x080021e8      0x10c ./Dave/Generated/UART/uart.o
                0x080021e8                UART_lTransmitHandler
 .text.__NVIC_GetPriorityGrouping
                0x080022f4       0x1c ./Dave/Generated/UART/uart_conf.o
 .text.__NVIC_EnableIRQ
                0x08002310       0x38 ./Dave/Generated/UART/uart_conf.o
 .text.__NVIC_SetPriority
                0x08002348       0x54 ./Dave/Generated/UART/uart_conf.o
 .text.NVIC_EncodePriority
                0x0800239c       0x64 ./Dave/Generated/UART/uart_conf.o
 .text.XMC_USIC_CH_SetInputSource
                0x08002400       0x3c ./Dave/Generated/UART/uart_conf.o
 .text.XMC_USIC_CH_EnableEvent
                0x0800243c       0x20 ./Dave/Generated/UART/uart_conf.o
 .text.XMC_UART_CH_Start
                0x0800245c       0x24 ./Dave/Generated/UART/uart_conf.o
 .text.UART_0_init
                0x08002480       0xb0 ./Dave/Generated/UART/uart_conf.o
                0x08002480                UART_0_init
 .text.USIC1_0_IRQHandler
                0x08002530       0x10 ./Dave/Generated/UART/uart_conf.o
                0x08002530                USIC1_0_IRQHandler
 .text.XMC_CCU4_EnableClock
                0x08002540       0x20 ./Dave/Generated/TIMER/timer.o
 .text.XMC_CCU4_SLICE_StartTimer
                0x08002560       0x18 ./Dave/Generated/TIMER/timer.o
 .text.XMC_CCU4_SLICE_ClearTimer
                0x08002578       0x18 ./Dave/Generated/TIMER/timer.o
 .text.XMC_CCU4_SLICE_SetTimerPeriodMatch
                0x08002590       0x1c ./Dave/Generated/TIMER/timer.o
 .text.XMC_CCU4_SLICE_SetTimerCompareMatch
                0x080025ac       0x1c ./Dave/Generated/TIMER/timer.o
 .text.XMC_CCU4_EnableShadowTransfer
                0x080025c8       0x1c ./Dave/Generated/TIMER/timer.o
 .text.XMC_CCU4_SLICE_EnableEvent
                0x080025e4       0x2c ./Dave/Generated/TIMER/timer.o
 .text.TIMER_Init
                0x08002610       0x3c ./Dave/Generated/TIMER/timer.o
                0x08002610                TIMER_Init
 .text.TIMER_CCU4_lInit
                0x0800264c       0x98 ./Dave/Generated/TIMER/timer.o
                0x0800264c                TIMER_CCU4_lInit
 .text.TIMER_CCU4_lShadowTransfer
                0x080026e4       0x3c ./Dave/Generated/TIMER/timer.o
                0x080026e4                TIMER_CCU4_lShadowTransfer
 .text.__NVIC_GetPriorityGrouping
                0x08002720       0x1c ./Dave/Generated/SYSTIMER/systimer.o
 .text.__NVIC_SetPriority
                0x0800273c       0x54 ./Dave/Generated/SYSTIMER/systimer.o
 .text.NVIC_EncodePriority
                0x08002790       0x64 ./Dave/Generated/SYSTIMER/systimer.o
 .text.SysTick_Config
                0x080027f4       0x44 ./Dave/Generated/SYSTIMER/systimer.o
 .text.SYSTIMER_lInsertTimerList
                0x08002838      0x1c4 ./Dave/Generated/SYSTIMER/systimer.o
 .text.SYSTIMER_lRemoveTimerList
                0x080029fc       0xc0 ./Dave/Generated/SYSTIMER/systimer.o
 .text.SYSTIMER_lTimerHandler
                0x08002abc       0xcc ./Dave/Generated/SYSTIMER/systimer.o
 .text.SysTick_Handler
                0x08002b88       0x48 ./Dave/Generated/SYSTIMER/systimer.o
                0x08002b88                SysTick_Handler
 .text.SYSTIMER_Init
                0x08002bd0       0x74 ./Dave/Generated/SYSTIMER/systimer.o
                0x08002bd0                SYSTIMER_Init
 .text.SYSTIMER_GetTickCount
                0x08002c44       0x18 ./Dave/Generated/SYSTIMER/systimer.o
                0x08002c44                SYSTIMER_GetTickCount
 .text.XMC_USIC_CH_WriteToTBUFTCI
                0x08002c5c       0x24 ./Dave/Generated/SPI_MASTER/spi_master.o
 .text.XMC_USIC_CH_GetTransmitBufferStatus
                0x08002c80       0x20 ./Dave/Generated/SPI_MASTER/spi_master.o
 .text.XMC_USIC_CH_GetReceiveBufferStatus
                0x08002ca0       0x1c ./Dave/Generated/SPI_MASTER/spi_master.o
 .text.XMC_USIC_CH_TXFIFO_PutDataHPCMode
                0x08002cbc       0x24 ./Dave/Generated/SPI_MASTER/spi_master.o
 .text.XMC_USIC_CH_RXFIFO_Flush
                0x08002ce0       0x1c ./Dave/Generated/SPI_MASTER/spi_master.o
 .text.XMC_USIC_CH_RXFIFO_IsEmpty
                0x08002cfc       0x28 ./Dave/Generated/SPI_MASTER/spi_master.o
 .text.XMC_USIC_CH_RXFIFO_ClearEvent
                0x08002d24       0x1c ./Dave/Generated/SPI_MASTER/spi_master.o
 .text.XMC_USIC_CH_ConfigureShiftClockOutput
                0x08002d40       0x2c ./Dave/Generated/SPI_MASTER/spi_master.o
 .text.XMC_USIC_CH_SetMode
                0x08002d6c       0x28 ./Dave/Generated/SPI_MASTER/spi_master.o
 .text.XMC_SPI_CH_Start
                0x08002d94       0x18 ./Dave/Generated/SPI_MASTER/spi_master.o
 .text.XMC_SPI_CH_SetTransmitMode
                0x08002dac       0x2c ./Dave/Generated/SPI_MASTER/spi_master.o
 .text.XMC_SPI_CH_ClearStatusFlag
                0x08002dd8       0x20 ./Dave/Generated/SPI_MASTER/spi_master.o
 .text.XMC_SPI_CH_SetSlaveSelectDelay
                0x08002df8       0x2c ./Dave/Generated/SPI_MASTER/spi_master.o
 .text.XMC_SPI_CH_ConfigureShiftClockOutput
                0x08002e24       0x1c ./Dave/Generated/SPI_MASTER/spi_master.o
 .text.SPI_MASTER_Init
                0x08002e40       0x20 ./Dave/Generated/SPI_MASTER/spi_master.o
                0x08002e40                SPI_MASTER_Init
 .text.SPI_MASTER_SetBaudRate
                0x08002e60       0xac ./Dave/Generated/SPI_MASTER/spi_master.o
                0x08002e60                SPI_MASTER_SetBaudRate
 .text.SPI_MASTER_Transfer
                0x08002f0c       0xb8 ./Dave/Generated/SPI_MASTER/spi_master.o
                0x08002f0c                SPI_MASTER_Transfer
 .text.SPI_MASTER_lReceivePolling
                0x08002fc4      0x400 ./Dave/Generated/SPI_MASTER/spi_master.o
 .text.SPI_MASTER_lStdRBUFFlush
                0x080033c4       0x1c ./Dave/Generated/SPI_MASTER/spi_master.o
 .text.SPI_MASTER_lPortModeSet
                0x080033e0      0x1a8 ./Dave/Generated/SPI_MASTER/spi_master.o
 .text.SPI_MASTER_lPortModeReset
                0x08003588      0x15c ./Dave/Generated/SPI_MASTER/spi_master.o
 .text.XMC_USIC_CH_SetInputSource
                0x080036e4       0x3c ./Dave/Generated/SPI_MASTER/spi_master_conf.o
 .text.XMC_USIC_CH_SetWordLength
                0x08003720       0x2c ./Dave/Generated/SPI_MASTER/spi_master_conf.o
 .text.XMC_USIC_CH_SetFrameLength
                0x0800374c       0x2c ./Dave/Generated/SPI_MASTER/spi_master_conf.o
 .text.XMC_USIC_CH_ConfigureShiftClockOutput
                0x08003778       0x2c ./Dave/Generated/SPI_MASTER/spi_master_conf.o
 .text.XMC_USIC_CH_SetMode
                0x080037a4       0x28 ./Dave/Generated/SPI_MASTER/spi_master_conf.o
 .text.XMC_SPI_CH_Start
                0x080037cc       0x18 ./Dave/Generated/SPI_MASTER/spi_master_conf.o
 .text.XMC_SPI_CH_SetBitOrderMsbFirst
                0x080037e4       0x20 ./Dave/Generated/SPI_MASTER/spi_master_conf.o
 .text.XMC_SPI_CH_SetSlaveSelectDelay
                0x08003804       0x2c ./Dave/Generated/SPI_MASTER/spi_master_conf.o
 .text.XMC_SPI_CH_ConfigureShiftClockOutput
                0x08003830       0x1c ./Dave/Generated/SPI_MASTER/spi_master_conf.o
 .text.XMC_SPI_CH_SetWordLength
                0x0800384c       0x1c ./Dave/Generated/SPI_MASTER/spi_master_conf.o
 .text.XMC_SPI_CH_SetFrameLength
                0x08003868       0x1c ./Dave/Generated/SPI_MASTER/spi_master_conf.o
 .text.XMC_SPI_CH_SetInputSource
                0x08003884       0x44 ./Dave/Generated/SPI_MASTER/spi_master_conf.o
 .text.SPI_MASTER_0_lInit
                0x080038c8       0xb4 ./Dave/Generated/SPI_MASTER/spi_master_conf.o
 .text.__NVIC_GetPriorityGrouping
                0x0800397c       0x1c ./Dave/Generated/INTERRUPT/interrupt.o
 .text.__NVIC_EnableIRQ
                0x08003998       0x38 ./Dave/Generated/INTERRUPT/interrupt.o
 .text.__NVIC_SetPriority
                0x080039d0       0x54 ./Dave/Generated/INTERRUPT/interrupt.o
 .text.NVIC_EncodePriority
                0x08003a24       0x64 ./Dave/Generated/INTERRUPT/interrupt.o
 .text.INTERRUPT_Enable
                0x08003a88       0x1c ./Dave/Generated/INTERRUPT/interrupt.o
 .text.INTERRUPT_Init
                0x08003aa4       0x4c ./Dave/Generated/INTERRUPT/interrupt.o
                0x08003aa4                INTERRUPT_Init
 .text.XMC_CCU4_StartPrescaler
                0x08003af0       0x1c ./Dave/Generated/GLOBAL_CCU4/global_ccu4.o
 .text.GLOBAL_CCU4_Init
                0x08003b0c       0x40 ./Dave/Generated/GLOBAL_CCU4/global_ccu4.o
                0x08003b0c                GLOBAL_CCU4_Init
 .text.__NVIC_GetPriorityGrouping
                0x08003b4c       0x1c ./Dave/Generated/ETH_LWIP/lwip/port/netif/ethernetif.o
 .text.__NVIC_EnableIRQ
                0x08003b68       0x38 ./Dave/Generated/ETH_LWIP/lwip/port/netif/ethernetif.o
 .text.__NVIC_DisableIRQ
                0x08003ba0       0x44 ./Dave/Generated/ETH_LWIP/lwip/port/netif/ethernetif.o
 .text.__NVIC_ClearPendingIRQ
                0x08003be4       0x3c ./Dave/Generated/ETH_LWIP/lwip/port/netif/ethernetif.o
 .text.__NVIC_SetPriority
                0x08003c20       0x54 ./Dave/Generated/ETH_LWIP/lwip/port/netif/ethernetif.o
 .text.NVIC_EncodePriority
                0x08003c74       0x64 ./Dave/Generated/ETH_LWIP/lwip/port/netif/ethernetif.o
 .text.XMC_ETH_MAC_SetPortControl
                0x08003cd8       0x20 ./Dave/Generated/ETH_LWIP/lwip/port/netif/ethernetif.o
 .text.XMC_ETH_MAC_SetAddress
                0x08003cf8       0x2c ./Dave/Generated/ETH_LWIP/lwip/port/netif/ethernetif.o
 .text.XMC_ETH_MAC_EnableReceptionBroadcastFrames
                0x08003d24       0x24 ./Dave/Generated/ETH_LWIP/lwip/port/netif/ethernetif.o
 .text.XMC_ETH_MAC_DisableJumboFrame
                0x08003d48       0x24 ./Dave/Generated/ETH_LWIP/lwip/port/netif/ethernetif.o
 .text.XMC_ETH_MAC_SetLink
                0x08003d6c       0x34 ./Dave/Generated/ETH_LWIP/lwip/port/netif/ethernetif.o
 .text.XMC_ETH_MAC_IsRxDescriptorOwnedByDma
                0x08003da0       0x28 ./Dave/Generated/ETH_LWIP/lwip/port/netif/ethernetif.o
 .text.XMC_ETH_MAC_IsTxDescriptorOwnedByDma
                0x08003dc8       0x28 ./Dave/Generated/ETH_LWIP/lwip/port/netif/ethernetif.o
 .text.XMC_ETH_MAC_EnableRx
                0x08003df0       0x40 ./Dave/Generated/ETH_LWIP/lwip/port/netif/ethernetif.o
 .text.XMC_ETH_MAC_DisableRx
                0x08003e30       0x40 ./Dave/Generated/ETH_LWIP/lwip/port/netif/ethernetif.o
 .text.XMC_ETH_MAC_EnableTx
                0x08003e70       0x40 ./Dave/Generated/ETH_LWIP/lwip/port/netif/ethernetif.o
 .text.XMC_ETH_MAC_DisableTx
                0x08003eb0       0x40 ./Dave/Generated/ETH_LWIP/lwip/port/netif/ethernetif.o
 .text.XMC_ETH_MAC_ResumeTx
                0x08003ef0       0x30 ./Dave/Generated/ETH_LWIP/lwip/port/netif/ethernetif.o
 .text.XMC_ETH_MAC_ResumeRx
                0x08003f20       0x30 ./Dave/Generated/ETH_LWIP/lwip/port/netif/ethernetif.o
 .text.XMC_ETH_MAC_GetTxBuffer
                0x08003f50       0x24 ./Dave/Generated/ETH_LWIP/lwip/port/netif/ethernetif.o
 .text.XMC_ETH_MAC_GetRxBuffer
                0x08003f74       0x24 ./Dave/Generated/ETH_LWIP/lwip/port/netif/ethernetif.o
 .text.XMC_ETH_MAC_SetTxBufferSize
                0x08003f98       0x28 ./Dave/Generated/ETH_LWIP/lwip/port/netif/ethernetif.o
 .text.ethernetif_link_callback
                0x08003fc0       0xec ./Dave/Generated/ETH_LWIP/lwip/port/netif/ethernetif.o
 .text.ethernetif_link_status
                0x080040ac       0x60 ./Dave/Generated/ETH_LWIP/lwip/port/netif/ethernetif.o
 .text.low_level_init
                0x0800410c      0x164 ./Dave/Generated/ETH_LWIP/lwip/port/netif/ethernetif.o
 .text.low_level_output
                0x08004270       0xa8 ./Dave/Generated/ETH_LWIP/lwip/port/netif/ethernetif.o
 .text.low_level_input
                0x08004318       0xcc ./Dave/Generated/ETH_LWIP/lwip/port/netif/ethernetif.o
 .text.ethernetif_input
                0x080043e4       0x80 ./Dave/Generated/ETH_LWIP/lwip/port/netif/ethernetif.o
 .text.ethernetif_init
                0x08004464       0x80 ./Dave/Generated/ETH_LWIP/lwip/port/netif/ethernetif.o
                0x08004464                ethernetif_init
 .text.ETH_LWIP_UserIRQ
                0x080044e4        0xc ./Dave/Generated/ETH_LWIP/lwip/port/netif/ethernetif.o
                0x080044e4                ETH_LWIP_UserIRQ
 .text.ETH0_0_IRQHandler
                0x080044f0       0x20 ./Dave/Generated/ETH_LWIP/lwip/port/netif/ethernetif.o
                0x080044f0                ETH0_0_IRQHandler
 .text.ETH_LWIP_Error
                0x08004510       0x24 ./Dave/Generated/ETH_LWIP/lwip/port/netif/ethernetif.o
                0x08004510                ETH_LWIP_Error
 .text.memcpy   0x08004534       0x40 ./Dave/Generated/ETH_LWIP/lwip/port/memcpy.o
                0x08004534                memcpy
 .text.sys_now  0x08004574       0x10 ./Dave/Generated/ETH_LWIP/lwip/port/sys_arch.o
                0x08004574                sys_now
 .text.ethernet_input
                0x08004584      0x118 ./Dave/Generated/ETH_LWIP/lwip/netif/ethernet.o
                0x08004584                ethernet_input
 .text.ethernet_output
                0x0800469c       0x6c ./Dave/Generated/ETH_LWIP/lwip/netif/ethernet.o
                0x0800469c                ethernet_output
 .text.etharp_free_entry
                0x08004708       0x64 ./Dave/Generated/ETH_LWIP/lwip/core/ipv4/etharp.o
 .text.etharp_tmr
                0x0800476c      0x150 ./Dave/Generated/ETH_LWIP/lwip/core/ipv4/etharp.o
                0x0800476c                etharp_tmr
 .text.etharp_find_entry
                0x080048bc      0x240 ./Dave/Generated/ETH_LWIP/lwip/core/ipv4/etharp.o
 .text.etharp_update_arp_entry
                0x08004afc      0x128 ./Dave/Generated/ETH_LWIP/lwip/core/ipv4/etharp.o
 .text.etharp_cleanup_netif
                0x08004c24       0x5c ./Dave/Generated/ETH_LWIP/lwip/core/ipv4/etharp.o
                0x08004c24                etharp_cleanup_netif
 .text.etharp_input
                0x08004c80      0x108 ./Dave/Generated/ETH_LWIP/lwip/core/ipv4/etharp.o
                0x08004c80                etharp_input
 .text.etharp_output_to_arp_index
                0x08004d88      0x104 ./Dave/Generated/ETH_LWIP/lwip/core/ipv4/etharp.o
 .text.etharp_output
                0x08004e8c      0x1b0 ./Dave/Generated/ETH_LWIP/lwip/core/ipv4/etharp.o
                0x08004e8c                etharp_output
 .text.etharp_query
                0x0800503c      0x1e0 ./Dave/Generated/ETH_LWIP/lwip/core/ipv4/etharp.o
                0x0800503c                etharp_query
 .text.etharp_raw
                0x0800521c       0xc8 ./Dave/Generated/ETH_LWIP/lwip/core/ipv4/etharp.o
 .text.etharp_request_dst
                0x080052e4       0x44 ./Dave/Generated/ETH_LWIP/lwip/core/ipv4/etharp.o
 .text.etharp_request
                0x08005328       0x24 ./Dave/Generated/ETH_LWIP/lwip/core/ipv4/etharp.o
                0x08005328                etharp_request
 .text.icmp_input
                0x0800534c      0x1c8 ./Dave/Generated/ETH_LWIP/lwip/core/ipv4/icmp.o
                0x0800534c                icmp_input
 .text.icmp_dest_unreach
                0x08005514       0x20 ./Dave/Generated/ETH_LWIP/lwip/core/ipv4/icmp.o
                0x08005514                icmp_dest_unreach
 .text.icmp_send_response
                0x08005534       0xb0 ./Dave/Generated/ETH_LWIP/lwip/core/ipv4/icmp.o
 .text.ip4_route
                0x080055e4       0xd8 ./Dave/Generated/ETH_LWIP/lwip/core/ipv4/ip4.o
                0x080055e4                ip4_route
 .text.ip4_input_accept
                0x080056bc       0x54 ./Dave/Generated/ETH_LWIP/lwip/core/ipv4/ip4.o
 .text.ip4_input
                0x08005710      0x258 ./Dave/Generated/ETH_LWIP/lwip/core/ipv4/ip4.o
                0x08005710                ip4_input
 .text.ip4_output_if
                0x08005968       0x54 ./Dave/Generated/ETH_LWIP/lwip/core/ipv4/ip4.o
                0x08005968                ip4_output_if
 .text.ip4_output_if_src
                0x080059bc       0xfc ./Dave/Generated/ETH_LWIP/lwip/core/ipv4/ip4.o
                0x080059bc                ip4_output_if_src
 .text.ip4_addr_isbroadcast_u32
                0x08005ab8       0x84 ./Dave/Generated/ETH_LWIP/lwip/core/ipv4/ip4_addr.o
                0x08005ab8                ip4_addr_isbroadcast_u32
 .text.lwip_htons
                0x08005b3c       0x2c ./Dave/Generated/ETH_LWIP/lwip/core/def.o
                0x08005b3c                lwip_htons
 .text.lwip_htonl
                0x08005b68       0x34 ./Dave/Generated/ETH_LWIP/lwip/core/def.o
                0x08005b68                lwip_htonl
 .text.lwip_init
                0x08005b9c       0x28 ./Dave/Generated/ETH_LWIP/lwip/core/init.o
                0x08005b9c                lwip_init
 .text.ptr_to_mem
                0x08005bc4       0x24 ./Dave/Generated/ETH_LWIP/lwip/core/mem.o
 .text.mem_to_ptr
                0x08005be8       0x24 ./Dave/Generated/ETH_LWIP/lwip/core/mem.o
 .text.plug_holes
                0x08005c0c       0xc8 ./Dave/Generated/ETH_LWIP/lwip/core/mem.o
 .text.mem_init
                0x08005cd4       0x78 ./Dave/Generated/ETH_LWIP/lwip/core/mem.o
                0x08005cd4                mem_init
 .text.mem_link_valid
                0x08005d4c       0x78 ./Dave/Generated/ETH_LWIP/lwip/core/mem.o
 .text.mem_free
                0x08005dc4       0x84 ./Dave/Generated/ETH_LWIP/lwip/core/mem.o
                0x08005dc4                mem_free
 .text.mem_trim
                0x08005e48      0x180 ./Dave/Generated/ETH_LWIP/lwip/core/mem.o
                0x08005e48                mem_trim
 .text.mem_malloc
                0x08005fc8      0x14c ./Dave/Generated/ETH_LWIP/lwip/core/mem.o
                0x08005fc8                mem_malloc
 .text.memp_init_pool
                0x08006114       0x5c ./Dave/Generated/ETH_LWIP/lwip/core/memp.o
                0x08006114                memp_init_pool
 .text.memp_init
                0x08006170       0x30 ./Dave/Generated/ETH_LWIP/lwip/core/memp.o
                0x08006170                memp_init
 .text.do_memp_malloc_pool
                0x080061a0       0x34 ./Dave/Generated/ETH_LWIP/lwip/core/memp.o
 .text.memp_malloc
                0x080061d4       0x34 ./Dave/Generated/ETH_LWIP/lwip/core/memp.o
                0x080061d4                memp_malloc
 .text.do_memp_free_pool
                0x08006208       0x2c ./Dave/Generated/ETH_LWIP/lwip/core/memp.o
 .text.memp_free
                0x08006234       0x38 ./Dave/Generated/ETH_LWIP/lwip/core/memp.o
                0x08006234                memp_free
 .text.netif_init
                0x0800626c        0xc ./Dave/Generated/ETH_LWIP/lwip/core/netif.o
                0x0800626c                netif_init
 .text.netif_add
                0x08006278      0x140 ./Dave/Generated/ETH_LWIP/lwip/core/netif.o
                0x08006278                netif_add
 .text.netif_do_ip_addr_changed
                0x080063b8       0x28 ./Dave/Generated/ETH_LWIP/lwip/core/netif.o
 .text.netif_do_set_ipaddr
                0x080063e0       0x60 ./Dave/Generated/ETH_LWIP/lwip/core/netif.o
 .text.netif_do_set_netmask
                0x08006440       0x40 ./Dave/Generated/ETH_LWIP/lwip/core/netif.o
 .text.netif_do_set_gw
                0x08006480       0x40 ./Dave/Generated/ETH_LWIP/lwip/core/netif.o
 .text.netif_set_addr
                0x080064c0       0x90 ./Dave/Generated/ETH_LWIP/lwip/core/netif.o
                0x080064c0                netif_set_addr
 .text.netif_set_default
                0x08006550       0x1c ./Dave/Generated/ETH_LWIP/lwip/core/netif.o
                0x08006550                netif_set_default
 .text.netif_set_up
                0x0800656c       0x40 ./Dave/Generated/ETH_LWIP/lwip/core/netif.o
                0x0800656c                netif_set_up
 .text.netif_issue_reports
                0x080065ac       0x60 ./Dave/Generated/ETH_LWIP/lwip/core/netif.o
 .text.netif_set_down
                0x0800660c       0x4c ./Dave/Generated/ETH_LWIP/lwip/core/netif.o
                0x0800660c                netif_set_down
 .text.netif_set_link_up
                0x08006658       0x50 ./Dave/Generated/ETH_LWIP/lwip/core/netif.o
                0x08006658                netif_set_link_up
 .text.netif_set_link_down
                0x080066a8       0x48 ./Dave/Generated/ETH_LWIP/lwip/core/netif.o
                0x080066a8                netif_set_link_down
 .text.netif_set_link_callback
                0x080066f0       0x20 ./Dave/Generated/ETH_LWIP/lwip/core/netif.o
                0x080066f0                netif_set_link_callback
 .text.netif_null_output_ip4
                0x08006710       0x1c ./Dave/Generated/ETH_LWIP/lwip/core/netif.o
 .text.netif_get_by_index
                0x0800672c       0x4c ./Dave/Generated/ETH_LWIP/lwip/core/netif.o
                0x0800672c                netif_get_by_index
 .text.pbuf_free_ooseq
                0x08006778       0x40 ./Dave/Generated/ETH_LWIP/lwip/core/pbuf.o
                0x08006778                pbuf_free_ooseq
 .text.pbuf_pool_is_empty
                0x080067b8       0x18 ./Dave/Generated/ETH_LWIP/lwip/core/pbuf.o
 .text.pbuf_init_alloced_pbuf
                0x080067d0       0x54 ./Dave/Generated/ETH_LWIP/lwip/core/pbuf.o
 .text.pbuf_alloc
                0x08006824      0x168 ./Dave/Generated/ETH_LWIP/lwip/core/pbuf.o
                0x08006824                pbuf_alloc
 .text.pbuf_alloc_reference
                0x0800698c       0x44 ./Dave/Generated/ETH_LWIP/lwip/core/pbuf.o
                0x0800698c                pbuf_alloc_reference
 .text.pbuf_realloc
                0x080069d0       0xb4 ./Dave/Generated/ETH_LWIP/lwip/core/pbuf.o
                0x080069d0                pbuf_realloc
 .text.pbuf_add_header_impl
                0x08006a84       0xb8 ./Dave/Generated/ETH_LWIP/lwip/core/pbuf.o
 .text.pbuf_add_header
                0x08006b3c       0x20 ./Dave/Generated/ETH_LWIP/lwip/core/pbuf.o
                0x08006b3c                pbuf_add_header
 .text.pbuf_remove_header
                0x08006b5c       0x74 ./Dave/Generated/ETH_LWIP/lwip/core/pbuf.o
                0x08006b5c                pbuf_remove_header
 .text.pbuf_header_impl
                0x08006bd0       0x44 ./Dave/Generated/ETH_LWIP/lwip/core/pbuf.o
 .text.pbuf_header
                0x08006c14       0x24 ./Dave/Generated/ETH_LWIP/lwip/core/pbuf.o
                0x08006c14                pbuf_header
 .text.pbuf_header_force
                0x08006c38       0x24 ./Dave/Generated/ETH_LWIP/lwip/core/pbuf.o
                0x08006c38                pbuf_header_force
 .text.pbuf_free
                0x08006c5c       0x8c ./Dave/Generated/ETH_LWIP/lwip/core/pbuf.o
                0x08006c5c                pbuf_free
 .text.pbuf_clen
                0x08006ce8       0x30 ./Dave/Generated/ETH_LWIP/lwip/core/pbuf.o
                0x08006ce8                pbuf_clen
 .text.pbuf_ref
                0x08006d18       0x24 ./Dave/Generated/ETH_LWIP/lwip/core/pbuf.o
                0x08006d18                pbuf_ref
 .text.pbuf_cat
                0x08006d3c       0x5c ./Dave/Generated/ETH_LWIP/lwip/core/pbuf.o
                0x08006d3c                pbuf_cat
 .text.pbuf_chain
                0x08006d98       0x20 ./Dave/Generated/ETH_LWIP/lwip/core/pbuf.o
                0x08006d98                pbuf_chain
 .text.pbuf_copy
                0x08006db8      0x114 ./Dave/Generated/ETH_LWIP/lwip/core/pbuf.o
                0x08006db8                pbuf_copy
 .text.pbuf_copy_partial
                0x08006ecc       0xbc ./Dave/Generated/ETH_LWIP/lwip/core/pbuf.o
                0x08006ecc                pbuf_copy_partial
 .text.pbuf_clone
                0x08006f88       0x44 ./Dave/Generated/ETH_LWIP/lwip/core/pbuf.o
                0x08006f88                pbuf_clone
 .text.raw_input_local_match
                0x08006fcc       0x74 ./Dave/Generated/ETH_LWIP/lwip/core/raw.o
 .text.raw_input
                0x08007040       0xe0 ./Dave/Generated/ETH_LWIP/lwip/core/raw.o
                0x08007040                raw_input
 .text.raw_netif_ip_addr_changed
                0x08007120       0x5c ./Dave/Generated/ETH_LWIP/lwip/core/raw.o
                0x08007120                raw_netif_ip_addr_changed
 .text.tcp_init
                0x0800717c       0x24 ./Dave/Generated/ETH_LWIP/lwip/core/tcp.o
                0x0800717c                tcp_init
 .text.tcp_free
                0x080071a0       0x18 ./Dave/Generated/ETH_LWIP/lwip/core/tcp.o
                0x080071a0                tcp_free
 .text.tcp_free_listen
                0x080071b8       0x18 ./Dave/Generated/ETH_LWIP/lwip/core/tcp.o
 .text.tcp_tmr  0x080071d0       0x2c ./Dave/Generated/ETH_LWIP/lwip/core/tcp.o
                0x080071d0                tcp_tmr
 .text.tcp_remove_listener
                0x080071fc       0x38 ./Dave/Generated/ETH_LWIP/lwip/core/tcp.o
 .text.tcp_listen_closed
                0x08007234       0x38 ./Dave/Generated/ETH_LWIP/lwip/core/tcp.o
 .text.tcp_backlog_accepted
                0x0800726c       0x40 ./Dave/Generated/ETH_LWIP/lwip/core/tcp.o
                0x0800726c                tcp_backlog_accepted
 .text.tcp_close_shutdown
                0x080072ac      0x180 ./Dave/Generated/ETH_LWIP/lwip/core/tcp.o
 .text.tcp_close_shutdown_fin
                0x0800742c       0xb0 ./Dave/Generated/ETH_LWIP/lwip/core/tcp.o
 .text.tcp_close
                0x080074dc       0x3c ./Dave/Generated/ETH_LWIP/lwip/core/tcp.o
                0x080074dc                tcp_close
 .text.tcp_abandon
                0x08007518      0x14c ./Dave/Generated/ETH_LWIP/lwip/core/tcp.o
                0x08007518                tcp_abandon
 .text.tcp_abort
                0x08007664       0x18 ./Dave/Generated/ETH_LWIP/lwip/core/tcp.o
                0x08007664                tcp_abort
 .text.tcp_update_rcv_ann_wnd
                0x0800767c       0x80 ./Dave/Generated/ETH_LWIP/lwip/core/tcp.o
                0x0800767c                tcp_update_rcv_ann_wnd
 .text.tcp_recved
                0x080076fc       0x6c ./Dave/Generated/ETH_LWIP/lwip/core/tcp.o
                0x080076fc                tcp_recved
 .text.tcp_slowtmr
                0x08007768      0x550 ./Dave/Generated/ETH_LWIP/lwip/core/tcp.o
                0x08007768                tcp_slowtmr
 .text.tcp_fasttmr
                0x08007cb8       0xc4 ./Dave/Generated/ETH_LWIP/lwip/core/tcp.o
                0x08007cb8                tcp_fasttmr
 .text.tcp_process_refused_data
                0x08007d7c       0xdc ./Dave/Generated/ETH_LWIP/lwip/core/tcp.o
                0x08007d7c                tcp_process_refused_data
 .text.tcp_segs_free
                0x08007e58       0x28 ./Dave/Generated/ETH_LWIP/lwip/core/tcp.o
                0x08007e58                tcp_segs_free
 .text.tcp_seg_free
                0x08007e80       0x30 ./Dave/Generated/ETH_LWIP/lwip/core/tcp.o
                0x08007e80                tcp_seg_free
 .text.tcp_seg_copy
                0x08007eb0       0x38 ./Dave/Generated/ETH_LWIP/lwip/core/tcp.o
                0x08007eb0                tcp_seg_copy
 .text.tcp_recv_null
                0x08007ee8       0x50 ./Dave/Generated/ETH_LWIP/lwip/core/tcp.o
                0x08007ee8                tcp_recv_null
 .text.tcp_kill_prio
                0x08007f38       0x98 ./Dave/Generated/ETH_LWIP/lwip/core/tcp.o
 .text.tcp_kill_state
                0x08007fd0       0x6c ./Dave/Generated/ETH_LWIP/lwip/core/tcp.o
 .text.tcp_kill_timewait
                0x0800803c       0x5c ./Dave/Generated/ETH_LWIP/lwip/core/tcp.o
 .text.tcp_handle_closepend
                0x08008098       0x48 ./Dave/Generated/ETH_LWIP/lwip/core/tcp.o
 .text.tcp_alloc
                0x080080e0      0x108 ./Dave/Generated/ETH_LWIP/lwip/core/tcp.o
                0x080080e0                tcp_alloc
 .text.tcp_pcb_purge
                0x080081e8       0x8c ./Dave/Generated/ETH_LWIP/lwip/core/tcp.o
                0x080081e8                tcp_pcb_purge
 .text.tcp_pcb_remove
                0x08008274       0x98 ./Dave/Generated/ETH_LWIP/lwip/core/tcp.o
                0x08008274                tcp_pcb_remove
 .text.tcp_next_iss
                0x0800830c       0x30 ./Dave/Generated/ETH_LWIP/lwip/core/tcp.o
                0x0800830c                tcp_next_iss
 .text.tcp_eff_send_mss_netif
                0x0800833c       0x58 ./Dave/Generated/ETH_LWIP/lwip/core/tcp.o
                0x0800833c                tcp_eff_send_mss_netif
 .text.tcp_netif_ip_addr_changed_pcblist
                0x08008394       0x40 ./Dave/Generated/ETH_LWIP/lwip/core/tcp.o
 .text.tcp_netif_ip_addr_changed
                0x080083d4       0x78 ./Dave/Generated/ETH_LWIP/lwip/core/tcp.o
                0x080083d4                tcp_netif_ip_addr_changed
 .text.tcp_free_ooseq
                0x0800844c       0x28 ./Dave/Generated/ETH_LWIP/lwip/core/tcp.o
                0x0800844c                tcp_free_ooseq
 .text.tcp_input
                0x08008474      0x6b8 ./Dave/Generated/ETH_LWIP/lwip/core/tcp_in.o
                0x08008474                tcp_input
 .text.tcp_input_delayed_close
                0x08008b2c       0x60 ./Dave/Generated/ETH_LWIP/lwip/core/tcp_in.o
 .text.tcp_listen_input
                0x08008b8c      0x204 ./Dave/Generated/ETH_LWIP/lwip/core/tcp_in.o
 .text.tcp_timewait_input
                0x08008d90       0xd4 ./Dave/Generated/ETH_LWIP/lwip/core/tcp_in.o
 .text.tcp_process
                0x08008e64      0x73c ./Dave/Generated/ETH_LWIP/lwip/core/tcp_in.o
 .text.tcp_oos_insert_segment
                0x080095a0       0xf0 ./Dave/Generated/ETH_LWIP/lwip/core/tcp_in.o
 .text.tcp_free_acked_segments
                0x08009690       0xac ./Dave/Generated/ETH_LWIP/lwip/core/tcp_in.o
 .text.tcp_receive
                0x0800973c      0xd78 ./Dave/Generated/ETH_LWIP/lwip/core/tcp_in.o
 .text.tcp_get_next_optbyte
                0x0800a4b4       0x6c ./Dave/Generated/ETH_LWIP/lwip/core/tcp_in.o
 .text.tcp_parseopt
                0x0800a520       0xc4 ./Dave/Generated/ETH_LWIP/lwip/core/tcp_in.o
 .text.tcp_trigger_input_pcb_close
                0x0800a5e4       0x20 ./Dave/Generated/ETH_LWIP/lwip/core/tcp_in.o
                0x0800a5e4                tcp_trigger_input_pcb_close
 .text.tcp_route
                0x0800a604       0x38 ./Dave/Generated/ETH_LWIP/lwip/core/tcp_out.o
 .text.tcp_create_segment
                0x0800a63c       0xf0 ./Dave/Generated/ETH_LWIP/lwip/core/tcp_out.o
 .text.tcp_split_unsent_seg
                0x0800a72c      0x20c ./Dave/Generated/ETH_LWIP/lwip/core/tcp_out.o
                0x0800a72c                tcp_split_unsent_seg
 .text.tcp_send_fin
                0x0800a938       0x80 ./Dave/Generated/ETH_LWIP/lwip/core/tcp_out.o
                0x0800a938                tcp_send_fin
 .text.tcp_enqueue_flags
                0x0800a9b8      0x120 ./Dave/Generated/ETH_LWIP/lwip/core/tcp_out.o
                0x0800a9b8                tcp_enqueue_flags
 .text.tcp_output
                0x0800aad8      0x368 ./Dave/Generated/ETH_LWIP/lwip/core/tcp_out.o
                0x0800aad8                tcp_output
 .text.tcp_output_segment_busy
                0x0800ae40       0x24 ./Dave/Generated/ETH_LWIP/lwip/core/tcp_out.o
 .text.tcp_output_segment
                0x0800ae64      0x140 ./Dave/Generated/ETH_LWIP/lwip/core/tcp_out.o
 .text.tcp_rexmit_rto_prepare
                0x0800afa4       0xbc ./Dave/Generated/ETH_LWIP/lwip/core/tcp_out.o
                0x0800afa4                tcp_rexmit_rto_prepare
 .text.tcp_rexmit_rto_commit
                0x0800b060       0x30 ./Dave/Generated/ETH_LWIP/lwip/core/tcp_out.o
                0x0800b060                tcp_rexmit_rto_commit
 .text.tcp_rexmit_rto
                0x0800b090       0x20 ./Dave/Generated/ETH_LWIP/lwip/core/tcp_out.o
                0x0800b090                tcp_rexmit_rto
 .text.tcp_rexmit
                0x0800b0b0       0xb8 ./Dave/Generated/ETH_LWIP/lwip/core/tcp_out.o
                0x0800b0b0                tcp_rexmit
 .text.tcp_rexmit_fast
                0x0800b168       0xa0 ./Dave/Generated/ETH_LWIP/lwip/core/tcp_out.o
                0x0800b168                tcp_rexmit_fast
 .text.tcp_output_alloc_header_common
                0x0800b208       0xc0 ./Dave/Generated/ETH_LWIP/lwip/core/tcp_out.o
 .text.tcp_output_alloc_header
                0x0800b2c8       0x5c ./Dave/Generated/ETH_LWIP/lwip/core/tcp_out.o
 .text.tcp_output_fill_options
                0x0800b324       0x30 ./Dave/Generated/ETH_LWIP/lwip/core/tcp_out.o
 .text.tcp_output_control_segment
                0x0800b354       0x74 ./Dave/Generated/ETH_LWIP/lwip/core/tcp_out.o
 .text.tcp_rst  0x0800b3c8       0x68 ./Dave/Generated/ETH_LWIP/lwip/core/tcp_out.o
                0x0800b3c8                tcp_rst
 .text.tcp_send_empty_ack
                0x0800b430       0xa8 ./Dave/Generated/ETH_LWIP/lwip/core/tcp_out.o
                0x0800b430                tcp_send_empty_ack
 .text.tcp_keepalive
                0x0800b4d8       0x60 ./Dave/Generated/ETH_LWIP/lwip/core/tcp_out.o
                0x0800b4d8                tcp_keepalive
 .text.tcp_zero_window_probe
                0x0800b538      0x138 ./Dave/Generated/ETH_LWIP/lwip/core/tcp_out.o
                0x0800b538                tcp_zero_window_probe
 .text.tcpip_tcp_timer
                0x0800b670       0x44 ./Dave/Generated/ETH_LWIP/lwip/core/timeouts.o
 .text.tcp_timer_needed
                0x0800b6b4       0x40 ./Dave/Generated/ETH_LWIP/lwip/core/timeouts.o
                0x0800b6b4                tcp_timer_needed
 .text.sys_timeout_abs
                0x0800b6f4       0xac ./Dave/Generated/ETH_LWIP/lwip/core/timeouts.o
 .text.lwip_cyclic_timer
                0x0800b7a0       0x5c ./Dave/Generated/ETH_LWIP/lwip/core/timeouts.o
 .text.sys_timeouts_init
                0x0800b7fc       0x40 ./Dave/Generated/ETH_LWIP/lwip/core/timeouts.o
                0x0800b7fc                sys_timeouts_init
 .text.sys_timeout
                0x0800b83c       0x28 ./Dave/Generated/ETH_LWIP/lwip/core/timeouts.o
                0x0800b83c                sys_timeout
 .text.sys_check_timeouts
                0x0800b864       0x7c ./Dave/Generated/ETH_LWIP/lwip/core/timeouts.o
                0x0800b864                sys_check_timeouts
 .text.udp_init
                0x0800b8e0       0x24 ./Dave/Generated/ETH_LWIP/lwip/core/udp.o
                0x0800b8e0                udp_init
 .text.udp_new_port
                0x0800b904       0x74 ./Dave/Generated/ETH_LWIP/lwip/core/udp.o
 .text.udp_input_local_match
                0x0800b978       0x98 ./Dave/Generated/ETH_LWIP/lwip/core/udp.o
 .text.udp_input
                0x0800ba10      0x1e4 ./Dave/Generated/ETH_LWIP/lwip/core/udp.o
                0x0800ba10                udp_input
 .text.udp_sendto
                0x0800bbf4       0x74 ./Dave/Generated/ETH_LWIP/lwip/core/udp.o
                0x0800bbf4                udp_sendto
 .text.udp_sendto_if
                0x0800bc68       0x90 ./Dave/Generated/ETH_LWIP/lwip/core/udp.o
                0x0800bc68                udp_sendto_if
 .text.udp_sendto_if_src
                0x0800bcf8      0x144 ./Dave/Generated/ETH_LWIP/lwip/core/udp.o
                0x0800bcf8                udp_sendto_if_src
 .text.udp_bind
                0x0800be3c       0xf4 ./Dave/Generated/ETH_LWIP/lwip/core/udp.o
                0x0800be3c                udp_bind
 .text.udp_new  0x0800bf30       0x30 ./Dave/Generated/ETH_LWIP/lwip/core/udp.o
                0x0800bf30                udp_new
 .text.udp_netif_ip_addr_changed
                0x0800bf60       0x5c ./Dave/Generated/ETH_LWIP/lwip/core/udp.o
                0x0800bf60                udp_netif_ip_addr_changed
 .text.ETH_LWIP_Init
                0x0800bfbc       0x90 ./Dave/Generated/ETH_LWIP/eth_lwip.o
                0x0800bfbc                ETH_LWIP_Init
 .text.XMC_ETH_PHY_IsDeviceIdValid
                0x0800c04c       0x68 ./Dave/Generated/ETH_LWIP/xmc_eth_phy_ksz8081rnl.o
 .text.XMC_ETH_PHY_Init
                0x0800c0b4       0xb0 ./Dave/Generated/ETH_LWIP/xmc_eth_phy_ksz8081rnl.o
                0x0800c0b4                XMC_ETH_PHY_Init
 .text.XMC_ETH_PHY_Reset
                0x0800c164       0x50 ./Dave/Generated/ETH_LWIP/xmc_eth_phy_ksz8081rnl.o
                0x0800c164                XMC_ETH_PHY_Reset
 .text.XMC_ETH_PHY_GetLinkStatus
                0x0800c1b4       0x34 ./Dave/Generated/ETH_LWIP/xmc_eth_phy_ksz8081rnl.o
                0x0800c1b4                XMC_ETH_PHY_GetLinkStatus
 .text.XMC_ETH_PHY_GetLinkSpeed
                0x0800c1e8       0x38 ./Dave/Generated/ETH_LWIP/xmc_eth_phy_ksz8081rnl.o
                0x0800c1e8                XMC_ETH_PHY_GetLinkSpeed
 .text.XMC_ETH_PHY_GetLinkDuplex
                0x0800c220       0x38 ./Dave/Generated/ETH_LWIP/xmc_eth_phy_ksz8081rnl.o
                0x0800c220                XMC_ETH_PHY_GetLinkDuplex
 .text.XMC_ETH_PHY_IsAutonegotiationCompleted
                0x0800c258       0x34 ./Dave/Generated/ETH_LWIP/xmc_eth_phy_ksz8081rnl.o
                0x0800c258                XMC_ETH_PHY_IsAutonegotiationCompleted
 .text.__NVIC_SetPriorityGrouping
                0x0800c28c       0x48 ./Dave/Generated/CPU_CTRL_XMC4/cpu_ctrl_xmc4_conf.o
 .text.SystemCoreSetup
                0x0800c2d4       0xa0 ./Dave/Generated/CPU_CTRL_XMC4/cpu_ctrl_xmc4_conf.o
                0x0800c2d4                SystemCoreSetup
 .text.CLOCK_XMC4_Init
                0x0800c374       0x20 ./Dave/Generated/CLOCK_XMC4/clock_xmc4.o
                0x0800c374                CLOCK_XMC4_Init
 .text.OSCHP_GetFrequency
                0x0800c394       0x14 ./Dave/Generated/CLOCK_XMC4/clock_xmc4.o
                0x0800c394                OSCHP_GetFrequency
 .text.XMC_SCU_CLOCK_SetECATClockSource
                0x0800c3a8       0x28 ./Dave/Generated/CLOCK_XMC4/clock_xmc4_conf.o
 .text.SystemCoreClockSetup
                0x0800c3d0       0x60 ./Dave/Generated/CLOCK_XMC4/clock_xmc4_conf.o
                0x0800c3d0                SystemCoreClockSetup
 .text.DAVE_Init
                0x0800c430       0x9c ./Dave/Generated/DAVE.o
                0x0800c430                DAVE_Init
 .text.XMC_GPIO_SetOutputHigh
                0x0800c4cc       0x20 ./main.o
 .text.XMC_GPIO_SetOutputLow
                0x0800c4ec       0x24 ./main.o
 .text.XMC_USIC_CH_RXFIFO_Flush
                0x0800c510       0x1c ./main.o
 .text.XMC_USIC_CH_RXFIFO_IsEmpty
                0x0800c52c       0x28 ./main.o
 .text.SPI_MASTER_GetReceivedWord
                0x0800c554       0x1c ./main.o
 .text.SPI_MASTER_IsRxFIFOEmpty
                0x0800c570       0x1c ./main.o
 .text.CCU43_1_IRQHandler
                0x0800c58c       0x18 ./main.o
                0x0800c58c                CCU43_1_IRQHandler
 .text.swapGPSBuffers
                0x0800c5a4       0x78 ./main.o
                0x0800c5a4                swapGPSBuffers
 .text.USIC1_1_IRQHandler
                0x0800c61c       0x9c ./main.o
                0x0800c61c                USIC1_1_IRQHandler
 .text.spi_flushrxbuffer
                0x0800c6b8       0x34 ./main.o
                0x0800c6b8                spi_flushrxbuffer
 .text.cycledelay
                0x0800c6ec       0x28 ./main.o
                0x0800c6ec                cycledelay
 .text.bmi055_apply_gyro_angle
                0x0800c714       0x4c ./main.o
                0x0800c714                bmi055_apply_gyro_angle
 .text.bmi055_apply_gyro_all_angles
                0x0800c760       0x58 ./main.o
                0x0800c760                bmi055_apply_gyro_all_angles
 .text.bmi055_apply_accel_all_angles
                0x0800c7b8      0x2e8 ./main.o
                0x0800c7b8                bmi055_apply_accel_all_angles
 .text.bmi055_start
                0x0800caa0       0x70 ./main.o
                0x0800caa0                bmi055_start
 .text.bmi055_poll_data
                0x0800cb10      0x408 ./main.o
                0x0800cb10                bmi055_poll_data
 .text.udp_initialize
                0x0800cf18       0x24 ./main.o
                0x0800cf18                udp_initialize
 .text.udp_send_event_r
                0x0800cf3c       0xe8 ./main.o
                0x0800cf3c                udp_send_event_r
 .text.udp_send_event_ms
                0x0800d024       0xe8 ./main.o
                0x0800d024                udp_send_event_ms
 .text.udp_send_event
                0x0800d10c       0x74 ./main.o
                0x0800d10c                udp_send_event
 .text.main     0x0800d180      0x884 ./main.o
                0x0800d180                main
 *fill*         0x0800da04        0x4 
 .text.atan     0x0800da08      0x340 d:/program files/dave/dave-ide-4.4.2-64bit/eclipse/arm-gcc-49/bin/../lib/gcc/arm-none-eabi/4.9.3/../../../../arm-none-eabi/lib/armv7e-m/softfp\libm.a(lib_a-s_atan.o)
                0x0800da08                atan
 .text.fabs     0x0800dd48        0x8 d:/program files/dave/dave-ide-4.4.2-64bit/eclipse/arm-gcc-49/bin/../lib/gcc/arm-none-eabi/4.9.3/../../../../arm-none-eabi/lib/armv7e-m/softfp\libm.a(lib_a-s_fabs.o)
                0x0800dd48                fabs
 .text.sqrt     0x0800dd50       0xac d:/program files/dave/dave-ide-4.4.2-64bit/eclipse/arm-gcc-49/bin/../lib/gcc/arm-none-eabi/4.9.3/../../../../arm-none-eabi/lib/armv7e-m/softfp\libm.a(lib_a-w_sqrt.o)
                0x0800dd50                sqrt
 .text.__ieee754_sqrt
                0x0800ddfc      0x188 d:/program files/dave/dave-ide-4.4.2-64bit/eclipse/arm-gcc-49/bin/../lib/gcc/arm-none-eabi/4.9.3/../../../../arm-none-eabi/lib/armv7e-m/softfp\libm.a(lib_a-e_sqrt.o)
                0x0800ddfc                __ieee754_sqrt
 .text.__fpclassifyd
                0x0800df84       0x58 d:/program files/dave/dave-ide-4.4.2-64bit/eclipse/arm-gcc-49/bin/../lib/gcc/arm-none-eabi/4.9.3/../../../../arm-none-eabi/lib/armv7e-m/softfp\libm.a(lib_a-s_fpclassify.o)
                0x0800df84                __fpclassifyd
 .text.matherr  0x0800dfdc        0x4 d:/program files/dave/dave-ide-4.4.2-64bit/eclipse/arm-gcc-49/bin/../lib/gcc/arm-none-eabi/4.9.3/../../../../arm-none-eabi/lib/armv7e-m/softfp\libm.a(lib_a-s_matherr.o)
                0x0800dfdc                matherr
 .text          0x0800dfe0      0x370 d:/program files/dave/dave-ide-4.4.2-64bit/eclipse/arm-gcc-49/bin/../lib/gcc/arm-none-eabi/4.9.3/armv7e-m/softfp\libgcc.a(_arm_addsubdf3.o)
                0x0800dfe0                __aeabi_drsub
                0x0800dfe8                __aeabi_dsub
                0x0800dfe8                __subdf3
                0x0800dfec                __aeabi_dadd
                0x0800dfec                __adddf3
                0x0800e264                __floatunsidf
                0x0800e264                __aeabi_ui2d
                0x0800e284                __floatsidf
                0x0800e284                __aeabi_i2d
                0x0800e2a8                __aeabi_f2d
                0x0800e2a8                __extendsfdf2
                0x0800e2e4                __floatundidf
                0x0800e2e4                __aeabi_ul2d
                0x0800e2f4                __floatdidf
                0x0800e2f4                __aeabi_l2d
 .text          0x0800e350      0x424 d:/program files/dave/dave-ide-4.4.2-64bit/eclipse/arm-gcc-49/bin/../lib/gcc/arm-none-eabi/4.9.3/armv7e-m/softfp\libgcc.a(_arm_muldivdf3.o)
                0x0800e350                __aeabi_dmul
                0x0800e350                __muldf3
                0x0800e5a4                __divdf3
                0x0800e5a4                __aeabi_ddiv
 .text          0x0800e774      0x110 d:/program files/dave/dave-ide-4.4.2-64bit/eclipse/arm-gcc-49/bin/../lib/gcc/arm-none-eabi/4.9.3/armv7e-m/softfp\libgcc.a(_arm_cmpdf2.o)
                0x0800e774                __gtdf2
                0x0800e774                __gedf2
                0x0800e77c                __ltdf2
                0x0800e77c                __ledf2
                0x0800e784                __nedf2
                0x0800e784                __eqdf2
                0x0800e784                __cmpdf2
                0x0800e800                __aeabi_cdrcmple
                0x0800e810                __aeabi_cdcmpeq
                0x0800e810                __aeabi_cdcmple
                0x0800e820                __aeabi_dcmpeq
                0x0800e834                __aeabi_dcmplt
                0x0800e848                __aeabi_dcmple
                0x0800e85c                __aeabi_dcmpge
                0x0800e870                __aeabi_dcmpgt
 .text          0x0800e884       0xa0 d:/program files/dave/dave-ide-4.4.2-64bit/eclipse/arm-gcc-49/bin/../lib/gcc/arm-none-eabi/4.9.3/armv7e-m/softfp\libgcc.a(_arm_truncdfsf2.o)
                0x0800e884                __truncdfsf2
                0x0800e884                __aeabi_d2f
 .text.__errno  0x0800e924        0xc d:/program files/dave/dave-ide-4.4.2-64bit/eclipse/arm-gcc-49/bin/../lib/gcc/arm-none-eabi/4.9.3/../../../../arm-none-eabi/lib/armv7e-m/softfp\libg_nano.a(lib_a-errno.o)
                0x0800e924                __errno
 .text.__libc_init_array
                0x0800e930       0x4c d:/program files/dave/dave-ide-4.4.2-64bit/eclipse/arm-gcc-49/bin/../lib/gcc/arm-none-eabi/4.9.3/../../../../arm-none-eabi/lib/armv7e-m/softfp\libg_nano.a(lib_a-init.o)
                0x0800e930                __libc_init_array
 .text.memcmp   0x0800e97c       0x20 d:/program files/dave/dave-ide-4.4.2-64bit/eclipse/arm-gcc-49/bin/../lib/gcc/arm-none-eabi/4.9.3/../../../../arm-none-eabi/lib/armv7e-m/softfp\libg_nano.a(lib_a-memcmp.o)
                0x0800e97c                memcmp
 .text.memmove  0x0800e99c       0x36 d:/program files/dave/dave-ide-4.4.2-64bit/eclipse/arm-gcc-49/bin/../lib/gcc/arm-none-eabi/4.9.3/../../../../arm-none-eabi/lib/armv7e-m/softfp\libg_nano.a(lib_a-memmove.o)
                0x0800e99c                memmove
 .text.memset   0x0800e9d2       0x10 d:/program files/dave/dave-ide-4.4.2-64bit/eclipse/arm-gcc-49/bin/../lib/gcc/arm-none-eabi/4.9.3/../../../../arm-none-eabi/lib/armv7e-m/softfp\libg_nano.a(lib_a-memset.o)
                0x0800e9d2                memset
 .text.__cvt    0x0800e9e2       0xc0 d:/program files/dave/dave-ide-4.4.2-64bit/eclipse/arm-gcc-49/bin/../lib/gcc/arm-none-eabi/4.9.3/../../../../arm-none-eabi/lib/armv7e-m/softfp\libg_nano.a(lib_a-nano-vfprintf_float.o)
                0x0800e9e2                __cvt
 .text.__exponent
                0x0800eaa2       0x60 d:/program files/dave/dave-ide-4.4.2-64bit/eclipse/arm-gcc-49/bin/../lib/gcc/arm-none-eabi/4.9.3/../../../../arm-none-eabi/lib/armv7e-m/softfp\libg_nano.a(lib_a-nano-vfprintf_float.o)
                0x0800eaa2                __exponent
 *fill*         0x0800eb02        0x2 
 .text._printf_float
                0x0800eb04      0x488 d:/program files/dave/dave-ide-4.4.2-64bit/eclipse/arm-gcc-49/bin/../lib/gcc/arm-none-eabi/4.9.3/../../../../arm-none-eabi/lib/armv7e-m/softfp\libg_nano.a(lib_a-nano-vfprintf_float.o)
                0x0800eb04                _printf_float
 .text._printf_common
                0x0800ef8c       0xea d:/program files/dave/dave-ide-4.4.2-64bit/eclipse/arm-gcc-49/bin/../lib/gcc/arm-none-eabi/4.9.3/../../../../arm-none-eabi/lib/armv7e-m/softfp\libg_nano.a(lib_a-nano-vfprintf_i.o)
                0x0800ef8c                _printf_common
 *fill*         0x0800f076        0x2 
 .text._printf_i
                0x0800f078      0x234 d:/program files/dave/dave-ide-4.4.2-64bit/eclipse/arm-gcc-49/bin/../lib/gcc/arm-none-eabi/4.9.3/../../../../arm-none-eabi/lib/armv7e-m/softfp\libg_nano.a(lib_a-nano-vfprintf_i.o)
                0x0800f078                _printf_i
 .text.printf   0x0800f2ac       0x30 d:/program files/dave/dave-ide-4.4.2-64bit/eclipse/arm-gcc-49/bin/../lib/gcc/arm-none-eabi/4.9.3/../../../../arm-none-eabi/lib/armv7e-m/softfp\libg_nano.a(lib_a-printf.o)
                0x0800f2ac                iprintf
                0x0800f2ac                printf
 .text.rand     0x0800f2dc       0x74 d:/program files/dave/dave-ide-4.4.2-64bit/eclipse/arm-gcc-49/bin/../lib/gcc/arm-none-eabi/4.9.3/../../../../arm-none-eabi/lib/armv7e-m/softfp\libg_nano.a(lib_a-rand.o)
                0x0800f2dc                rand
 .text.sprintf  0x0800f350       0x48 d:/program files/dave/dave-ide-4.4.2-64bit/eclipse/arm-gcc-49/bin/../lib/gcc/arm-none-eabi/4.9.3/../../../../arm-none-eabi/lib/armv7e-m/softfp\libg_nano.a(lib_a-sprintf.o)
                0x0800f350                siprintf
                0x0800f350                sprintf
 .text.strlen   0x0800f398       0x10 d:/program files/dave/dave-ide-4.4.2-64bit/eclipse/arm-gcc-49/bin/../lib/gcc/arm-none-eabi/4.9.3/../../../../arm-none-eabi/lib/armv7e-m/softfp\libg_nano.a(lib_a-strlen.o)
                0x0800f398                strlen
 .text.quorem   0x0800f3a8      0x11a d:/program files/dave/dave-ide-4.4.2-64bit/eclipse/arm-gcc-49/bin/../lib/gcc/arm-none-eabi/4.9.3/../../../../arm-none-eabi/lib/armv7e-m/softfp\libg_nano.a(lib_a-dtoa.o)
 *fill*         0x0800f4c2        0x6 
 .text._dtoa_r  0x0800f4c8      0xb88 d:/program files/dave/dave-ide-4.4.2-64bit/eclipse/arm-gcc-49/bin/../lib/gcc/arm-none-eabi/4.9.3/../../../../arm-none-eabi/lib/armv7e-m/softfp\libg_nano.a(lib_a-dtoa.o)
                0x0800f4c8                _dtoa_r
 .text._cleanup_r
                0x08010050        0xc d:/program files/dave/dave-ide-4.4.2-64bit/eclipse/arm-gcc-49/bin/../lib/gcc/arm-none-eabi/4.9.3/../../../../arm-none-eabi/lib/armv7e-m/softfp\libg_nano.a(lib_a-findfp.o)
                0x08010050                _cleanup_r
 .text.std.isra.0
                0x0801005c       0x48 d:/program files/dave/dave-ide-4.4.2-64bit/eclipse/arm-gcc-49/bin/../lib/gcc/arm-none-eabi/4.9.3/../../../../arm-none-eabi/lib/armv7e-m/softfp\libg_nano.a(lib_a-findfp.o)
 .text.__sfmoreglue
                0x080100a4       0x2c d:/program files/dave/dave-ide-4.4.2-64bit/eclipse/arm-gcc-49/bin/../lib/gcc/arm-none-eabi/4.9.3/../../../../arm-none-eabi/lib/armv7e-m/softfp\libg_nano.a(lib_a-findfp.o)
                0x080100a4                __sfmoreglue
 .text.__sinit  0x080100d0       0x60 d:/program files/dave/dave-ide-4.4.2-64bit/eclipse/arm-gcc-49/bin/../lib/gcc/arm-none-eabi/4.9.3/../../../../arm-none-eabi/lib/armv7e-m/softfp\libg_nano.a(lib_a-findfp.o)
                0x080100d0                __sinit
 .text.__sfp    0x08010130       0x74 d:/program files/dave/dave-ide-4.4.2-64bit/eclipse/arm-gcc-49/bin/../lib/gcc/arm-none-eabi/4.9.3/../../../../arm-none-eabi/lib/armv7e-m/softfp\libg_nano.a(lib_a-findfp.o)
                0x08010130                __sfp
 .text._fwalk_reent
                0x080101a4       0x3c d:/program files/dave/dave-ide-4.4.2-64bit/eclipse/arm-gcc-49/bin/../lib/gcc/arm-none-eabi/4.9.3/../../../../arm-none-eabi/lib/armv7e-m/softfp\libg_nano.a(lib_a-fwalk.o)
                0x080101a4                _fwalk_reent
 .text._localeconv_r
                0x080101e0        0x8 d:/program files/dave/dave-ide-4.4.2-64bit/eclipse/arm-gcc-49/bin/../lib/gcc/arm-none-eabi/4.9.3/../../../../arm-none-eabi/lib/armv7e-m/softfp\libg_nano.a(lib_a-locale.o)
                0x080101e0                _localeconv_r
 .text.malloc   0x080101e8       0x10 d:/program files/dave/dave-ide-4.4.2-64bit/eclipse/arm-gcc-49/bin/../lib/gcc/arm-none-eabi/4.9.3/../../../../arm-none-eabi/lib/armv7e-m/softfp\libg_nano.a(lib_a-malloc.o)
                0x080101e8                malloc
 .text.memchr   0x080101f8       0x1e d:/program files/dave/dave-ide-4.4.2-64bit/eclipse/arm-gcc-49/bin/../lib/gcc/arm-none-eabi/4.9.3/../../../../arm-none-eabi/lib/armv7e-m/softfp\libg_nano.a(lib_a-memchr.o)
                0x080101f8                memchr
 .text._Balloc  0x08010216       0x6a d:/program files/dave/dave-ide-4.4.2-64bit/eclipse/arm-gcc-49/bin/../lib/gcc/arm-none-eabi/4.9.3/../../../../arm-none-eabi/lib/armv7e-m/softfp\libg_nano.a(lib_a-mprec.o)
                0x08010216                _Balloc
 .text._Bfree   0x08010280       0x2e d:/program files/dave/dave-ide-4.4.2-64bit/eclipse/arm-gcc-49/bin/../lib/gcc/arm-none-eabi/4.9.3/../../../../arm-none-eabi/lib/armv7e-m/softfp\libg_nano.a(lib_a-mprec.o)
                0x08010280                _Bfree
 .text.__multadd
                0x080102ae       0x7c d:/program files/dave/dave-ide-4.4.2-64bit/eclipse/arm-gcc-49/bin/../lib/gcc/arm-none-eabi/4.9.3/../../../../arm-none-eabi/lib/armv7e-m/softfp\libg_nano.a(lib_a-mprec.o)
                0x080102ae                __multadd
 .text.__hi0bits
                0x0801032a       0x40 d:/program files/dave/dave-ide-4.4.2-64bit/eclipse/arm-gcc-49/bin/../lib/gcc/arm-none-eabi/4.9.3/../../../../arm-none-eabi/lib/armv7e-m/softfp\libg_nano.a(lib_a-mprec.o)
                0x0801032a                __hi0bits
 .text.__lo0bits
                0x0801036a       0x5a d:/program files/dave/dave-ide-4.4.2-64bit/eclipse/arm-gcc-49/bin/../lib/gcc/arm-none-eabi/4.9.3/../../../../arm-none-eabi/lib/armv7e-m/softfp\libg_nano.a(lib_a-mprec.o)
                0x0801036a                __lo0bits
 .text.__i2b    0x080103c4       0x12 d:/program files/dave/dave-ide-4.4.2-64bit/eclipse/arm-gcc-49/bin/../lib/gcc/arm-none-eabi/4.9.3/../../../../arm-none-eabi/lib/armv7e-m/softfp\libg_nano.a(lib_a-mprec.o)
                0x080103c4                __i2b
 .text.__multiply
                0x080103d6      0x122 d:/program files/dave/dave-ide-4.4.2-64bit/eclipse/arm-gcc-49/bin/../lib/gcc/arm-none-eabi/4.9.3/../../../../arm-none-eabi/lib/armv7e-m/softfp\libg_nano.a(lib_a-mprec.o)
                0x080103d6                __multiply
 .text.__pow5mult
                0x080104f8       0x9c d:/program files/dave/dave-ide-4.4.2-64bit/eclipse/arm-gcc-49/bin/../lib/gcc/arm-none-eabi/4.9.3/../../../../arm-none-eabi/lib/armv7e-m/softfp\libg_nano.a(lib_a-mprec.o)
                0x080104f8                __pow5mult
 .text.__lshift
                0x08010594       0xa6 d:/program files/dave/dave-ide-4.4.2-64bit/eclipse/arm-gcc-49/bin/../lib/gcc/arm-none-eabi/4.9.3/../../../../arm-none-eabi/lib/armv7e-m/softfp\libg_nano.a(lib_a-mprec.o)
                0x08010594                __lshift
 .text.__mcmp   0x0801063a       0x38 d:/program files/dave/dave-ide-4.4.2-64bit/eclipse/arm-gcc-49/bin/../lib/gcc/arm-none-eabi/4.9.3/../../../../arm-none-eabi/lib/armv7e-m/softfp\libg_nano.a(lib_a-mprec.o)
                0x0801063a                __mcmp
 .text.__mdiff  0x08010672       0xbe d:/program files/dave/dave-ide-4.4.2-64bit/eclipse/arm-gcc-49/bin/../lib/gcc/arm-none-eabi/4.9.3/../../../../arm-none-eabi/lib/armv7e-m/softfp\libg_nano.a(lib_a-mprec.o)
                0x08010672                __mdiff
 .text.__d2b    0x08010730       0xa4 d:/program files/dave/dave-ide-4.4.2-64bit/eclipse/arm-gcc-49/bin/../lib/gcc/arm-none-eabi/4.9.3/../../../../arm-none-eabi/lib/armv7e-m/softfp\libg_nano.a(lib_a-mprec.o)
                0x08010730                __d2b
 .text._calloc_r
                0x080107d4       0x1c d:/program files/dave/dave-ide-4.4.2-64bit/eclipse/arm-gcc-49/bin/../lib/gcc/arm-none-eabi/4.9.3/../../../../arm-none-eabi/lib/armv7e-m/softfp\libg_nano.a(lib_a-nano-callocr.o)
                0x080107d4                _calloc_r
 .text._free_r  0x080107f0       0x88 d:/program files/dave/dave-ide-4.4.2-64bit/eclipse/arm-gcc-49/bin/../lib/gcc/arm-none-eabi/4.9.3/../../../../arm-none-eabi/lib/armv7e-m/softfp\libg_nano.a(lib_a-nano-freer.o)
                0x080107f0                _free_r
 .text._malloc_r
                0x08010878       0xac d:/program files/dave/dave-ide-4.4.2-64bit/eclipse/arm-gcc-49/bin/../lib/gcc/arm-none-eabi/4.9.3/../../../../arm-none-eabi/lib/armv7e-m/softfp\libg_nano.a(lib_a-nano-mallocr.o)
                0x08010878                _malloc_r
 .text.__ssputs_r
                0x08010924       0xb2 d:/program files/dave/dave-ide-4.4.2-64bit/eclipse/arm-gcc-49/bin/../lib/gcc/arm-none-eabi/4.9.3/../../../../arm-none-eabi/lib/armv7e-m/softfp\libg_nano.a(lib_a-nano-svfprintf.o)
                0x08010924                __ssputs_r
 *fill*         0x080109d6        0x2 
 .text._svfprintf_r
                0x080109d8      0x1e4 d:/program files/dave/dave-ide-4.4.2-64bit/eclipse/arm-gcc-49/bin/../lib/gcc/arm-none-eabi/4.9.3/../../../../arm-none-eabi/lib/armv7e-m/softfp\libg_nano.a(lib_a-nano-svfprintf.o)
                0x080109d8                _svfiprintf_r
                0x080109d8                _svfprintf_r
 .text.__sfputc_r
                0x08010bbc       0x2c d:/program files/dave/dave-ide-4.4.2-64bit/eclipse/arm-gcc-49/bin/../lib/gcc/arm-none-eabi/4.9.3/../../../../arm-none-eabi/lib/armv7e-m/softfp\libg_nano.a(lib_a-nano-vfprintf.o)
 .text.__sfputs_r
                0x08010be8       0x24 d:/program files/dave/dave-ide-4.4.2-64bit/eclipse/arm-gcc-49/bin/../lib/gcc/arm-none-eabi/4.9.3/../../../../arm-none-eabi/lib/armv7e-m/softfp\libg_nano.a(lib_a-nano-vfprintf.o)
                0x08010be8                __sfputs_r
 .text._vfprintf_r
                0x08010c0c      0x210 d:/program files/dave/dave-ide-4.4.2-64bit/eclipse/arm-gcc-49/bin/../lib/gcc/arm-none-eabi/4.9.3/../../../../arm-none-eabi/lib/armv7e-m/softfp\libg_nano.a(lib_a-nano-vfprintf.o)
                0x08010c0c                _vfprintf_r
                0x08010c0c                _vfiprintf_r
 .text._sbrk_r  0x08010e1c       0x20 d:/program files/dave/dave-ide-4.4.2-64bit/eclipse/arm-gcc-49/bin/../lib/gcc/arm-none-eabi/4.9.3/../../../../arm-none-eabi/lib/armv7e-m/softfp\libg_nano.a(lib_a-sbrkr.o)
                0x08010e1c                _sbrk_r
 .text.__sread  0x08010e3c       0x22 d:/program files/dave/dave-ide-4.4.2-64bit/eclipse/arm-gcc-49/bin/../lib/gcc/arm-none-eabi/4.9.3/../../../../arm-none-eabi/lib/armv7e-m/softfp\libg_nano.a(lib_a-stdio.o)
                0x08010e3c                __sread
 .text.__swrite
                0x08010e5e       0x38 d:/program files/dave/dave-ide-4.4.2-64bit/eclipse/arm-gcc-49/bin/../lib/gcc/arm-none-eabi/4.9.3/../../../../arm-none-eabi/lib/armv7e-m/softfp\libg_nano.a(lib_a-stdio.o)
                0x08010e5e                __swrite
 .text.__sseek  0x08010e96       0x24 d:/program files/dave/dave-ide-4.4.2-64bit/eclipse/arm-gcc-49/bin/../lib/gcc/arm-none-eabi/4.9.3/../../../../arm-none-eabi/lib/armv7e-m/softfp\libg_nano.a(lib_a-stdio.o)
                0x08010e96                __sseek
 .text.__sclose
                0x08010eba        0x8 d:/program files/dave/dave-ide-4.4.2-64bit/eclipse/arm-gcc-49/bin/../lib/gcc/arm-none-eabi/4.9.3/../../../../arm-none-eabi/lib/armv7e-m/softfp\libg_nano.a(lib_a-stdio.o)
                0x08010eba                __sclose
 *fill*         0x08010ec2        0x2 
 .text.__swbuf_r
                0x08010ec4       0xa8 d:/program files/dave/dave-ide-4.4.2-64bit/eclipse/arm-gcc-49/bin/../lib/gcc/arm-none-eabi/4.9.3/../../../../arm-none-eabi/lib/armv7e-m/softfp\libg_nano.a(lib_a-wbuf.o)
                0x08010ec4                __swbuf_r
 .text._write_r
                0x08010f6c       0x24 d:/program files/dave/dave-ide-4.4.2-64bit/eclipse/arm-gcc-49/bin/../lib/gcc/arm-none-eabi/4.9.3/../../../../arm-none-eabi/lib/armv7e-m/softfp\libg_nano.a(lib_a-writer.o)
                0x08010f6c                _write_r
 .text.__swsetup_r
                0x08010f90       0xd8 d:/program files/dave/dave-ide-4.4.2-64bit/eclipse/arm-gcc-49/bin/../lib/gcc/arm-none-eabi/4.9.3/../../../../arm-none-eabi/lib/armv7e-m/softfp\libg_nano.a(lib_a-wsetup.o)
                0x08010f90                __swsetup_r
 .text._close_r
                0x08011068       0x20 d:/program files/dave/dave-ide-4.4.2-64bit/eclipse/arm-gcc-49/bin/../lib/gcc/arm-none-eabi/4.9.3/../../../../arm-none-eabi/lib/armv7e-m/softfp\libg_nano.a(lib_a-closer.o)
                0x08011068                _close_r
 .text.__sflush_r
                0x08011088      0x108 d:/program files/dave/dave-ide-4.4.2-64bit/eclipse/arm-gcc-49/bin/../lib/gcc/arm-none-eabi/4.9.3/../../../../arm-none-eabi/lib/armv7e-m/softfp\libg_nano.a(lib_a-fflush.o)
                0x08011088                __sflush_r
 .text._fflush_r
                0x08011190       0x54 d:/program files/dave/dave-ide-4.4.2-64bit/eclipse/arm-gcc-49/bin/../lib/gcc/arm-none-eabi/4.9.3/../../../../arm-none-eabi/lib/armv7e-m/softfp\libg_nano.a(lib_a-fflush.o)
                0x08011190                _fflush_r
 .text._lseek_r
                0x080111e4       0x24 d:/program files/dave/dave-ide-4.4.2-64bit/eclipse/arm-gcc-49/bin/../lib/gcc/arm-none-eabi/4.9.3/../../../../arm-none-eabi/lib/armv7e-m/softfp\libg_nano.a(lib_a-lseekr.o)
                0x080111e4                _lseek_r
 .text.__smakebuf_r
                0x08011208       0x9c d:/program files/dave/dave-ide-4.4.2-64bit/eclipse/arm-gcc-49/bin/../lib/gcc/arm-none-eabi/4.9.3/../../../../arm-none-eabi/lib/armv7e-m/softfp\libg_nano.a(lib_a-makebuf.o)
                0x08011208                __smakebuf_r
 .text._realloc_r
                0x080112a4       0x4c d:/program files/dave/dave-ide-4.4.2-64bit/eclipse/arm-gcc-49/bin/../lib/gcc/arm-none-eabi/4.9.3/../../../../arm-none-eabi/lib/armv7e-m/softfp\libg_nano.a(lib_a-nano-reallocr.o)
                0x080112a4                _realloc_r
 .text._read_r  0x080112f0       0x24 d:/program files/dave/dave-ide-4.4.2-64bit/eclipse/arm-gcc-49/bin/../lib/gcc/arm-none-eabi/4.9.3/../../../../arm-none-eabi/lib/armv7e-m/softfp\libg_nano.a(lib_a-readr.o)
                0x080112f0                _read_r
 .text._fstat_r
                0x08011314       0x24 d:/program files/dave/dave-ide-4.4.2-64bit/eclipse/arm-gcc-49/bin/../lib/gcc/arm-none-eabi/4.9.3/../../../../arm-none-eabi/lib/armv7e-m/softfp\libg_nano.a(lib_a-fstatr.o)
                0x08011314                _fstat_r
 .text._isatty_r
                0x08011338       0x20 d:/program files/dave/dave-ide-4.4.2-64bit/eclipse/arm-gcc-49/bin/../lib/gcc/arm-none-eabi/4.9.3/../../../../arm-none-eabi/lib/armv7e-m/softfp\libg_nano.a(lib_a-isattyr.o)
                0x08011338                _isatty_r
 .text._malloc_usable_size_r
                0x08011358       0x14 d:/program files/dave/dave-ide-4.4.2-64bit/eclipse/arm-gcc-49/bin/../lib/gcc/arm-none-eabi/4.9.3/../../../../arm-none-eabi/lib/armv7e-m/softfp\libg_nano.a(lib_a-nano-msizer.o)
                0x08011358                _malloc_usable_size_r
 .text          0x0801136c       0x50 d:/program files/dave/dave-ide-4.4.2-64bit/eclipse/arm-gcc-49/bin/../lib/gcc/arm-none-eabi/4.9.3/armv7e-m/softfp\libgcc.a(_arm_fixdfsi.o)
                0x0801136c                __aeabi_d2iz
                0x0801136c                __fixdfsi
 .text._close   0x080113bc       0x10 d:/program files/dave/dave-ide-4.4.2-64bit/eclipse/arm-gcc-49/bin/../lib/gcc/arm-none-eabi/4.9.3/../../../../arm-none-eabi/lib/armv7e-m/softfp\libnosys.a(close.o)
                0x080113bc                _close
 .text._fstat   0x080113cc       0x10 d:/program files/dave/dave-ide-4.4.2-64bit/eclipse/arm-gcc-49/bin/../lib/gcc/arm-none-eabi/4.9.3/../../../../arm-none-eabi/lib/armv7e-m/softfp\libnosys.a(fstat.o)
                0x080113cc                _fstat
 .text._isatty  0x080113dc       0x10 d:/program files/dave/dave-ide-4.4.2-64bit/eclipse/arm-gcc-49/bin/../lib/gcc/arm-none-eabi/4.9.3/../../../../arm-none-eabi/lib/armv7e-m/softfp\libnosys.a(isatty.o)
                0x080113dc                _isatty
 .text._lseek   0x080113ec       0x10 d:/program files/dave/dave-ide-4.4.2-64bit/eclipse/arm-gcc-49/bin/../lib/gcc/arm-none-eabi/4.9.3/../../../../arm-none-eabi/lib/armv7e-m/softfp\libnosys.a(lseek.o)
                0x080113ec                _lseek
 .text._read    0x080113fc       0x10 d:/program files/dave/dave-ide-4.4.2-64bit/eclipse/arm-gcc-49/bin/../lib/gcc/arm-none-eabi/4.9.3/../../../../arm-none-eabi/lib/armv7e-m/softfp\libnosys.a(read.o)
                0x080113fc                _read
 .text._write   0x0801140c       0x10 d:/program files/dave/dave-ide-4.4.2-64bit/eclipse/arm-gcc-49/bin/../lib/gcc/arm-none-eabi/4.9.3/../../../../arm-none-eabi/lib/armv7e-m/softfp\libnosys.a(write.o)
                0x0801140c                _write
 *(.init)
 *(.fini)
 *crtbegin.o(.ctors)
 *crtbegin?.o(.ctors)
 *(EXCLUDE_FILE(*crtend.o *crtend?.o) .ctors)
 *(SORT(.ctors.*))
 *(.ctors)
 *crtbegin.o(.dtors)
 *crtbegin?.o(.dtors)
 *(EXCLUDE_FILE(*crtend.o *crtend?.o) .dtors)
 *(SORT(.dtors.*))
 *(.dtors)
 *(.rodata .rodata.*)
 .rodata.UART_0_channel_config
                0x0801141c        0xc ./Dave/Generated/UART/uart_conf.o
                0x0801141c                UART_0_channel_config
 .rodata.UART_0_tx_pin_config
                0x08011428        0xc ./Dave/Generated/UART/uart_conf.o
                0x08011428                UART_0_tx_pin_config
 .rodata.UART_0_tx_pin
                0x08011434        0xc ./Dave/Generated/UART/uart_conf.o
                0x08011434                UART_0_tx_pin
 .rodata.UART_0_config