Archive member included because of file (symbol)

d:/program files/dave/dave-ide-4.4.2-64bit/eclipse/arm-gcc-49/bin/../lib/gcc/arm-none-eabi/4.9.3/../../../../arm-none-eabi/lib/armv7e-m/softfp\libm.a(lib_a-s_atan.o)
                              ./Source/BMI.o (atan)
d:/program files/dave/dave-ide-4.4.2-64bit/eclipse/arm-gcc-49/bin/../lib/gcc/arm-none-eabi/4.9.3/../../../../arm-none-eabi/lib/armv7e-m/softfp\libm.a(lib_a-s_fabs.o)
                              d:/program files/dave/dave-ide-4.4.2-64bit/eclipse/arm-gcc-49/bin/../lib/gcc/arm-none-eabi/4.9.3/../../../../arm-none-eabi/lib/armv7e-m/softfp\libm.a(lib_a-s_atan.o) (fabs)
d:/program files/dave/dave-ide-4.4.2-64bit/eclipse/arm-gcc-49/bin/../lib/gcc/arm-none-eabi/4.9.3/../../../../arm-none-eabi/lib/armv7e-m/softfp\libm.a(lib_a-w_sqrt.o)
                              ./Source/BMI.o (sqrt)
d:/program files/dave/dave-ide-4.4.2-64bit/eclipse/arm-gcc-49/bin/../lib/gcc/arm-none-eabi/4.9.3/../../../../arm-none-eabi/lib/armv7e-m/softfp\libm.a(lib_a-e_sqrt.o)
                              d:/program files/dave/dave-ide-4.4.2-64bit/eclipse/arm-gcc-49/bin/../lib/gcc/arm-none-eabi/4.9.3/../../../../arm-none-eabi/lib/armv7e-m/softfp\libm.a(lib_a-w_sqrt.o) (__ieee754_sqrt)
d:/program files/dave/dave-ide-4.4.2-64bit/eclipse/arm-gcc-49/bin/../lib/gcc/arm-none-eabi/4.9.3/../../../../arm-none-eabi/lib/armv7e-m/softfp\libm.a(lib_a-s_fpclassify.o)
                              d:/program files/dave/dave-ide-4.4.2-64bit/eclipse/arm-gcc-49/bin/../lib/gcc/arm-none-eabi/4.9.3/../../../../arm-none-eabi/lib/armv7e-m/softfp\libm.a(lib_a-w_sqrt.o) (__fpclassifyd)
d:/program files/dave/dave-ide-4.4.2-64bit/eclipse/arm-gcc-49/bin/../lib/gcc/arm-none-eabi/4.9.3/../../../../arm-none-eabi/lib/armv7e-m/softfp\libm.a(lib_a-s_lib_ver.o)
                              d:/program files/dave/dave-ide-4.4.2-64bit/eclipse/arm-gcc-49/bin/../lib/gcc/arm-none-eabi/4.9.3/../../../../arm-none-eabi/lib/armv7e-m/softfp\libm.a(lib_a-w_sqrt.o) (__fdlib_version)
d:/program files/dave/dave-ide-4.4.2-64bit/eclipse/arm-gcc-49/bin/../lib/gcc/arm-none-eabi/4.9.3/../../../../arm-none-eabi/lib/armv7e-m/softfp\libm.a(lib_a-s_matherr.o)
                              d:/program files/dave/dave-ide-4.4.2-64bit/eclipse/arm-gcc-49/bin/../lib/gcc/arm-none-eabi/4.9.3/../../../../arm-none-eabi/lib/armv7e-m/softfp\libm.a(lib_a-w_sqrt.o) (matherr)
d:/program files/dave/dave-ide-4.4.2-64bit/eclipse/arm-gcc-49/bin/../lib/gcc/arm-none-eabi/4.9.3/armv7e-m/softfp\libgcc.a(_arm_addsubdf3.o)
                              d:/program files/dave/dave-ide-4.4.2-64bit/eclipse/arm-gcc-49/bin/../lib/gcc/arm-none-eabi/4.9.3/../../../../arm-none-eabi/lib/armv7e-m/softfp\libm.a(lib_a-s_atan.o) (__aeabi_dsub)
d:/program files/dave/dave-ide-4.4.2-64bit/eclipse/arm-gcc-49/bin/../lib/gcc/arm-none-eabi/4.9.3/armv7e-m/softfp\libgcc.a(_arm_muldivdf3.o)
                              ./Source/BMI.o (__aeabi_dmul)
d:/program files/dave/dave-ide-4.4.2-64bit/eclipse/arm-gcc-49/bin/../lib/gcc/arm-none-eabi/4.9.3/armv7e-m/softfp\libgcc.a(_arm_cmpdf2.o)
                              ./main.o (__aeabi_dcmplt)
d:/program files/dave/dave-ide-4.4.2-64bit/eclipse/arm-gcc-49/bin/../lib/gcc/arm-none-eabi/4.9.3/armv7e-m/softfp\libgcc.a(_arm_truncdfsf2.o)
                              ./Source/BMI.o (__aeabi_d2f)
d:/program files/dave/dave-ide-4.4.2-64bit/eclipse/arm-gcc-49/bin/../lib/gcc/arm-none-eabi/4.9.3/armv7e-m/softfp\libgcc.a(_aeabi_uldivmod.o)
                              ./Dave/Generated/TIMER/timer.o (__aeabi_uldivmod)
d:/program files/dave/dave-ide-4.4.2-64bit/eclipse/arm-gcc-49/bin/../lib/gcc/arm-none-eabi/4.9.3/armv7e-m/softfp\libgcc.a(bpabi.o)
                              d:/program files/dave/dave-ide-4.4.2-64bit/eclipse/arm-gcc-49/bin/../lib/gcc/arm-none-eabi/4.9.3/armv7e-m/softfp\libgcc.a(_aeabi_uldivmod.o) (__gnu_uldivmod_helper)
d:/program files/dave/dave-ide-4.4.2-64bit/eclipse/arm-gcc-49/bin/../lib/gcc/arm-none-eabi/4.9.3/armv7e-m/softfp\libgcc.a(_dvmd_tls.o)
                              d:/program files/dave/dave-ide-4.4.2-64bit/eclipse/arm-gcc-49/bin/../lib/gcc/arm-none-eabi/4.9.3/armv7e-m/softfp\libgcc.a(_aeabi_uldivmod.o) (__aeabi_ldiv0)
d:/program files/dave/dave-ide-4.4.2-64bit/eclipse/arm-gcc-49/bin/../lib/gcc/arm-none-eabi/4.9.3/armv7e-m/softfp\libgcc.a(_divdi3.o)
                              d:/program files/dave/dave-ide-4.4.2-64bit/eclipse/arm-gcc-49/bin/../lib/gcc/arm-none-eabi/4.9.3/armv7e-m/softfp\libgcc.a(bpabi.o) (__divdi3)
d:/program files/dave/dave-ide-4.4.2-64bit/eclipse/arm-gcc-49/bin/../lib/gcc/arm-none-eabi/4.9.3/armv7e-m/softfp\libgcc.a(_udivdi3.o)
                              d:/program files/dave/dave-ide-4.4.2-64bit/eclipse/arm-gcc-49/bin/../lib/gcc/arm-none-eabi/4.9.3/armv7e-m/softfp\libgcc.a(bpabi.o) (__udivdi3)
d:/program files/dave/dave-ide-4.4.2-64bit/eclipse/arm-gcc-49/bin/../lib/gcc/arm-none-eabi/4.9.3/../../../../arm-none-eabi/lib/armv7e-m/softfp\libg_nano.a(lib_a-atoi.o)
[...]
Memory Configuration

Name             Origin             Length             Attributes
FLASH_1_cached   0x08000000         0x00200000         xr
FLASH_1_uncached 0x0c000000         0x00200000         xr
PSRAM_1          0x1ffe8000         0x00018000         !xr
DSRAM_1_system   0x20000000         0x00020000         !xr
DSRAM_2_comm     0x20020000         0x00020000         !xr
SRAM_combined    0x1ffe8000         0x00058000         !xr
*default*        0x00000000         0xffffffff

Linker script and memory map

LOAD ./Startup/startup_XMC4800.o
LOAD ./Startup/system_XMC4800.o
LOAD ./Source/BMI.o
LOAD ./Source/GPS.o
LOAD ./Source/UDP.o
LOAD ./Libraries/XMCLib/src/xmc4_eru.o
LOAD ./Libraries/XMCLib/src/xmc4_flash.o
LOAD ./Libraries/XMCLib/src/xmc4_gpio.o
LOAD ./Libraries/XMCLib/src/xmc4_rtc.o
LOAD ./Libraries/XMCLib/src/xmc4_scu.o
LOAD ./Libraries/XMCLib/src/xmc_can.o
LOAD ./Libraries/XMCLib/src/xmc_ccu4.o
LOAD ./Libraries/XMCLib/src/xmc_ccu8.o
LOAD ./Libraries/XMCLib/src/xmc_common.o
LOAD ./Libraries/XMCLib/src/xmc_dac.o
LOAD ./Libraries/XMCLib/src/xmc_dma.o
LOAD ./Libraries/XMCLib/src/xmc_dsd.o
LOAD ./Libraries/XMCLib/src/xmc_ebu.o
LOAD ./Libraries/XMCLib/src/xmc_ecat.o
LOAD ./Libraries/XMCLib/src/xmc_eru.o
LOAD ./Libraries/XMCLib/src/xmc_eth_mac.o
LOAD ./Libraries/XMCLib/src/xmc_eth_phy_dp83848.o
LOAD ./Libraries/XMCLib/src/xmc_eth_phy_ksz8031rnl.o
LOAD ./Libraries/XMCLib/src/xmc_eth_phy_ksz8081rnb.o
LOAD ./Libraries/XMCLib/src/xmc_fce.o
LOAD ./Libraries/XMCLib/src/xmc_gpio.o
LOAD ./Libraries/XMCLib/src/xmc_hrpwm.o
LOAD ./Libraries/XMCLib/src/xmc_i2c.o
LOAD ./Libraries/XMCLib/src/xmc_i2s.o
LOAD ./Libraries/XMCLib/src/xmc_ledts.o
LOAD ./Libraries/XMCLib/src/xmc_posif.o
LOAD ./Libraries/XMCLib/src/xmc_rtc.o
LOAD ./Libraries/XMCLib/src/xmc_sdmmc.o
LOAD ./Libraries/XMCLib/src/xmc_spi.o
LOAD ./Libraries/XMCLib/src/xmc_uart.o
LOAD ./Libraries/XMCLib/src/xmc_usbd.o
LOAD ./Libraries/XMCLib/src/xmc_usbh.o
LOAD ./Libraries/XMCLib/src/xmc_usic.o
LOAD ./Libraries/XMCLib/src/xmc_vadc.o
LOAD ./Libraries/XMCLib/src/xmc_wdt.o
LOAD ./Libraries/Newlib/syscalls.o
LOAD ./Dave/Generated/UART/uart.o
LOAD ./Dave/Generated/UART/uart_conf.o
LOAD ./Dave/Generated/TIMER/timer.o
LOAD ./Dave/Generated/TIMER/timer_conf.o
LOAD ./Dave/Generated/SYSTIMER/systimer.o
LOAD ./Dave/Generated/SYSTIMER/systimer_conf.o
LOAD ./Dave/Generated/SPI_MASTER/spi_master.o
LOAD ./Dave/Generated/SPI_MASTER/spi_master_conf.o
LOAD ./Dave/Generated/INTERRUPT/interrupt.o
LOAD ./Dave/Generated/INTERRUPT/interrupt_conf.o
LOAD ./Dave/Generated/GLOBAL_CCU4/global_ccu4.o
LOAD ./Dave/Generated/GLOBAL_CCU4/global_ccu4_conf.o
LOAD ./Dave/Generated/ETH_LWIP/lwip/port/netif/ethernetif.o
LOAD ./Dave/Generated/ETH_LWIP/lwip/port/memcpy.o
LOAD ./Dave/Generated/ETH_LWIP/lwip/port/sys_arch.o
LOAD ./Dave/Generated/ETH_LWIP/lwip/netif/ethernet.o
LOAD ./Dave/Generated/ETH_LWIP/lwip/core/ipv6/dhcp6.o
LOAD ./Dave/Generated/ETH_LWIP/lwip/core/ipv6/ethip6.o
LOAD ./Dave/Generated/ETH_LWIP/lwip/core/ipv6/icmp6.o
LOAD ./Dave/Generated/ETH_LWIP/lwip/core/ipv6/inet6.o
LOAD ./Dave/Generated/ETH_LWIP/lwip/core/ipv6/ip6.o
LOAD ./Dave/Generated/ETH_LWIP/lwip/core/ipv6/ip6_addr.o
LOAD ./Dave/Generated/ETH_LWIP/lwip/core/ipv6/ip6_frag.o
LOAD ./Dave/Generated/ETH_LWIP/lwip/core/ipv6/mld6.o
LOAD ./Dave/Generated/ETH_LWIP/lwip/core/ipv6/nd6.o
LOAD ./Dave/Generated/ETH_LWIP/lwip/core/ipv4/autoip.o
LOAD ./Dave/Generated/ETH_LWIP/lwip/core/ipv4/dhcp.o
LOAD ./Dave/Generated/ETH_LWIP/lwip/core/ipv4/etharp.o
LOAD ./Dave/Generated/ETH_LWIP/lwip/core/ipv4/icmp.o
LOAD ./Dave/Generated/ETH_LWIP/lwip/core/ipv4/igmp.o
LOAD ./Dave/Generated/ETH_LWIP/lwip/core/ipv4/ip4.o
LOAD ./Dave/Generated/ETH_LWIP/lwip/core/ipv4/ip4_addr.o
LOAD ./Dave/Generated/ETH_LWIP/lwip/core/ipv4/ip4_frag.o
LOAD ./Dave/Generated/ETH_LWIP/lwip/core/altcp.o
LOAD ./Dave/Generated/ETH_LWIP/lwip/core/altcp_alloc.o
LOAD ./Dave/Generated/ETH_LWIP/lwip/core/altcp_tcp.o
LOAD ./Dave/Generated/ETH_LWIP/lwip/core/def.o
LOAD ./Dave/Generated/ETH_LWIP/lwip/core/dns.o
LOAD ./Dave/Generated/ETH_LWIP/lwip/core/inet_chksum.o
LOAD ./Dave/Generated/ETH_LWIP/lwip/core/init.o
LOAD ./Dave/Generated/ETH_LWIP/lwip/core/ip.o
LOAD ./Dave/Generated/ETH_LWIP/lwip/core/mem.o
LOAD ./Dave/Generated/ETH_LWIP/lwip/core/memp.o
LOAD ./Dave/Generated/ETH_LWIP/lwip/core/netif.o
LOAD ./Dave/Generated/ETH_LWIP/lwip/core/pbuf.o
LOAD ./Dave/Generated/ETH_LWIP/lwip/core/raw.o
LOAD ./Dave/Generated/ETH_LWIP/lwip/core/stats.o
LOAD ./Dave/Generated/ETH_LWIP/lwip/core/sys.o
LOAD ./Dave/Generated/ETH_LWIP/lwip/core/tcp.o
LOAD ./Dave/Generated/ETH_LWIP/lwip/core/tcp_in.o
LOAD ./Dave/Generated/ETH_LWIP/lwip/core/tcp_out.o
LOAD ./Dave/Generated/ETH_LWIP/lwip/core/timeouts.o
LOAD ./Dave/Generated/ETH_LWIP/lwip/core/udp.o
LOAD ./Dave/Generated/ETH_LWIP/lwip/api/api_lib.o
LOAD ./Dave/Generated/ETH_LWIP/lwip/api/api_msg.o
LOAD ./Dave/Generated/ETH_LWIP/lwip/api/err.o
LOAD ./Dave/Generated/ETH_LWIP/lwip/api/if_api.o
LOAD ./Dave/Generated/ETH_LWIP/lwip/api/netbuf.o
LOAD ./Dave/Generated/ETH_LWIP/lwip/api/netdb.o
LOAD ./Dave/Generated/ETH_LWIP/lwip/api/netifapi.o
LOAD ./Dave/Generated/ETH_LWIP/lwip/api/sockets.o
LOAD ./Dave/Generated/ETH_LWIP/lwip/api/tcpip.o
LOAD ./Dave/Generated/ETH_LWIP/eth_lwip.o
LOAD ./Dave/Generated/ETH_LWIP/eth_lwip_conf.o
LOAD ./Dave/Generated/ETH_LWIP/xmc_eth_phy_dp83848.o
LOAD ./Dave/Generated/ETH_LWIP/xmc_eth_phy_ksz8031rnl.o
LOAD ./Dave/Generated/ETH_LWIP/xmc_eth_phy_ksz8081rnl.o
LOAD ./Dave/Generated/CPU_CTRL_XMC4/cpu_ctrl_xmc4.o
LOAD ./Dave/Generated/CPU_CTRL_XMC4/cpu_ctrl_xmc4_conf.o
LOAD ./Dave/Generated/CLOCK_XMC4/clock_xmc4.o
LOAD ./Dave/Generated/CLOCK_XMC4/clock_xmc4_conf.o
LOAD ./Dave/Generated/DAVE.o
LOAD ./main.o
LOAD d:/program files/dave/dave-ide-4.4.2-64bit/eclipse/arm-gcc-49/bin/../lib/gcc/arm-none-eabi/4.9.3/../../../../arm-none-eabi/lib/armv7e-m/softfp\libm.a
START GROUP
LOAD d:/program files/dave/dave-ide-4.4.2-64bit/eclipse/arm-gcc-49/bin/../lib/gcc/arm-none-eabi/4.9.3/armv7e-m/softfp\libgcc.a
LOAD d:/program files/dave/dave-ide-4.4.2-64bit/eclipse/arm-gcc-49/bin/../lib/gcc/arm-none-eabi/4.9.3/../../../../arm-none-eabi/lib/armv7e-m/softfp\libg_nano.a
LOAD d:/program files/dave/dave-ide-4.4.2-64bit/eclipse/arm-gcc-49/bin/../lib/gcc/arm-none-eabi/4.9.3/../../../../arm-none-eabi/lib/armv7e-m/softfp\libc_nano.a
END GROUP
START GROUP
LOAD d:/program files/dave/dave-ide-4.4.2-64bit/eclipse/arm-gcc-49/bin/../lib/gcc/arm-none-eabi/4.9.3/armv7e-m/softfp\libgcc.a
LOAD d:/program files/dave/dave-ide-4.4.2-64bit/eclipse/arm-gcc-49/bin/../lib/gcc/arm-none-eabi/4.9.3/../../../../arm-none-eabi/lib/armv7e-m/softfp\libc_nano.a
LOAD d:/program files/dave/dave-ide-4.4.2-64bit/eclipse/arm-gcc-49/bin/../lib/gcc/arm-none-eabi/4.9.3/../../../../arm-none-eabi/lib/armv7e-m/softfp\libnosys.a
END GROUP
START GROUP
LOAD d:/program files/dave/dave-ide-4.4.2-64bit/eclipse/arm-gcc-49/bin/../lib/gcc/arm-none-eabi/4.9.3/armv7e-m/softfp\libgcc.a
LOAD d:/program files/dave/dave-ide-4.4.2-64bit/eclipse/arm-gcc-49/bin/../lib/gcc/arm-none-eabi/4.9.3/../../../../arm-none-eabi/lib/armv7e-m/softfp\libc_nano.a
LOAD d:/program files/dave/dave-ide-4.4.2-64bit/eclipse/arm-gcc-49/bin/../lib/gcc/arm-none-eabi/4.9.3/../../../../arm-none-eabi/lib/armv7e-m/softfp\libnosys.a
END GROUP
                0x00000800                stack_size = DEFINED (stack_size)?stack_size:0x800
                0x00000040                no_init_size = 0x40

.text           0x08000000    0x118b0 load address 0x0c000000
                0x08000000                sText = .
 *(.reset)
 .reset         0x08000000      0x29c ./Startup/startup_XMC4800.o
                0x08000000                __Vectors
                0x08000200                Reset_Handler
                0x08000298                DSD0_7_IRQHandler
                0x08000298                DebugMon_Handler
                0x08000298                VADC0_C0_0_IRQHandler
                0x08000298                CAN0_4_IRQHandler
                0x08000298                VADC0_G2_0_IRQHandler
                0x08000298                USIC0_5_IRQHandler
                0x08000298                POSIF0_0_IRQHandler
                0x08000298                POSIF1_0_IRQHandler
                0x08000298                HardFault_Handler
                0x08000298                VADC0_G1_1_IRQHandler
                0x08000298                PendSV_Handler
                0x08000298                NMI_Handler
                0x08000298                USIC1_3_IRQHandler
                0x08000298                CCU40_2_IRQHandler
                0x08000298                SCU_0_IRQHandler
                0x08000298                ERU0_0_IRQHandler
                0x08000298                CCU41_0_IRQHandler
                0x08000298                USIC1_5_IRQHandler
                0x08000298                DSD0_4_IRQHandler
                0x08000298                CCU80_1_IRQHandler
                0x08000298                CCU81_0_IRQHandler
                0x08000298                UsageFault_Handler
                0x08000298                USIC0_0_IRQHandler
                0x08000298                POSIF1_1_IRQHandler
                0x08000298                ERU0_2_IRQHandler
                0x08000298                CCU81_1_IRQHandler
                0x08000298                ERU1_1_IRQHandler
                0x08000298                VADC0_G2_3_IRQHandler
                0x08000298                VADC0_G2_2_IRQHandler
                0x08000298                CCU42_3_IRQHandler
                0x08000298                ERU0_3_IRQHandler
                0x08000298                DSD0_5_IRQHandler
                0x08000298                VADC0_C0_3_IRQHandler
                0x08000298                CAN0_6_IRQHandler
                0x08000298                CCU43_0_IRQHandler
                0x08000298                VADC0_G0_1_IRQHandler
                0x08000298                CCU81_2_IRQHandler
                0x08000298                USIC2_4_IRQHandler
                0x08000298                CCU81_3_IRQHandler
                0x08000298                CCU42_1_IRQHandler
                0x08000298                USIC2_5_IRQHandler
                0x08000298                CCU40_0_IRQHandler
                0x08000298                CAN0_0_IRQHandler
                0x08000298                ERU1_0_IRQHandler
                0x08000298                CCU42_2_IRQHandler
                0x08000298                Default_Handler
                0x08000298                USIC1_4_IRQHandler
                0x08000298                ERU1_3_IRQHandler
                0x08000298                POSIF0_1_IRQHandler
                0x08000298                VADC0_G0_0_IRQHandler
                0x08000298                DSD0_2_IRQHandler
                0x08000298                CCU80_3_IRQHandler
                0x08000298                CCU41_3_IRQHandler
                0x08000298                CCU80_2_IRQHandler
                0x08000298                VADC0_G1_3_IRQHandler
                0x08000298                VADC0_G0_3_IRQHandler
                0x08000298                GPDMA0_0_IRQHandler
                0x08000298                PMU0_0_IRQHandler
                0x08000298                CAN0_7_IRQHandler
                0x08000298                DSD0_1_IRQHandler
                0x08000298                CCU41_2_IRQHandler
                0x08000298                VADC0_C0_1_IRQHandler
                0x08000298                CCU43_2_IRQHandler
                0x08000298                USIC2_2_IRQHandler
                0x08000298                MemManage_Handler
                0x08000298                VADC0_G3_1_IRQHandler
                0x08000298                DAC0_0_IRQHandler
                0x08000298                SVC_Handler
                0x08000298                VADC0_G3_3_IRQHandler
                0x08000298                ERU1_2_IRQHandler
                0x08000298                CCU41_1_IRQHandler
                0x08000298                DSD0_6_IRQHandler
                0x08000298                VADC0_G1_2_IRQHandler
                0x08000298                USIC2_3_IRQHandler
                0x08000298                CAN0_2_IRQHandler
                0x08000298                USIC2_0_IRQHandler
                0x08000298                VADC0_G0_2_IRQHandler
                0x08000298                ECAT0_0_IRQHandler
                0x08000298                VADC0_G2_1_IRQHandler
                0x08000298                CAN0_3_IRQHandler
                0x08000298                USIC0_3_IRQHandler
                0x08000298                DSD0_0_IRQHandler
                0x08000298                VADC0_C0_2_IRQHandler
                0x08000298                CCU42_0_IRQHandler
                0x08000298                FCE0_0_IRQHandler
                0x08000298                VADC0_G1_0_IRQHandler
                0x08000298                USB0_0_IRQHandler
                0x08000298                CAN0_5_IRQHandler
                0x08000298                CCU80_0_IRQHandler
                0x08000298                CCU40_1_IRQHandler
                0x08000298                USIC2_1_IRQHandler
                0x08000298                USIC0_1_IRQHandler
                0x08000298                VADC0_G3_2_IRQHandler
                0x08000298                CCU40_3_IRQHandler
                0x08000298                BusFault_Handler
                0x08000298                LEDTS0_0_IRQHandler
                0x08000298                USIC0_4_IRQHandler
                0x08000298                CCU43_3_IRQHandler
                0x08000298                ERU0_1_IRQHandler
                0x08000298                VADC0_G3_0_IRQHandler
                0x08000298                USIC1_2_IRQHandler
                0x08000298                DSD0_3_IRQHandler
                0x08000298                SDMMC0_0_IRQHandler
                0x08000298                CAN0_1_IRQHandler
                0x08000298                USIC0_2_IRQHandler
                0x08000298                DAC0_1_IRQHandler
                0x08000298                GPDMA1_0_IRQHandler
 *(.text .text.* .gnu.linkonce.t.*)
 .text.SystemInit
                0x0800029c       0x20 ./Startup/system_XMC4800.o
                0x0800029c                SystemInit
 .text.SystemCoreClockUpdate
                0x080002bc       0xd4 ./Startup/system_XMC4800.o
                0x080002bc                SystemCoreClockUpdate
 .text.XMC_GPIO_SetOutputHigh
                0x08000390       0x20 ./Source/BMI.o
 .text.XMC_GPIO_SetOutputLow
                0x080003b0       0x24 ./Source/BMI.o
 .text.XMC_USIC_CH_RXFIFO_Flush
                0x080003d4       0x1c ./Source/BMI.o
 .text.XMC_USIC_CH_RXFIFO_IsEmpty
                0x080003f0       0x28 ./Source/BMI.o
 .text.SPI_MASTER_GetReceivedWord
                0x08000418       0x1c ./Source/BMI.o
 .text.SPI_MASTER_IsRxFIFOEmpty
                0x08000434       0x1c ./Source/BMI.o
 .text.cycledelay
                0x08000450       0x28 ./Source/BMI.o
                0x08000450                cycledelay
 .text.bmi055_apply_gyro_angle
                0x08000478       0x4c ./Source/BMI.o
                0x08000478                bmi055_apply_gyro_angle
 *fill*         0x080004c4        0x4 
 .text.bmi055_apply_gyro_all_angles
                0x080004c8       0x58 ./Source/BMI.o
                0x080004c8                bmi055_apply_gyro_all_angles
 .text.bmi055_apply_accel_all_angles
                0x08000520      0x2e8 ./Source/BMI.o
                0x08000520                bmi055_apply_accel_all_angles
 .text.bmi055_start
                0x08000808       0x70 ./Source/BMI.o
                0x08000808                bmi055_start
 .text.bmi055_poll_data
                0x08000878      0x408 ./Source/BMI.o
                0x08000878                bmi055_poll_data
 .text.spi_flushrxbuffer
                0x08000c80       0x34 ./Source/BMI.o
                0x08000c80                spi_flushrxbuffer
 .text.initGPS  0x08000cb4       0x1c ./Source/GPS.o
                0x08000cb4                initGPS
 .text.swapGPSBuffers
                0x08000cd0       0x78 ./Source/GPS.o
                0x08000cd0                swapGPSBuffers
 .text.USIC1_1_IRQHandler
                0x08000d48       0x9c ./Source/GPS.o
                0x08000d48                USIC1_1_IRQHandler
 .text.udp_initialize
                0x08000de4       0x24 ./Source/UDP.o
                0x08000de4                udp_initialize
 .text.udp_send_event_r
                0x08000e08       0xe8 ./Source/UDP.o
                0x08000e08                udp_send_event_r
 .text.udp_send_event_ms
                0x08000ef0       0xe8 ./Source/UDP.o
                0x08000ef0                udp_send_event_ms
 .text.udp_send_event
                0x08000fd8       0x74 ./Source/UDP.o
                0x08000fd8                udp_send_event
 .text.XMC_GPIO_Init
                0x0800104c      0x14c ./Libraries/XMCLib/src/xmc4_gpio.o
                0x0800104c                XMC_GPIO_Init
 .text.XMC_SCU_CLOCK_GetCpuClockFrequency
                0x08001198       0x18 ./Libraries/XMCLib/src/xmc4_scu.o
 .text.XMC_SCU_GetMirrorStatus
                0x080011b0       0x18 ./Libraries/XMCLib/src/xmc4_scu.o
 .text.XMC_SCU_lDelay
                0x080011c8       0x44 ./Libraries/XMCLib/src/xmc4_scu.o
 .text.XMC_SCU_INTERUPT_GetEventStatus
                0x0800120c       0x18 ./Libraries/XMCLib/src/xmc4_scu.o
                0x0800120c                XMC_SCU_INTERUPT_GetEventStatus
 .text.XMC_SCU_INTERRUPT_ClearEventStatus
                0x08001224       0x1c ./Libraries/XMCLib/src/xmc4_scu.o
                0x08001224                XMC_SCU_INTERRUPT_ClearEventStatus
 .text.XMC_SCU_CLOCK_Init
                0x08001240       0xec ./Libraries/XMCLib/src/xmc4_scu.o
                0x08001240                XMC_SCU_CLOCK_Init
 .text.XMC_SCU_RESET_DeassertPeripheralReset
                0x0800132c       0x38 ./Libraries/XMCLib/src/xmc4_scu.o
                0x0800132c                XMC_SCU_RESET_DeassertPeripheralReset
 .text.XMC_SCU_RESET_IsPeripheralResetAsserted
                0x08001364       0x48 ./Libraries/XMCLib/src/xmc4_scu.o
                0x08001364                XMC_SCU_RESET_IsPeripheralResetAsserted
 .text.XMC_SCU_CLOCK_GetPeripheralClockFrequency
                0x080013ac       0x20 ./Libraries/XMCLib/src/xmc4_scu.o
                0x080013ac                XMC_SCU_CLOCK_GetPeripheralClockFrequency
 .text.XMC_SCU_CLOCK_SetSystemClockSource
                0x080013cc       0x28 ./Libraries/XMCLib/src/xmc4_scu.o
                0x080013cc                XMC_SCU_CLOCK_SetSystemClockSource
 .text.XMC_SCU_CLOCK_SetUsbClockSource
                0x080013f4       0x28 ./Libraries/XMCLib/src/xmc4_scu.o
                0x080013f4                XMC_SCU_CLOCK_SetUsbClockSource
 .text.XMC_SCU_CLOCK_SetWdtClockSource
                0x0800141c       0x28 ./Libraries/XMCLib/src/xmc4_scu.o
                0x0800141c                XMC_SCU_CLOCK_SetWdtClockSource
 .text.XMC_SCU_CLOCK_SetSystemPllClockSource
                0x08001444       0x40 ./Libraries/XMCLib/src/xmc4_scu.o
                0x08001444                XMC_SCU_CLOCK_SetSystemPllClockSource
 .text.XMC_SCU_HIB_SetRtcClockSource
                0x08001484       0x3c ./Libraries/XMCLib/src/xmc4_scu.o
                0x08001484                XMC_SCU_HIB_SetRtcClockSource
 .text.XMC_SCU_HIB_SetStandbyClockSource
                0x080014c0       0x3c ./Libraries/XMCLib/src/xmc4_scu.o
                0x080014c0                XMC_SCU_HIB_SetStandbyClockSource
 .text.XMC_SCU_CLOCK_SetSystemClockDivider
                0x080014fc       0x28 ./Libraries/XMCLib/src/xmc4_scu.o
                0x080014fc                XMC_SCU_CLOCK_SetSystemClockDivider
 .text.XMC_SCU_CLOCK_SetCcuClockDivider
                0x08001524       0x28 ./Libraries/XMCLib/src/xmc4_scu.o
                0x08001524                XMC_SCU_CLOCK_SetCcuClockDivider
 .text.XMC_SCU_CLOCK_SetCpuClockDivider
                0x0800154c       0x28 ./Libraries/XMCLib/src/xmc4_scu.o
                0x0800154c                XMC_SCU_CLOCK_SetCpuClockDivider
 .text.XMC_SCU_CLOCK_SetPeripheralClockDivider
                0x08001574       0x28 ./Libraries/XMCLib/src/xmc4_scu.o
                0x08001574                XMC_SCU_CLOCK_SetPeripheralClockDivider
 .text.XMC_SCU_CLOCK_SetUsbClockDivider
                0x0800159c       0x28 ./Libraries/XMCLib/src/xmc4_scu.o
                0x0800159c                XMC_SCU_CLOCK_SetUsbClockDivider
 .text.XMC_SCU_CLOCK_SetEbuClockDivider
                0x080015c4       0x28 ./Libraries/XMCLib/src/xmc4_scu.o
                0x080015c4                XMC_SCU_CLOCK_SetEbuClockDivider
 .text.XMC_SCU_CLOCK_SetWdtClockDivider
                0x080015ec       0x28 ./Libraries/XMCLib/src/xmc4_scu.o
                0x080015ec                XMC_SCU_CLOCK_SetWdtClockDivider
 .text.XMC_SCU_CLOCK_SetECATClockDivider
                0x08001614       0x28 ./Libraries/XMCLib/src/xmc4_scu.o
                0x08001614                XMC_SCU_CLOCK_SetECATClockDivider
 .text.XMC_SCU_CLOCK_EnableClock
                0x0800163c       0x20 ./Libraries/XMCLib/src/xmc4_scu.o
                0x0800163c                XMC_SCU_CLOCK_EnableClock
 .text.XMC_SCU_CLOCK_UngatePeripheralClock
                0x0800165c       0x38 ./Libraries/XMCLib/src/xmc4_scu.o
                0x0800165c                XMC_SCU_CLOCK_UngatePeripheralClock
 .text.XMC_SCU_CLOCK_IsPeripheralClockGated
                0x08001694       0x48 ./Libraries/XMCLib/src/xmc4_scu.o
                0x08001694                XMC_SCU_CLOCK_IsPeripheralClockGated
 .text.XMC_SCU_CLOCK_StartUsbPll
                0x080016dc       0x74 ./Libraries/XMCLib/src/xmc4_scu.o
                0x080016dc                XMC_SCU_CLOCK_StartUsbPll
 .text.XMC_SCU_CLOCK_SetBackupClockCalibrationMode
                0x08001750       0x4c ./Libraries/XMCLib/src/xmc4_scu.o
                0x08001750                XMC_SCU_CLOCK_SetBackupClockCalibrationMode
 .text.XMC_SCU_HIB_EnableHibernateDomain
                0x0800179c       0x58 ./Libraries/XMCLib/src/xmc4_scu.o
                0x0800179c                XMC_SCU_HIB_EnableHibernateDomain
 .text.XMC_SCU_CLOCK_IsLowPowerOscillatorStable
                0x080017f4       0x24 ./Libraries/XMCLib/src/xmc4_scu.o
                0x080017f4                XMC_SCU_CLOCK_IsLowPowerOscillatorStable
 .text.XMC_SCU_CLOCK_EnableLowPowerOscillator
                0x08001818       0x70 ./Libraries/XMCLib/src/xmc4_scu.o
                0x08001818                XMC_SCU_CLOCK_EnableLowPowerOscillator
 .text.XMC_SCU_CLOCK_EnableHighPerformanceOscillator
                0x08001888       0x50 ./Libraries/XMCLib/src/xmc4_scu.o
                0x08001888                XMC_SCU_CLOCK_EnableHighPerformanceOscillator
 .text.XMC_SCU_CLOCK_IsHighPerformanceOscillatorStable
                0x080018d8       0x28 ./Libraries/XMCLib/src/xmc4_scu.o
                0x080018d8                XMC_SCU_CLOCK_IsHighPerformanceOscillatorStable
 .text.XMC_SCU_CLOCK_EnableSystemPll
                0x08001900       0x20 ./Libraries/XMCLib/src/xmc4_scu.o
                0x08001900                XMC_SCU_CLOCK_EnableSystemPll
 .text.XMC_SCU_CLOCK_DisableSystemPll
                0x08001920       0x20 ./Libraries/XMCLib/src/xmc4_scu.o
                0x08001920                XMC_SCU_CLOCK_DisableSystemPll
 .text.XMC_SCU_CLOCK_StartSystemPll
                0x08001940      0x174 ./Libraries/XMCLib/src/xmc4_scu.o
                0x08001940                XMC_SCU_CLOCK_StartSystemPll
 .text.XMC_SCU_CLOCK_StepSystemPllFrequency
                0x08001ab4       0x2c ./Libraries/XMCLib/src/xmc4_scu.o
                0x08001ab4                XMC_SCU_CLOCK_StepSystemPllFrequency
 .text.XMC_CCU4_StartPrescaler
                0x08001ae0       0x1c ./Libraries/XMCLib/src/xmc_ccu4.o
 .text.XMC_CCU4_lDeassertReset
                0x08001afc       0x60 ./Libraries/XMCLib/src/xmc_ccu4.o
 .text.XMC_CCU4_lUngateClock
                0x08001b5c       0x60 ./Libraries/XMCLib/src/xmc_ccu4.o
 .text.XMC_CCU4_EnableModule
                0x08001bbc       0x20 ./Libraries/XMCLib/src/xmc_ccu4.o
                0x08001bbc                XMC_CCU4_EnableModule
 .text.XMC_CCU4_Init
                0x08001bdc       0x3c ./Libraries/XMCLib/src/xmc_ccu4.o
                0x08001bdc                XMC_CCU4_Init
 .text.XMC_CCU4_SLICE_CompareInit
                0x08001c18       0x6c ./Libraries/XMCLib/src/xmc_ccu4.o
                0x08001c18                XMC_CCU4_SLICE_CompareInit
 .text.XMC_CCU4_SLICE_SetInterruptNode
                0x08001c84       0xb0 ./Libraries/XMCLib/src/xmc_ccu4.o
                0x08001c84                XMC_CCU4_SLICE_SetInterruptNode
 .text.XMC_ETH_MAC_Reset
                0x08001d34       0x40 ./Libraries/XMCLib/src/xmc_eth_mac.o
 .text.XMC_SCU_CLOCK_GetSystemClockFrequency
                0x08001d74       0x28 ./Libraries/XMCLib/src/xmc_eth_mac.o
 .text.XMC_SCU_CLOCK_GetEthernetClockFrequency
                0x08001d9c       0x10 ./Libraries/XMCLib/src/xmc_eth_mac.o
 .text.XCM_ETH_MAC_IsNormalEvent
                0x08001dac       0x28 ./Libraries/XMCLib/src/xmc_eth_mac.o
 .text.XCM_ETH_MAC_IsAbnormalEvent
                0x08001dd4       0x28 ./Libraries/XMCLib/src/xmc_eth_mac.o
 .text.XMC_ETH_MAC_InitEx
                0x08001dfc       0x98 ./Libraries/XMCLib/src/xmc_eth_mac.o
                0x08001dfc                XMC_ETH_MAC_InitEx
 .text.XMC_ETH_MAC_InitRxDescriptors
                0x08001e94       0xb0 ./Libraries/XMCLib/src/xmc_eth_mac.o
                0x08001e94                XMC_ETH_MAC_InitRxDescriptors
 .text.XMC_ETH_MAC_InitTxDescriptors
                0x08001f44       0xa0 ./Libraries/XMCLib/src/xmc_eth_mac.o
                0x08001f44                XMC_ETH_MAC_InitTxDescriptors
 .text.XMC_ETH_MAC_GetRxFrameSize
                0x08001fe4       0x70 ./Libraries/XMCLib/src/xmc_eth_mac.o
                0x08001fe4                XMC_ETH_MAC_GetRxFrameSize
 .text.XMC_ETH_MAC_SetManagmentClockDivider
                0x08002054       0xa0 ./Libraries/XMCLib/src/xmc_eth_mac.o
                0x08002054                XMC_ETH_MAC_SetManagmentClockDivider
 .text.XMC_ETH_MAC_Enable
                0x080020f4       0x24 ./Libraries/XMCLib/src/xmc_eth_mac.o
                0x080020f4                XMC_ETH_MAC_Enable
 .text.XMC_ETH_MAC_ReadPhy
                0x08002118       0x74 ./Libraries/XMCLib/src/xmc_eth_mac.o
                0x08002118                XMC_ETH_MAC_ReadPhy
 .text.XMC_ETH_MAC_WritePhy
                0x0800218c       0x78 ./Libraries/XMCLib/src/xmc_eth_mac.o
                0x0800218c                XMC_ETH_MAC_WritePhy
 .text.XMC_ETH_MAC_EnableEvent
                0x08002204       0x70 ./Libraries/XMCLib/src/xmc_eth_mac.o
                0x08002204                XMC_ETH_MAC_EnableEvent
 .text.XMC_ETH_MAC_DisableEvent
                0x08002274       0x4c ./Libraries/XMCLib/src/xmc_eth_mac.o
                0x08002274                XMC_ETH_MAC_DisableEvent
 .text.XMC_ETH_MAC_ClearEventStatus
                0x080022c0       0x60 ./Libraries/XMCLib/src/xmc_eth_mac.o
                0x080022c0                XMC_ETH_MAC_ClearEventStatus
 .text.XMC_ETH_MAC_ReturnRxDescriptor
                0x08002320       0x60 ./Libraries/XMCLib/src/xmc_eth_mac.o
                0x08002320                XMC_ETH_MAC_ReturnRxDescriptor
 .text.XMC_ETH_MAC_ReturnTxDescriptor
                0x08002380       0x74 ./Libraries/XMCLib/src/xmc_eth_mac.o
                0x08002380                XMC_ETH_MAC_ReturnTxDescriptor
 .text.XMC_GPIO_SetMode
                0x080023f4       0x80 ./Libraries/XMCLib/src/xmc_gpio.o
                0x080023f4                XMC_GPIO_SetMode
 .text.XMC_GPIO_SetHardwareControl
                0x08002474       0x44 ./Libraries/XMCLib/src/xmc_gpio.o
                0x08002474                XMC_GPIO_SetHardwareControl
 .text.XMC_USIC_CH_GetTransmitBufferStatus
                0x080024b8       0x20 ./Libraries/XMCLib/src/xmc_spi.o
 .text.XMC_USIC_CH_SetMode
                0x080024d8       0x28 ./Libraries/XMCLib/src/xmc_spi.o
 .text.XMC_SPI_CH_Init
                0x08002500       0x80 ./Libraries/XMCLib/src/xmc_spi.o
                0x08002500                XMC_SPI_CH_Init
 .text.XMC_SPI_CH_SetBaudrate
                0x08002580       0x3c ./Libraries/XMCLib/src/xmc_spi.o
                0x08002580                XMC_SPI_CH_SetBaudrate
 .text.XMC_SPI_CH_GetReceivedData
                0x080025bc       0x34 ./Libraries/XMCLib/src/xmc_spi.o
                0x080025bc                XMC_SPI_CH_GetReceivedData
 .text.XMC_SPI_CH_Stop
                0x080025f0       0x34 ./Libraries/XMCLib/src/xmc_spi.o
                0x080025f0                XMC_SPI_CH_Stop
 .text.XMC_USIC_CH_GetTransmitBufferStatus
                0x08002624       0x20 ./Libraries/XMCLib/src/xmc_uart.o
 .text.XMC_UART_CH_ClearStatusFlag
                0x08002644       0x1c ./Libraries/XMCLib/src/xmc_uart.o
 .text.XMC_UART_CH_Init
                0x08002660       0xc8 ./Libraries/XMCLib/src/xmc_uart.o
                0x08002660                XMC_UART_CH_Init
 .text.XMC_UART_CH_Transmit
                0x08002728       0x4c ./Libraries/XMCLib/src/xmc_uart.o
                0x08002728                XMC_UART_CH_Transmit
 .text.XMC_UART_CH_GetReceivedData
                0x08002774       0x34 ./Libraries/XMCLib/src/xmc_uart.o
                0x08002774                XMC_UART_CH_GetReceivedData
 .text.XMC_USIC_CH_Enable
                0x080027a8       0x98 ./Libraries/XMCLib/src/xmc_usic.o
                0x080027a8                XMC_USIC_CH_Enable
 .text.XMC_USIC_CH_SetBaudrate
                0x08002840       0xe0 ./Libraries/XMCLib/src/xmc_usic.o
                0x08002840                XMC_USIC_CH_SetBaudrate
 .text.XMC_USIC_CH_SetBaudrateEx
                0x08002920      0x100 ./Libraries/XMCLib/src/xmc_usic.o
                0x08002920                XMC_USIC_CH_SetBaudrateEx
 .text.XMC_USIC_CH_TXFIFO_Configure
                0x08002a20       0x50 ./Libraries/XMCLib/src/xmc_usic.o
                0x08002a20                XMC_USIC_CH_TXFIFO_Configure
 .text.XMC_USIC_CH_RXFIFO_Configure
                0x08002a70       0x54 ./Libraries/XMCLib/src/xmc_usic.o
                0x08002a70                XMC_USIC_CH_RXFIFO_Configure
 .text.XMC_USIC_CH_SetInterruptNodePointer
                0x08002ac4       0x38 ./Libraries/XMCLib/src/xmc_usic.o
                0x08002ac4                XMC_USIC_CH_SetInterruptNodePointer
 .text.XMC_USIC_Enable
                0x08002afc       0xc0 ./Libraries/XMCLib/src/xmc_usic.o
                0x08002afc                XMC_USIC_Enable
 .text._sbrk    0x08002bbc       0x68 ./Libraries/Newlib/syscalls.o
                0x08002bbc                _sbrk
 .text._init    0x08002c24        0xc ./Libraries/Newlib/syscalls.o
                0x08002c24                _init
 .text.XMC_USIC_CH_DisableEvent
                0x08002c30       0x24 ./Dave/Generated/UART/uart.o
 .text.XMC_USIC_CH_GetTransmitBufferStatus
                0x08002c54       0x20 ./Dave/Generated/UART/uart.o
 .text.XMC_USIC_CH_TXFIFO_DisableEvent
                0x08002c74       0x28 ./Dave/Generated/UART/uart.o
 .text.XMC_USIC_CH_TXFIFO_IsFull
                0x08002c9c       0x28 ./Dave/Generated/UART/uart.o
 .text.XMC_USIC_CH_TXFIFO_IsEmpty
                0x08002cc4       0x28 ./Dave/Generated/UART/uart.o
 .text.XMC_USIC_CH_RXFIFO_Flush
                0x08002cec       0x1c ./Dave/Generated/UART/uart.o
 .text.XMC_USIC_CH_RXFIFO_IsEmpty
                0x08002d08       0x28 ./Dave/Generated/UART/uart.o
 .text.XMC_UART_CH_GetStatusFlag
                0x08002d30       0x18 ./Dave/Generated/UART/uart.o
 .text.XMC_UART_CH_ClearStatusFlag
                0x08002d48       0x1c ./Dave/Generated/UART/uart.o
 .text.UART_Init
                0x08002d64       0x24 ./Dave/Generated/UART/uart.o
                0x08002d64                UART_Init
 .text.UART_Receive
                0x08002d88       0x38 ./Dave/Generated/UART/uart.o
                0x08002d88                UART_Receive
 .text.UART_lStartReceivePolling
                0x08002dc0       0xe4 ./Dave/Generated/UART/uart.o
 .text.UART_lTransmitHandler
                0x08002ea4      0x10c ./Dave/Generated/UART/uart.o
                0x08002ea4                UART_lTransmitHandler
 .text.__NVIC_GetPriorityGrouping
                0x08002fb0       0x1c ./Dave/Generated/UART/uart_conf.o
 .text.__NVIC_EnableIRQ
                0x08002fcc       0x38 ./Dave/Generated/UART/uart_conf.o
 .text.__NVIC_SetPriority
                0x08003004       0x54 ./Dave/Generated/UART/uart_conf.o
 .text.NVIC_EncodePriority
                0x08003058       0x64 ./Dave/Generated/UART/uart_conf.o
 .text.XMC_USIC_CH_SetInputSource
                0x080030bc       0x3c ./Dave/Generated/UART/uart_conf.o
 .text.XMC_USIC_CH_EnableEvent
                0x080030f8       0x20 ./Dave/Generated/UART/uart_conf.o
 .text.XMC_UART_CH_Start
                0x08003118       0x24 ./Dave/Generated/UART/uart_conf.o
 .text.UART_0_init
                0x0800313c       0xb0 ./Dave/Generated/UART/uart_conf.o
                0x0800313c                UART_0_init
 .text.USIC1_0_IRQHandler
                0x080031ec       0x10 ./Dave/Generated/UART/uart_conf.o
                0x080031ec                USIC1_0_IRQHandler
 .text.XMC_CCU4_EnableClock
                0x080031fc       0x20 ./Dave/Generated/TIMER/timer.o
 .text.XMC_CCU4_SLICE_StartTimer
                0x0800321c       0x18 ./Dave/Generated/TIMER/timer.o
 .text.XMC_CCU4_SLICE_ClearTimer
                0x08003234       0x18 ./Dave/Generated/TIMER/timer.o
 .text.XMC_CCU4_SLICE_SetTimerPeriodMatch
                0x0800324c       0x1c ./Dave/Generated/TIMER/timer.o
 .text.XMC_CCU4_SLICE_SetTimerCompareMatch
                0x08003268       0x1c ./Dave/Generated/TIMER/timer.o
 .text.XMC_CCU4_EnableShadowTransfer
                0x08003284       0x1c ./Dave/Generated/TIMER/timer.o
 .text.XMC_CCU4_SLICE_EnableEvent
                0x080032a0       0x2c ./Dave/Generated/TIMER/timer.o
 .text.TIMER_Init
                0x080032cc       0x3c ./Dave/Generated/TIMER/timer.o
                0x080032cc                TIMER_Init
 .text.TIMER_CCU4_lInit
                0x08003308       0x98 ./Dave/Generated/TIMER/timer.o
                0x08003308                TIMER_CCU4_lInit
 .text.TIMER_CCU4_lShadowTransfer
                0x080033a0       0x3c ./Dave/Generated/TIMER/timer.o
                0x080033a0                TIMER_CCU4_lShadowTransfer
 .text.__NVIC_GetPriorityGrouping
                0x080033dc       0x1c ./Dave/Generated/SYSTIMER/systimer.o
 .text.__NVIC_SetPriority
                0x080033f8       0x54 ./Dave/Generated/SYSTIMER/systimer.o
 .text.NVIC_EncodePriority
                0x0800344c       0x64 ./Dave/Generated/SYSTIMER/systimer.o
 .text.SysTick_Config
                0x080034b0       0x44 ./Dave/Generated/SYSTIMER/systimer.o
 .text.SYSTIMER_lInsertTimerList
                0x080034f4      0x1c4 ./Dave/Generated/SYSTIMER/systimer.o
 .text.SYSTIMER_lRemoveTimerList
                0x080036b8       0xc0 ./Dave/Generated/SYSTIMER/systimer.o
 .text.SYSTIMER_lTimerHandler
                0x08003778       0xcc ./Dave/Generated/SYSTIMER/systimer.o
 .text.SysTick_Handler
                0x08003844       0x48 ./Dave/Generated/SYSTIMER/systimer.o
                0x08003844                SysTick_Handler
 .text.SYSTIMER_Init
                0x0800388c       0x74 ./Dave/Generated/SYSTIMER/systimer.o
                0x0800388c                SYSTIMER_Init
 .text.SYSTIMER_GetTickCount
                0x08003900       0x18 ./Dave/Generated/SYSTIMER/systimer.o
                0x08003900                SYSTIMER_GetTickCount
 .text.XMC_USIC_CH_WriteToTBUFTCI
                0x08003918       0x24 ./Dave/Generated/SPI_MASTER/spi_master.o
 .text.XMC_USIC_CH_GetTransmitBufferStatus
                0x0800393c       0x20 ./Dave/Generated/SPI_MASTER/spi_master.o
 .text.XMC_USIC_CH_GetReceiveBufferStatus
                0x0800395c       0x1c ./Dave/Generated/SPI_MASTER/spi_master.o
 .text.XMC_USIC_CH_TXFIFO_PutDataHPCMode
                0x08003978       0x24 ./Dave/Generated/SPI_MASTER/spi_master.o
 .text.XMC_USIC_CH_RXFIFO_Flush
                0x0800399c       0x1c ./Dave/Generated/SPI_MASTER/spi_master.o
 .text.XMC_USIC_CH_RXFIFO_IsEmpty
                0x080039b8       0x28 ./Dave/Generated/SPI_MASTER/spi_master.o
 .text.XMC_USIC_CH_RXFIFO_ClearEvent
                0x080039e0       0x1c ./Dave/Generated/SPI_MASTER/spi_master.o
 .text.XMC_USIC_CH_ConfigureShiftClockOutput
                0x080039fc       0x2c ./Dave/Generated/SPI_MASTER/spi_master.o
 .text.XMC_USIC_CH_SetMode
                0x08003a28       0x28 ./Dave/Generated/SPI_MASTER/spi_master.o
 .text.XMC_SPI_CH_Start
                0x08003a50       0x18 ./Dave/Generated/SPI_MASTER/spi_master.o
 .text.XMC_SPI_CH_SetTransmitMode
                0x08003a68       0x2c ./Dave/Generated/SPI_MASTER/spi_master.o
 .text.XMC_SPI_CH_ClearStatusFlag
                0x08003a94       0x20 ./Dave/Generated/SPI_MASTER/spi_master.o
 .text.XMC_SPI_CH_SetSlaveSelectDelay
                0x08003ab4       0x2c ./Dave/Generated/SPI_MASTER/spi_master.o
 .text.XMC_SPI_CH_ConfigureShiftClockOutput
                0x08003ae0       0x1c ./Dave/Generated/SPI_MASTER/spi_master.o
 .text.SPI_MASTER_Init
                0x08003afc       0x20 ./Dave/Generated/SPI_MASTER/spi_master.o
                0x08003afc                SPI_MASTER_Init
 .text.SPI_MASTER_SetBaudRate
                0x08003b1c       0xac ./Dave/Generated/SPI_MASTER/spi_master.o
                0x08003b1c                SPI_MASTER_SetBaudRate
 .text.SPI_MASTER_Transfer
                0x08003bc8       0xb8 ./Dave/Generated/SPI_MASTER/spi_master.o
                0x08003bc8                SPI_MASTER_Transfer
 .text.SPI_MASTER_lReceivePolling
                0x08003c80      0x400 ./Dave/Generated/SPI_MASTER/spi_master.o
 .text.SPI_MASTER_lStdRBUFFlush
                0x08004080       0x1c ./Dave/Generated/SPI_MASTER/spi_master.o
 .text.SPI_MASTER_lPortModeSet
                0x0800409c      0x1a8 ./Dave/Generated/SPI_MASTER/spi_master.o
 .text.SPI_MASTER_lPortModeReset
                0x08004244      0x15c ./Dave/Generated/SPI_MASTER/spi_master.o
 .text.XMC_USIC_CH_SetInputSource
                0x080043a0       0x3c ./Dave/Generated/SPI_MASTER/spi_master_conf.o
 .text.XMC_USIC_CH_SetWordLength
                0x080043dc       0x2c ./Dave/Generated/SPI_MASTER/spi_master_conf.o
 .text.XMC_USIC_CH_SetFrameLength
                0x08004408       0x2c ./Dave/Generated/SPI_MASTER/spi_master_conf.o
 .text.XMC_USIC_CH_ConfigureShiftClockOutput
                0x08004434       0x2c ./Dave/Generated/SPI_MASTER/spi_master_conf.o
 .text.XMC_USIC_CH_SetMode
                0x08004460       0x28 ./Dave/Generated/SPI_MASTER/spi_master_conf.o
 .text.XMC_SPI_CH_Start
                0x08004488       0x18 ./Dave/Generated/SPI_MASTER/spi_master_conf.o
 .text.XMC_SPI_CH_SetBitOrderMsbFirst
                0x080044a0       0x20 ./Dave/Generated/SPI_MASTER/spi_master_conf.o
 .text.XMC_SPI_CH_SetSlaveSelectDelay
                0x080044c0       0x2c ./Dave/Generated/SPI_MASTER/spi_master_conf.o
 .text.XMC_SPI_CH_ConfigureShiftClockOutput
                0x080044ec       0x1c ./Dave/Generated/SPI_MASTER/spi_master_conf.o
 .text.XMC_SPI_CH_SetWordLength
                0x08004508       0x1c ./Dave/Generated/SPI_MASTER/spi_master_conf.o
 .text.XMC_SPI_CH_SetFrameLength
                0x08004524       0x1c ./Dave/Generated/SPI_MASTER/spi_master_conf.o
 .text.XMC_SPI_CH_SetInputSource
                0x08004540       0x44 ./Dave/Generated/SPI_MASTER/spi_master_conf.o
 .text.SPI_MASTER_0_lInit
                0x08004584       0xb4 ./Dave/Generated/SPI_MASTER/spi_master_conf.o
 .text.__NVIC_GetPriorityGrouping
                0x08004638       0x1c ./Dave/Generated/INTERRUPT/interrupt.o
 .text.__NVIC_EnableIRQ
                0x08004654       0x38 ./Dave/Generated/INTERRUPT/interrupt.o
 .text.__NVIC_SetPriority
                0x0800468c       0x54 ./Dave/Generated/INTERRUPT/interrupt.o
 .text.NVIC_EncodePriority
                0x080046e0       0x64 ./Dave/Generated/INTERRUPT/interrupt.o
 .text.INTERRUPT_Enable
                0x08004744       0x1c ./Dave/Generated/INTERRUPT/interrupt.o
 .text.INTERRUPT_Init
                0x08004760       0x4c ./Dave/Generated/INTERRUPT/interrupt.o
                0x08004760                INTERRUPT_Init
 .text.XMC_CCU4_StartPrescaler
                0x080047ac       0x1c ./Dave/Generated/GLOBAL_CCU4/global_ccu4.o
 .text.GLOBAL_CCU4_Init
                0x080047c8       0x40 ./Dave/Generated/GLOBAL_CCU4/global_ccu4.o
                0x080047c8                GLOBAL_CCU4_Init
 .text.__NVIC_GetPriorityGrouping
                0x08004808       0x1c ./Dave/Generated/ETH_LWIP/lwip/port/netif/ethernetif.o
 .text.__NVIC_EnableIRQ
                0x08004824       0x38 ./Dave/Generated/ETH_LWIP/lwip/port/netif/ethernetif.o
 .text.__NVIC_DisableIRQ
                0x0800485c       0x44 ./Dave/Generated/ETH_LWIP/lwip/port/netif/ethernetif.o
 .text.__NVIC_ClearPendingIRQ
                0x080048a0       0x3c ./Dave/Generated/ETH_LWIP/lwip/port/netif/ethernetif.o
 .text.__NVIC_SetPriority
                0x080048dc       0x54 ./Dave/Generated/ETH_LWIP/lwip/port/netif/ethernetif.o
 .text.NVIC_EncodePriority
                0x08004930       0x64 ./Dave/Generated/ETH_LWIP/lwip/port/netif/ethernetif.o
 .text.XMC_ETH_MAC_SetPortControl
                0x08004994       0x20 ./Dave/Generated/ETH_LWIP/lwip/port/netif/ethernetif.o
 .text.XMC_ETH_MAC_SetAddress
                0x080049b4       0x2c ./Dave/Generated/ETH_LWIP/lwip/port/netif/ethernetif.o
 .text.XMC_ETH_MAC_EnableReceptionBroadcastFrames
                0x080049e0       0x24 ./Dave/Generated/ETH_LWIP/lwip/port/netif/ethernetif.o
 .text.XMC_ETH_MAC_DisableJumboFrame
                0x08004a04       0x24 ./Dave/Generated/ETH_LWIP/lwip/port/netif/ethernetif.o
 .text.XMC_ETH_MAC_SetLink
                0x08004a28       0x34 ./Dave/Generated/ETH_LWIP/lwip/port/netif/ethernetif.o
 .text.XMC_ETH_MAC_IsRxDescriptorOwnedByDma
                0x08004a5c       0x28 ./Dave/Generated/ETH_LWIP/lwip/port/netif/ethernetif.o
 .text.XMC_ETH_MAC_IsTxDescriptorOwnedByDma
                0x08004a84       0x28 ./Dave/Generated/ETH_LWIP/lwip/port/netif/ethernetif.o
 .text.XMC_ETH_MAC_EnableRx
                0x08004aac       0x40 ./Dave/Generated/ETH_LWIP/lwip/port/netif/ethernetif.o
 .text.XMC_ETH_MAC_DisableRx
                0x08004aec       0x40 ./Dave/Generated/ETH_LWIP/lwip/port/netif/ethernetif.o
 .text.XMC_ETH_MAC_EnableTx
                0x08004b2c       0x40 ./Dave/Generated/ETH_LWIP/lwip/port/netif/ethernetif.o
 .text.XMC_ETH_MAC_DisableTx
                0x08004b6c       0x40 ./Dave/Generated/ETH_LWIP/lwip/port/netif/ethernetif.o
 .text.XMC_ETH_MAC_ResumeTx
                0x08004bac       0x30 ./Dave/Generated/ETH_LWIP/lwip/port/netif/ethernetif.o
 .text.XMC_ETH_MAC_ResumeRx
                0x08004bdc       0x30 ./Dave/Generated/ETH_LWIP/lwip/port/netif/ethernetif.o
 .text.XMC_ETH_MAC_GetTxBuffer
                0x08004c0c       0x24 ./Dave/Generated/ETH_LWIP/lwip/port/netif/ethernetif.o
 .text.XMC_ETH_MAC_GetRxBuffer
                0x08004c30       0x24 ./Dave/Generated/ETH_LWIP/lwip/port/netif/ethernetif.o
 .text.XMC_ETH_MAC_SetTxBufferSize
                0x08004c54       0x28 ./Dave/Generated/ETH_LWIP/lwip/port/netif/ethernetif.o
 .text.ethernetif_link_callback
                0x08004c7c       0xec ./Dave/Generated/ETH_LWIP/lwip/port/netif/ethernetif.o
 .text.ethernetif_link_status
                0x08004d68       0x60 ./Dave/Generated/ETH_LWIP/lwip/port/netif/ethernetif.o
 .text.low_level_init
                0x08004dc8      0x164 ./Dave/Generated/ETH_LWIP/lwip/port/netif/ethernetif.o
 .text.low_level_output
                0x08004f2c       0xa8 ./Dave/Generated/ETH_LWIP/lwip/port/netif/ethernetif.o
 .text.low_level_input
                0x08004fd4       0xcc ./Dave/Generated/ETH_LWIP/lwip/port/netif/ethernetif.o
 .text.ethernetif_input
                0x080050a0       0x80 ./Dave/Generated/ETH_LWIP/lwip/port/netif/ethernetif.o
 .text.ethernetif_init
                0x08005120       0x80 ./Dave/Generated/ETH_LWIP/lwip/port/netif/ethernetif.o
                0x08005120                ethernetif_init
 .text.ETH_LWIP_UserIRQ
                0x080051a0        0xc ./Dave/Generated/ETH_LWIP/lwip/port/netif/ethernetif.o
                0x080051a0                ETH_LWIP_UserIRQ
 .text.ETH0_0_IRQHandler
                0x080051ac       0x20 ./Dave/Generated/ETH_LWIP/lwip/port/netif/ethernetif.o
                0x080051ac                ETH0_0_IRQHandler
 .text.ETH_LWIP_Error
                0x080051cc       0x24 ./Dave/Generated/ETH_LWIP/lwip/port/netif/ethernetif.o
                0x080051cc                ETH_LWIP_Error
 .text.memcpy   0x080051f0       0x40 ./Dave/Generated/ETH_LWIP/lwip/port/memcpy.o
                0x080051f0                memcpy
 .text.sys_now  0x08005230       0x10 ./Dave/Generated/ETH_LWIP/lwip/port/sys_arch.o
                0x08005230                sys_now
 .text.ethernet_input
                0x08005240      0x118 ./Dave/Generated/ETH_LWIP/lwip/netif/ethernet.o
                0x08005240                ethernet_input
 .text.ethernet_output
                0x08005358       0x6c ./Dave/Generated/ETH_LWIP/lwip/netif/ethernet.o
                0x08005358                ethernet_output
 .text.etharp_free_entry
                0x080053c4       0x64 ./Dave/Generated/ETH_LWIP/lwip/core/ipv4/etharp.o
 .text.etharp_tmr
                0x08005428      0x150 ./Dave/Generated/ETH_LWIP/lwip/core/ipv4/etharp.o
                0x08005428                etharp_tmr
 .text.etharp_find_entry
                0x08005578      0x240 ./Dave/Generated/ETH_LWIP/lwip/core/ipv4/etharp.o
 .text.etharp_update_arp_entry
                0x080057b8      0x128 ./Dave/Generated/ETH_LWIP/lwip/core/ipv4/etharp.o
 .text.etharp_cleanup_netif
                0x080058e0       0x5c ./Dave/Generated/ETH_LWIP/lwip/core/ipv4/etharp.o
                0x080058e0                etharp_cleanup_netif
 .text.etharp_input
                0x0800593c      0x108 ./Dave/Generated/ETH_LWIP/lwip/core/ipv4/etharp.o
                0x0800593c                etharp_input
 .text.etharp_output_to_arp_index
                0x08005a44      0x104 ./Dave/Generated/ETH_LWIP/lwip/core/ipv4/etharp.o
 .text.etharp_output
                0x08005b48      0x1b0 ./Dave/Generated/ETH_LWIP/lwip/core/ipv4/etharp.o
                0x08005b48                etharp_output
 .text.etharp_query
                0x08005cf8      0x1e0 ./Dave/Generated/ETH_LWIP/lwip/core/ipv4/etharp.o
                0x08005cf8                etharp_query
 .text.etharp_raw
                0x08005ed8       0xc8 ./Dave/Generated/ETH_LWIP/lwip/core/ipv4/etharp.o
 .text.etharp_request_dst
                0x08005fa0       0x44 ./Dave/Generated/ETH_LWIP/lwip/core/ipv4/etharp.o
 .text.etharp_request
                0x08005fe4       0x24 ./Dave/Generated/ETH_LWIP/lwip/core/ipv4/etharp.o
                0x08005fe4                etharp_request
 .text.icmp_input
                0x08006008      0x1c8 ./Dave/Generated/ETH_LWIP/lwip/core/ipv4/icmp.o
                0x08006008                icmp_input
 .text.icmp_dest_unreach
                0x080061d0       0x20 ./Dave/Generated/ETH_LWIP/lwip/core/ipv4/icmp.o
                0x080061d0                icmp_dest_unreach
 .text.icmp_send_response
                0x080061f0       0xb0 ./Dave/Generated/ETH_LWIP/lwip/core/ipv4/icmp.o
 .text.ip4_route
                0x080062a0       0xd8 ./Dave/Generated/ETH_LWIP/lwip/core/ipv4/ip4.o
                0x080062a0                ip4_route
 .text.ip4_input_accept
                0x08006378       0x54 ./Dave/Generated/ETH_LWIP/lwip/core/ipv4/ip4.o
 .text.ip4_input
                0x080063cc      0x258 ./Dave/Generated/ETH_LWIP/lwip/core/ipv4/ip4.o
                0x080063cc                ip4_input
 .text.ip4_output_if
                0x08006624       0x54 ./Dave/Generated/ETH_LWIP/lwip/core/ipv4/ip4.o
                0x08006624                ip4_output_if
 .text.ip4_output_if_src
                0x08006678       0xfc ./Dave/Generated/ETH_LWIP/lwip/core/ipv4/ip4.o
                0x08006678                ip4_output_if_src
 .text.ip4_addr_isbroadcast_u32
                0x08006774       0x84 ./Dave/Generated/ETH_LWIP/lwip/core/ipv4/ip4_addr.o
                0x08006774                ip4_addr_isbroadcast_u32
 .text.lwip_htons
                0x080067f8       0x2c ./Dave/Generated/ETH_LWIP/lwip/core/def.o
                0x080067f8                lwip_htons
 .text.lwip_htonl
                0x08006824       0x34 ./Dave/Generated/ETH_LWIP/lwip/core/def.o
                0x08006824                lwip_htonl
 .text.lwip_init
                0x08006858       0x28 ./Dave/Generated/ETH_LWIP/lwip/core/init.o
                0x08006858                lwip_init
 .text.ptr_to_mem
                0x08006880       0x24 ./Dave/Generated/ETH_LWIP/lwip/core/mem.o
 .text.mem_to_ptr
                0x080068a4       0x24 ./Dave/Generated/ETH_LWIP/lwip/core/mem.o
 .text.plug_holes
                0x080068c8       0xc8 ./Dave/Generated/ETH_LWIP/lwip/core/mem.o
 .text.mem_init
                0x08006990       0x78 ./Dave/Generated/ETH_LWIP/lwip/core/mem.o
                0x08006990                mem_init
 .text.mem_link_valid
                0x08006a08       0x78 ./Dave/Generated/ETH_LWIP/lwip/core/mem.o
 .text.mem_free
                0x08006a80       0x84 ./Dave/Generated/ETH_LWIP/lwip/core/mem.o
                0x08006a80                mem_free
 .text.mem_trim
                0x08006b04      0x180 ./Dave/Generated/ETH_LWIP/lwip/core/mem.o
                0x08006b04                mem_trim
 .text.mem_malloc
                0x08006c84      0x14c ./Dave/Generated/ETH_LWIP/lwip/core/mem.o
                0x08006c84                mem_malloc
 .text.memp_init_pool
                0x08006dd0       0x5c ./Dave/Generated/ETH_LWIP/lwip/core/memp.o
                0x08006dd0                memp_init_pool
 .text.memp_init
                0x08006e2c       0x30 ./Dave/Generated/ETH_LWIP/lwip/core/memp.o
                0x08006e2c                memp_init
 .text.do_memp_malloc_pool
                0x08006e5c       0x34 ./Dave/Generated/ETH_LWIP/lwip/core/memp.o
 .text.memp_malloc
                0x08006e90       0x34 ./Dave/Generated/ETH_LWIP/lwip/core/memp.o
                0x08006e90                memp_malloc
 .text.do_memp_free_pool
                0x08006ec4       0x2c ./Dave/Generated/ETH_LWIP/lwip/core/memp.o
 .text.memp_free
                0x08006ef0       0x38 ./Dave/Generated/ETH_LWIP/lwip/core/memp.o
                0x08006ef0                memp_free
 .text.netif_init
                0x08006f28        0xc ./Dave/Generated/ETH_LWIP/lwip/core/netif.o
                0x08006f28                netif_init
 .text.netif_add
                0x08006f34      0x140 ./Dave/Generated/ETH_LWIP/lwip/core/netif.o
                0x08006f34                netif_add
 .text.netif_do_ip_addr_changed
                0x08007074       0x28 ./Dave/Generated/ETH_LWIP/lwip/core/netif.o
 .text.netif_do_set_ipaddr
                0x0800709c       0x60 ./Dave/Generated/ETH_LWIP/lwip/core/netif.o
 .text.netif_do_set_netmask
                0x080070fc       0x40 ./Dave/Generated/ETH_LWIP/lwip/core/netif.o
 .text.netif_do_set_gw
                0x0800713c       0x40 ./Dave/Generated/ETH_LWIP/lwip/core/netif.o
 .text.netif_set_addr
                0x0800717c       0x90 ./Dave/Generated/ETH_LWIP/lwip/core/netif.o
                0x0800717c                netif_set_addr
 .text.netif_set_default
                0x0800720c       0x1c ./Dave/Generated/ETH_LWIP/lwip/core/netif.o
                0x0800720c                netif_set_default
 .text.netif_set_up
                0x08007228       0x40 ./Dave/Generated/ETH_LWIP/lwip/core/netif.o
                0x08007228                netif_set_up
 .text.netif_issue_reports
                0x08007268       0x60 ./Dave/Generated/ETH_LWIP/lwip/core/netif.o
 .text.netif_set_down
                0x080072c8       0x4c ./Dave/Generated/ETH_LWIP/lwip/core/netif.o
                0x080072c8                netif_set_down
 .text.netif_set_link_up
                0x08007314       0x50 ./Dave/Generated/ETH_LWIP/lwip/core/netif.o
                0x08007314                netif_set_link_up
 .text.netif_set_link_down
                0x08007364       0x48 ./Dave/Generated/ETH_LWIP/lwip/core/netif.o
                0x08007364                netif_set_link_down
 .text.netif_set_link_callback
                0x080073ac       0x20 ./Dave/Generated/ETH_LWIP/lwip/core/netif.o
                0x080073ac                netif_set_link_callback
 .text.netif_null_output_ip4
                0x080073cc       0x1c ./Dave/Generated/ETH_LWIP/lwip/core/netif.o
 .text.netif_get_by_index
                0x080073e8       0x4c ./Dave/Generated/ETH_LWIP/lwip/core/netif.o
                0x080073e8                netif_get_by_index
 .text.pbuf_free_ooseq
                0x08007434       0x40 ./Dave/Generated/ETH_LWIP/lwip/core/pbuf.o
                0x08007434                pbuf_free_ooseq
 .text.pbuf_pool_is_empty
                0x08007474       0x18 ./Dave/Generated/ETH_LWIP/lwip/core/pbuf.o
 .text.pbuf_init_alloced_pbuf
                0x0800748c       0x54 ./Dave/Generated/ETH_LWIP/lwip/core/pbuf.o
 .text.pbuf_alloc
                0x080074e0      0x168 ./Dave/Generated/ETH_LWIP/lwip/core/pbuf.o
                0x080074e0                pbuf_alloc
 .text.pbuf_alloc_reference
                0x08007648       0x44 ./Dave/Generated/ETH_LWIP/lwip/core/pbuf.o
                0x08007648                pbuf_alloc_reference
 .text.pbuf_realloc
                0x0800768c       0xb4 ./Dave/Generated/ETH_LWIP/lwip/core/pbuf.o
                0x0800768c                pbuf_realloc
 .text.pbuf_add_header_impl
                0x08007740       0xb8 ./Dave/Generated/ETH_LWIP/lwip/core/pbuf.o
 .text.pbuf_add_header
                0x080077f8       0x20 ./Dave/Generated/ETH_LWIP/lwip/core/pbuf.o
                0x080077f8                pbuf_add_header
 .text.pbuf_remove_header
                0x08007818       0x74 ./Dave/Generated/ETH_LWIP/lwip/core/pbuf.o
                0x08007818                pbuf_remove_header
 .text.pbuf_header_impl
                0x0800788c       0x44 ./Dave/Generated/ETH_LWIP/lwip/core/pbuf.o
 .text.pbuf_header
                0x080078d0       0x24 ./Dave/Generated/ETH_LWIP/lwip/core/pbuf.o
                0x080078d0                pbuf_header
 .text.pbuf_header_force
                0x080078f4       0x24 ./Dave/Generated/ETH_LWIP/lwip/core/pbuf.o
                0x080078f4                pbuf_header_force
 .text.pbuf_free
                0x08007918       0x8c ./Dave/Generated/ETH_LWIP/lwip/core/pbuf.o
                0x08007918                pbuf_free
 .text.pbuf_clen
                0x080079a4       0x30 ./Dave/Generated/ETH_LWIP/lwip/core/pbuf.o
                0x080079a4                pbuf_clen
 .text.pbuf_ref
                0x080079d4       0x24 ./Dave/Generated/ETH_LWIP/lwip/core/pbuf.o
                0x080079d4                pbuf_ref
 .text.pbuf_cat
                0x080079f8       0x5c ./Dave/Generated/ETH_LWIP/lwip/core/pbuf.o
                0x080079f8                pbuf_cat
 .text.pbuf_chain
                0x08007a54       0x20 ./Dave/Generated/ETH_LWIP/lwip/core/pbuf.o
                0x08007a54                pbuf_chain
 .text.pbuf_copy
                0x08007a74      0x114 ./Dave/Generated/ETH_LWIP/lwip/core/pbuf.o
                0x08007a74                pbuf_copy
 .text.pbuf_copy_partial
                0x08007b88       0xbc ./Dave/Generated/ETH_LWIP/lwip/core/pbuf.o
                0x08007b88                pbuf_copy_partial
 .text.pbuf_clone
                0x08007c44       0x44 ./Dave/Generated/ETH_LWIP/lwip/core/pbuf.o
                0x08007c44                pbuf_clone
 .text.raw_input_local_match
                0x08007c88       0x74 ./Dave/Generated/ETH_LWIP/lwip/core/raw.o
 .text.raw_input
                0x08007cfc       0xe0 ./Dave/Generated/ETH_LWIP/lwip/core/raw.o
                0x08007cfc                raw_input
 .text.raw_netif_ip_addr_changed
                0x08007ddc       0x5c ./Dave/Generated/ETH_LWIP/lwip/core/raw.o
                0x08007ddc                raw_netif_ip_addr_changed
 .text.tcp_init
                0x08007e38       0x24 ./Dave/Generated/ETH_LWIP/lwip/core/tcp.o
                0x08007e38                tcp_init
 .text.tcp_free
                0x08007e5c       0x18 ./Dave/Generated/ETH_LWIP/lwip/core/tcp.o
                0x08007e5c                tcp_free
 .text.tcp_free_listen
                0x08007e74       0x18 ./Dave/Generated/ETH_LWIP/lwip/core/tcp.o
 .text.tcp_tmr  0x08007e8c       0x2c ./Dave/Generated/ETH_LWIP/lwip/core/tcp.o
                0x08007e8c                tcp_tmr
 .text.tcp_remove_listener
                0x08007eb8       0x38 ./Dave/Generated/ETH_LWIP/lwip/core/tcp.o
 .text.tcp_listen_closed
                0x08007ef0       0x38 ./Dave/Generated/ETH_LWIP/lwip/core/tcp.o
 .text.tcp_backlog_accepted
                0x08007f28       0x40 ./Dave/Generated/ETH_LWIP/lwip/core/tcp.o
                0x08007f28                tcp_backlog_accepted
 .text.tcp_close_shutdown
                0x08007f68      0x180 ./Dave/Generated/ETH_LWIP/lwip/core/tcp.o
 .text.tcp_close_shutdown_fin
                0x080080e8       0xb0 ./Dave/Generated/ETH_LWIP/lwip/core/tcp.o
 .text.tcp_close
                0x08008198       0x3c ./Dave/Generated/ETH_LWIP/lwip/core/tcp.o
                0x08008198                tcp_close
 .text.tcp_abandon
                0x080081d4      0x14c ./Dave/Generated/ETH_LWIP/lwip/core/tcp.o
                0x080081d4                tcp_abandon
 .text.tcp_abort
                0x08008320       0x18 ./Dave/Generated/ETH_LWIP/lwip/core/tcp.o
                0x08008320                tcp_abort
 .text.tcp_update_rcv_ann_wnd
                0x08008338       0x80 ./Dave/Generated/ETH_LWIP/lwip/core/tcp.o
                0x08008338                tcp_update_rcv_ann_wnd
 .text.tcp_recved
                0x080083b8       0x6c ./Dave/Generated/ETH_LWIP/lwip/core/tcp.o
                0x080083b8                tcp_recved
 .text.tcp_slowtmr
                0x08008424      0x550 ./Dave/Generated/ETH_LWIP/lwip/core/tcp.o
                0x08008424                tcp_slowtmr
 .text.tcp_fasttmr
                0x08008974       0xc4 ./Dave/Generated/ETH_LWIP/lwip/core/tcp.o
                0x08008974                tcp_fasttmr
 .text.tcp_process_refused_data
                0x08008a38       0xdc ./Dave/Generated/ETH_LWIP/lwip/core/tcp.o
                0x08008a38                tcp_process_refused_data
 .text.tcp_segs_free
                0x08008b14       0x28 ./Dave/Generated/ETH_LWIP/lwip/core/tcp.o
                0x08008b14                tcp_segs_free
 .text.tcp_seg_free
                0x08008b3c       0x30 ./Dave/Generated/ETH_LWIP/lwip/core/tcp.o
                0x08008b3c                tcp_seg_free
 .text.tcp_seg_copy
                0x08008b6c       0x38 ./Dave/Generated/ETH_LWIP/lwip/core/tcp.o
                0x08008b6c                tcp_seg_copy
 .text.tcp_recv_null
                0x08008ba4       0x50 ./Dave/Generated/ETH_LWIP/lwip/core/tcp.o
                0x08008ba4                tcp_recv_null
 .text.tcp_kill_prio
                0x08008bf4       0x98 ./Dave/Generated/ETH_LWIP/lwip/core/tcp.o
 .text.tcp_kill_state
                0x08008c8c       0x6c ./Dave/Generated/ETH_LWIP/lwip/core/tcp.o
 .text.tcp_kill_timewait
                0x08008cf8       0x5c ./Dave/Generated/ETH_LWIP/lwip/core/tcp.o
 .text.tcp_handle_closepend
                0x08008d54       0x48 ./Dave/Generated/ETH_LWIP/lwip/core/tcp.o
 .text.tcp_alloc
                0x08008d9c      0x108 ./Dave/Generated/ETH_LWIP/lwip/core/tcp.o
                0x08008d9c                tcp_alloc
 .text.tcp_pcb_purge
                0x08008ea4       0x8c ./Dave/Generated/ETH_LWIP/lwip/core/tcp.o
                0x08008ea4                tcp_pcb_purge
 .text.tcp_pcb_remove
                0x08008f30       0x98 ./Dave/Generated/ETH_LWIP/lwip/core/tcp.o
                0x08008f30                tcp_pcb_remove
 .text.tcp_next_iss
                0x08008fc8       0x30 ./Dave/Generated/ETH_LWIP/lwip/core/tcp.o
                0x08008fc8                tcp_next_iss
 .text.tcp_eff_send_mss_netif
                0x08008ff8       0x58 ./Dave/Generated/ETH_LWIP/lwip/core/tcp.o
                0x08008ff8                tcp_eff_send_mss_netif
 .text.tcp_netif_ip_addr_changed_pcblist
                0x08009050       0x40 ./Dave/Generated/ETH_LWIP/lwip/core/tcp.o
 .text.tcp_netif_ip_addr_changed
                0x08009090       0x78 ./Dave/Generated/ETH_LWIP/lwip/core/tcp.o
                0x08009090                tcp_netif_ip_addr_changed
 .text.tcp_free_ooseq
                0x08009108       0x28 ./Dave/Generated/ETH_LWIP/lwip/core/tcp.o
                0x08009108                tcp_free_ooseq
 .text.tcp_input
                0x08009130      0x6b8 ./Dave/Generated/ETH_LWIP/lwip/core/tcp_in.o
                0x08009130                tcp_input
 .text.tcp_input_delayed_close
                0x080097e8       0x60 ./Dave/Generated/ETH_LWIP/lwip/core/tcp_in.o
 .text.tcp_listen_input
                0x08009848      0x204 ./Dave/Generated/ETH_LWIP/lwip/core/tcp_in.o
 .text.tcp_timewait_input
                0x08009a4c       0xd4 ./Dave/Generated/ETH_LWIP/lwip/core/tcp_in.o
 .text.tcp_process
                0x08009b20      0x73c ./Dave/Generated/ETH_LWIP/lwip/core/tcp_in.o
 .text.tcp_oos_insert_segment
                0x0800a25c       0xf0 ./Dave/Generated/ETH_LWIP/lwip/core/tcp_in.o
 .text.tcp_free_acked_segments
                0x0800a34c       0xac ./Dave/Generated/ETH_LWIP/lwip/core/tcp_in.o
 .text.tcp_receive
                0x0800a3f8      0xd78 ./Dave/Generated/ETH_LWIP/lwip/core/tcp_in.o
 .text.tcp_get_next_optbyte
                0x0800b170       0x6c ./Dave/Generated/ETH_LWIP/lwip/core/tcp_in.o
 .text.tcp_parseopt
                0x0800b1dc       0xc4 ./Dave/Generated/ETH_LWIP/lwip/core/tcp_in.o
 .text.tcp_trigger_input_pcb_close
                0x0800b2a0       0x20 ./Dave/Generated/ETH_LWIP/lwip/core/tcp_in.o
                0x0800b2a0                tcp_trigger_input_pcb_close
 .text.tcp_route
                0x0800b2c0       0x38 ./Dave/Generated/ETH_LWIP/lwip/core/tcp_out.o
 .text.tcp_create_segment
                0x0800b2f8       0xf0 ./Dave/Generated/ETH_LWIP/lwip/core/tcp_out.o
 .text.tcp_split_unsent_seg
                0x0800b3e8      0x20c ./Dave/Generated/ETH_LWIP/lwip/core/tcp_out.o
                0x0800b3e8                tcp_split_unsent_seg
 .text.tcp_send_fin
                0x0800b5f4       0x80 ./Dave/Generated/ETH_LWIP/lwip/core/tcp_out.o
                0x0800b5f4                tcp_send_fin
 .text.tcp_enqueue_flags
                0x0800b674      0x120 ./Dave/Generated/ETH_LWIP/lwip/core/tcp_out.o
                0x0800b674                tcp_enqueue_flags
 .text.tcp_output
                0x0800b794      0x368 ./Dave/Generated/ETH_LWIP/lwip/core/tcp_out.o
                0x0800b794                tcp_output
 .text.tcp_output_segment_busy
                0x0800bafc       0x24 ./Dave/Generated/ETH_LWIP/lwip/core/tcp_out.o
 .text.tcp_output_segment
                0x0800bb20      0x140 ./Dave/Generated/ETH_LWIP/lwip/core/tcp_out.o
 .text.tcp_rexmit_rto_prepare
                0x0800bc60       0xbc ./Dave/Generated/ETH_LWIP/lwip/core/tcp_out.o
                0x0800bc60                tcp_rexmit_rto_prepare
 .text.tcp_rexmit_rto_commit
                0x0800bd1c       0x30 ./Dave/Generated/ETH_LWIP/lwip/core/tcp_out.o
                0x0800bd1c                tcp_rexmit_rto_commit
 .text.tcp_rexmit_rto
                0x0800bd4c       0x20 ./Dave/Generated/ETH_LWIP/lwip/core/tcp_out.o
                0x0800bd4c                tcp_rexmit_rto
 .text.tcp_rexmit
                0x0800bd6c       0xb8 ./Dave/Generated/ETH_LWIP/lwip/core/tcp_out.o
                0x0800bd6c                tcp_rexmit
 .text.tcp_rexmit_fast
                0x0800be24       0xa0 ./Dave/Generated/ETH_LWIP/lwip/core/tcp_out.o
                0x0800be24                tcp_rexmit_fast
 .text.tcp_output_alloc_header_common
                0x0800bec4       0xc0 ./Dave/Generated/ETH_LWIP/lwip/core/tcp_out.o
 .text.tcp_output_alloc_header
                0x0800bf84       0x5c ./Dave/Generated/ETH_LWIP/lwip/core/tcp_out.o
 .text.tcp_output_fill_options
                0x0800bfe0       0x30 ./Dave/Generated/ETH_LWIP/lwip/core/tcp_out.o
 .text.tcp_output_control_segment
                0x0800c010       0x74 ./Dave/Generated/ETH_LWIP/lwip/core/tcp_out.o
 .text.tcp_rst  0x0800c084       0x68 ./Dave/Generated/ETH_LWIP/lwip/core/tcp_out.o
                0x0800c084                tcp_rst
 .text.tcp_send_empty_ack
                0x0800c0ec       0xa8 ./Dave/Generated/ETH_LWIP/lwip/core/tcp_out.o
                0x0800c0ec                tcp_send_empty_ack
 .text.tcp_keepalive
                0x0800c194       0x60 ./Dave/Generated/ETH_LWIP/lwip/core/tcp_out.o
                0x0800c194                tcp_keepalive
 .text.tcp_zero_window_probe
                0x0800c1f4      0x138 ./Dave/Generated/ETH_LWIP/lwip/core/tcp_out.o
                0x0800c1f4                tcp_zero_window_probe
 .text.tcpip_tcp_timer
                0x0800c32c       0x44 ./Dave/Generated/ETH_LWIP/lwip/core/timeouts.o
 .text.tcp_timer_needed
                0x0800c370       0x40 ./Dave/Generated/ETH_LWIP/lwip/core/timeouts.o
                0x0800c370                tcp_timer_needed
 .text.sys_timeout_abs
                0x0800c3b0       0xac ./Dave/Generated/ETH_LWIP/lwip/core/timeouts.o
 .text.lwip_cyclic_timer
                0x0800c45c       0x5c ./Dave/Generated/ETH_LWIP/lwip/core/timeouts.o
 .text.sys_timeouts_init
                0x0800c4b8       0x40 ./Dave/Generated/ETH_LWIP/lwip/core/timeouts.o
                0x0800c4b8                sys_timeouts_init
 .text.sys_timeout
                0x0800c4f8       0x28 ./Dave/Generated/ETH_LWIP/lwip/core/timeouts.o
                0x0800c4f8                sys_timeout
 .text.sys_check_timeouts
                0x0800c520       0x7c ./Dave/Generated/ETH_LWIP/lwip/core/timeouts.o
                0x0800c520                sys_check_timeouts
 .text.udp_init
                0x0800c59c       0x24 ./Dave/Generated/ETH_LWIP/lwip/core/udp.o
                0x0800c59c                udp_init
 .text.udp_new_port
                0x0800c5c0       0x74 ./Dave/Generated/ETH_LWIP/lwip/core/udp.o
 .text.udp_input_local_match
                0x0800c634       0x98 ./Dave/Generated/ETH_LWIP/lwip/core/udp.o
 .text.udp_input
                0x0800c6cc      0x1e4 ./Dave/Generated/ETH_LWIP/lwip/core/udp.o
                0x0800c6cc                udp_input
 .text.udp_sendto
                0x0800c8b0       0x74 ./Dave/Generated/ETH_LWIP/lwip/core/udp.o
                0x0800c8b0                udp_sendto
 .text.udp_sendto_if
                0x0800c924       0x90 ./Dave/Generated/ETH_LWIP/lwip/core/udp.o
                0x0800c924                udp_sendto_if
 .text.udp_sendto_if_src
                0x0800c9b4      0x144 ./Dave/Generated/ETH_LWIP/lwip/core/udp.o
                0x0800c9b4                udp_sendto_if_src
 .text.udp_bind
                0x0800caf8       0xf4 ./Dave/Generated/ETH_LWIP/lwip/core/udp.o
                0x0800caf8                udp_bind
 .text.udp_new  0x0800cbec       0x30 ./Dave/Generated/ETH_LWIP/lwip/core/udp.o
                0x0800cbec                udp_new
 .text.udp_netif_ip_addr_changed
                0x0800cc1c       0x5c ./Dave/Generated/ETH_LWIP/lwip/core/udp.o
                0x0800cc1c                udp_netif_ip_addr_changed
 .text.ETH_LWIP_Init
                0x0800cc78       0x90 ./Dave/Generated/ETH_LWIP/eth_lwip.o
                0x0800cc78                ETH_LWIP_Init
 .text.XMC_ETH_PHY_IsDeviceIdValid
                0x0800cd08       0x68 ./Dave/Generated/ETH_LWIP/xmc_eth_phy_ksz8081rnl.o
 .text.XMC_ETH_PHY_Init
                0x0800cd70       0xb0 ./Dave/Generated/ETH_LWIP/xmc_eth_phy_ksz8081rnl.o
                0x0800cd70                XMC_ETH_PHY_Init
 .text.XMC_ETH_PHY_Reset
                0x0800ce20       0x50 ./Dave/Generated/ETH_LWIP/xmc_eth_phy_ksz8081rnl.o
                0x0800ce20                XMC_ETH_PHY_Reset
 .text.XMC_ETH_PHY_GetLinkStatus
                0x0800ce70       0x34 ./Dave/Generated/ETH_LWIP/xmc_eth_phy_ksz8081rnl.o
                0x0800ce70                XMC_ETH_PHY_GetLinkStatus
 .text.XMC_ETH_PHY_GetLinkSpeed
                0x0800cea4       0x38 ./Dave/Generated/ETH_LWIP/xmc_eth_phy_ksz8081rnl.o
                0x0800cea4                XMC_ETH_PHY_GetLinkSpeed
 .text.XMC_ETH_PHY_GetLinkDuplex
                0x0800cedc       0x38 ./Dave/Generated/ETH_LWIP/xmc_eth_phy_ksz8081rnl.o
                0x0800cedc                XMC_ETH_PHY_GetLinkDuplex
 .text.XMC_ETH_PHY_IsAutonegotiationCompleted
                0x0800cf14       0x34 ./Dave/Generated/ETH_LWIP/xmc_eth_phy_ksz8081rnl.o
                0x0800cf14                XMC_ETH_PHY_IsAutonegotiationCompleted
 .text.__NVIC_SetPriorityGrouping
                0x0800cf48       0x48 ./Dave/Generated/CPU_CTRL_XMC4/cpu_ctrl_xmc4_conf.o
 .text.SystemCoreSetup
                0x0800cf90       0xa0 ./Dave/Generated/CPU_CTRL_XMC4/cpu_ctrl_xmc4_conf.o
                0x0800cf90                SystemCoreSetup
 .text.CLOCK_XMC4_Init
                0x0800d030       0x20 ./Dave/Generated/CLOCK_XMC4/clock_xmc4.o
                0x0800d030                CLOCK_XMC4_Init
 .text.OSCHP_GetFrequency
                0x0800d050       0x14 ./Dave/Generated/CLOCK_XMC4/clock_xmc4.o
                0x0800d050                OSCHP_GetFrequency
 .text.XMC_SCU_CLOCK_SetECATClockSource
                0x0800d064       0x28 ./Dave/Generated/CLOCK_XMC4/clock_xmc4_conf.o
 .text.SystemCoreClockSetup
                0x0800d08c       0x60 ./Dave/Generated/CLOCK_XMC4/clock_xmc4_conf.o
                0x0800d08c                SystemCoreClockSetup
 .text.DAVE_Init
                0x0800d0ec       0x9c ./Dave/Generated/DAVE.o
                0x0800d0ec                DAVE_Init
 .text.CCU43_1_IRQHandler
                0x0800d188       0x18 ./main.o
                0x0800d188                CCU43_1_IRQHandler
 .text.main     0x0800d1a0      0x888 ./main.o
                0x0800d1a0                main
 .text.atan     0x0800da28      0x340 d:/program files/dave/dave-ide-4.4.2-64bit/eclipse/arm-gcc-49/bin/../lib/gcc/arm-none-eabi/4.9.3/../../../../arm-none-eabi/lib/armv7e-m/softfp\libm.a(lib_a-s_atan.o)
                0x0800da28                atan
 .text.fabs     0x0800dd68        0x8 d:/program files/dave/dave-ide-4.4.2-64bit/eclipse/arm-gcc-49/bin/../lib/gcc/arm-none-eabi/4.9.3/../../../../arm-none-eabi/lib/armv7e-m/softfp\libm.a(lib_a-s_fabs.o)
                0x0800dd68                fabs
 .text.sqrt     0x0800dd70       0xac d:/program files/dave/dave-ide-4.4.2-64bit/eclipse/arm-gcc-49/bin/../lib/gcc/arm-none-eabi/4.9.3/../../../../arm-none-eabi/lib/armv7e-m/softfp\libm.a(lib_a-w_sqrt.o)
                0x0800dd70                sqrt
 .text.__ieee754_sqrt
                0x0800de1c      0x188 d:/program files/dave/dave-ide-4.4.2-64bit/eclipse/arm-gcc-49/bin/../lib/gcc/arm-none-eabi/4.9.3/../../../../arm-none-eabi/lib/armv7e-m/softfp\libm.a(lib_a-e_sqrt.o)
                0x0800de1c                __ieee754_sqrt
 .text.__fpclassifyd
                0x0800dfa4       0x58 d:/program files/dave/dave-ide-4.4.2-64bit/eclipse/arm-gcc-49/bin/../lib/gcc/arm-none-eabi/4.9.3/../../../../arm-none-eabi/lib/armv7e-m/softfp\libm.a(lib_a-s_fpclassify.o)
                0x0800dfa4                __fpclassifyd
 .text.matherr  0x0800dffc        0x4 d:/program files/dave/dave-ide-4.4.2-64bit/eclipse/arm-gcc-49/bin/../lib/gcc/arm-none-eabi/4.9.3/../../../../arm-none-eabi/lib/armv7e-m/softfp\libm.a(lib_a-s_matherr.o)
                0x0800dffc                matherr
 .text          0x0800e000      0x370 d:/program files/dave/dave-ide-4.4.2-64bit/eclipse/arm-gcc-49/bin/../lib/gcc/arm-none-eabi/4.9.3/armv7e-m/softfp\libgcc.a(_arm_addsubdf3.o)
                0x0800e000                __aeabi_drsub
                0x0800e008                __aeabi_dsub
                0x0800e008                __subdf3
                0x0800e00c                __aeabi_dadd
                0x0800e00c                __adddf3
                0x0800e284                __floatunsidf
                0x0800e284                __aeabi_ui2d
                0x0800e2a4                __floatsidf
                0x0800e2a4                __aeabi_i2d
                0x0800e2c8                __aeabi_f2d
                0x0800e2c8                __extendsfdf2
                0x0800e304                __floatundidf
                0x0800e304                __aeabi_ul2d
                0x0800e314                __floatdidf
                0x0800e314                __aeabi_l2d
 .text          0x0800e370      0x424 d:/program files/dave/dave-ide-4.4.2-64bit/eclipse/arm-gcc-49/bin/../lib/gcc/arm-none-eabi/4.9.3/armv7e-m/softfp\libgcc.a(_arm_muldivdf3.o)
                0x0800e370                __aeabi_dmul
                0x0800e370                __muldf3
                0x0800e5c4                __divdf3
                0x0800e5c4                __aeabi_ddiv
 .text          0x0800e794      0x110 d:/program files/dave/dave-ide-4.4.2-64bit/eclipse/arm-gcc-49/bin/../lib/gcc/arm-none-eabi/4.9.3/armv7e-m/softfp\libgcc.a(_arm_cmpdf2.o)
                0x0800e794                __gtdf2
                0x0800e794                __gedf2
                0x0800e79c                __ltdf2
                0x0800e79c                __ledf2
                0x0800e7a4                __nedf2
                0x0800e7a4                __eqdf2
                0x0800e7a4                __cmpdf2
                0x0800e820                __aeabi_cdrcmple
                0x0800e830                __aeabi_cdcmpeq
                0x0800e830                __aeabi_cdcmple
                0x0800e840                __aeabi_dcmpeq
                0x0800e854                __aeabi_dcmplt
                0x0800e868                __aeabi_dcmple
                0x0800e87c                __aeabi_dcmpge
                0x0800e890                __aeabi_dcmpgt
 .text          0x0800e8a4       0xa0 d:/program files/dave/dave-ide-4.4.2-64bit/eclipse/arm-gcc-49/bin/../lib/gcc/arm-none-eabi/4.9.3/armv7e-m/softfp\libgcc.a(_arm_truncdfsf2.o)
                0x0800e8a4                __truncdfsf2
                0x0800e8a4                __aeabi_d2f
 .text.__errno  0x0800e944        0xc d:/program files/dave/dave-ide-4.4.2-64bit/eclipse/arm-gcc-49/bin/../lib/gcc/arm-none-eabi/4.9.3/../../../../arm-none-eabi/lib/armv7e-m/softfp\libg_nano.a(lib_a-errno.o)
                0x0800e944                __errno
 .text.__libc_init_array
                0x0800e950       0x4c d:/program files/dave/dave-ide-4.4.2-64bit/eclipse/arm-gcc-49/bin/../lib/gcc/arm-none-eabi/4.9.3/../../../../arm-none-eabi/lib/armv7e-m/softfp\libg_nano.a(lib_a-init.o)
                0x0800e950                __libc_init_array
 .text.memcmp   0x0800e99c       0x20 d:/program files/dave/dave-ide-4.4.2-64bit/eclipse/arm-gcc-49/bin/../lib/gcc/arm-none-eabi/4.9.3/../../../../arm-none-eabi/lib/armv7e-m/softfp\libg_nano.a(lib_a-memcmp.o)
                0x0800e99c                memcmp
 .text.memmove  0x0800e9bc       0x36 d:/program files/dave/dave-ide-4.4.2-64bit/eclipse/arm-gcc-49/bin/../lib/gcc/arm-none-eabi/4.9.3/../../../../arm-none-eabi/lib/armv7e-m/softfp\libg_nano.a(lib_a-memmove.o)
                0x0800e9bc                memmove
 .text.memset   0x0800e9f2       0x10 d:/program files/dave/dave-ide-4.4.2-64bit/eclipse/arm-gcc-49/bin/../lib/gcc/arm-none-eabi/4.9.3/../../../../arm-none-eabi/lib/armv7e-m/softfp\libg_nano.a(lib_a-memset.o)
                0x0800e9f2                memset
 .text.__cvt    0x0800ea02       0xc0 d:/program files/dave/dave-ide-4.4.2-64bit/eclipse/arm-gcc-49/bin/../lib/gcc/arm-none-eabi/4.9.3/../../../../arm-none-eabi/lib/armv7e-m/softfp\libg_nano.a(lib_a-nano-vfprintf_float.o)
                0x0800ea02                __cvt
 .text.__exponent
                0x0800eac2       0x60 d:/program files/dave/dave-ide-4.4.2-64bit/eclipse/arm-gcc-49/bin/../lib/gcc/arm-none-eabi/4.9.3/../../../../arm-none-eabi/lib/armv7e-m/softfp\libg_nano.a(lib_a-nano-vfprintf_float.o)
                0x0800eac2                __exponent
 *fill*         0x0800eb22        0x2 
 .text._printf_float
                0x0800eb24      0x488 d:/program files/dave/dave-ide-4.4.2-64bit/eclipse/arm-gcc-49/bin/../lib/gcc/arm-none-eabi/4.9.3/../../../../arm-none-eabi/lib/armv7e-m/softfp\libg_nano.a(lib_a-nano-vfprintf_float.o)
                0x0800eb24                _printf_float
 .text._printf_common
                0x0800efac       0xea d:/program files/dave/dave-ide-4.4.2-64bit/eclipse/arm-gcc-49/bin/../lib/gcc/arm-none-eabi/4.9.3/../../../../arm-none-eabi/lib/armv7e-m/softfp\libg_nano.a(lib_a-nano-vfprintf_i.o)
                0x0800efac                _printf_common
 *fill*         0x0800f096        0x2 
 .text._printf_i
                0x0800f098      0x234 d:/program files/dave/dave-ide-4.4.2-64bit/eclipse/arm-gcc-49/bin/../lib/gcc/arm-none-eabi/4.9.3/../../../../arm-none-eabi/lib/armv7e-m/softfp\libg_nano.a(lib_a-nano-vfprintf_i.o)
                0x0800f098                _printf_i
 .text.printf   0x0800f2cc       0x30 d:/program files/dave/dave-ide-4.4.2-64bit/eclipse/arm-gcc-49/bin/../lib/gcc/arm-none-eabi/4.9.3/../../../../arm-none-eabi/lib/armv7e-m/softfp\libg_nano.a(lib_a-printf.o)
                0x0800f2cc                iprintf
                0x0800f2cc                printf
 .text.rand     0x0800f2fc       0x74 d:/program files/dave/dave-ide-4.4.2-64bit/eclipse/arm-gcc-49/bin/../lib/gcc/arm-none-eabi/4.9.3/../../../../arm-none-eabi/lib/armv7e-m/softfp\libg_nano.a(lib_a-rand.o)
                0x0800f2fc                rand
 .text.sprintf  0x0800f370       0x48 d:/program files/dave/dave-ide-4.4.2-64bit/eclipse/arm-gcc-49/bin/../lib/gcc/arm-none-eabi/4.9.3/../../../../arm-none-eabi/lib/armv7e-m/softfp\libg_nano.a(lib_a-sprintf.o)
                0x0800f370                siprintf
                0x0800f370                sprintf
 .text.strlen   0x0800f3b8       0x10 d:/program files/dave/dave-ide-4.4.2-64bit/eclipse/arm-gcc-49/bin/../lib/gcc/arm-none-eabi/4.9.3/../../../../arm-none-eabi/lib/armv7e-m/softfp\libg_nano.a(lib_a-strlen.o)
                0x0800f3b8                strlen
 .text.quorem   0x0800f3c8      0x11a d:/program files/dave/dave-ide-4.4.2-64bit/eclipse/arm-gcc-49/bin/../lib/gcc/arm-none-eabi/4.9.3/../../../../arm-none-eabi/lib/armv7e-m/softfp\libg_nano.a(lib_a-dtoa.o)
 *fill*         0x0800f4e2        0x6 
 .text._dtoa_r  0x0800f4e8      0xb88 d:/program files/dave/dave-ide-4.4.2-64bit/eclipse/arm-gcc-49/bin/../lib/gcc/arm-none-eabi/4.9.3/../../../../arm-none-eabi/lib/armv7e-m/softfp\libg_nano.a(lib_a-dtoa.o)
                0x0800f4e8                _dtoa_r
 .text._cleanup_r
                0x08010070        0xc d:/program files/dave/dave-ide-4.4.2-64bit/eclipse/arm-gcc-49/bin/../lib/gcc/arm-none-eabi/4.9.3/../../../../arm-none-eabi/lib/armv7e-m/softfp\libg_nano.a(lib_a-findfp.o)
                0x08010070                _cleanup_r
 .text.std.isra.0
                0x0801007c       0x48 d:/program files/dave/dave-ide-4.4.2-64bit/eclipse/arm-gcc-49/bin/../lib/gcc/arm-none-eabi/4.9.3/../../../../arm-none-eabi/lib/armv7e-m/softfp\libg_nano.a(lib_a-findfp.o)
 .text.__sfmoreglue
                0x080100c4       0x2c d:/program files/dave/dave-ide-4.4.2-64bit/eclipse/arm-gcc-49/bin/../lib/gcc/arm-none-eabi/4.9.3/../../../../arm-none-eabi/lib/armv7e-m/softfp\libg_nano.a(lib_a-findfp.o)
                0x080100c4                __sfmoreglue
 .text.__sinit  0x080100f0       0x60 d:/program files/dave/dave-ide-4.4.2-64bit/eclipse/arm-gcc-49/bin/../lib/gcc/arm-none-eabi/4.9.3/../../../../arm-none-eabi/lib/armv7e-m/softfp\libg_nano.a(lib_a-findfp.o)
                0x080100f0                __sinit
 .text.__sfp    0x08010150       0x74 d:/program files/dave/dave-ide-4.4.2-64bit/eclipse/arm-gcc-49/bin/../lib/gcc/arm-none-eabi/4.9.3/../../../../arm-none-eabi/lib/armv7e-m/softfp\libg_nano.a(lib_a-findfp.o)
                0x08010150                __sfp
 .text._fwalk_reent
                0x080101c4       0x3c d:/program files/dave/dave-ide-4.4.2-64bit/eclipse/arm-gcc-49/bin/../lib/gcc/arm-none-eabi/4.9.3/../../../../arm-none-eabi/lib/armv7e-m/softfp\libg_nano.a(lib_a-fwalk.o)
                0x080101c4                _fwalk_reent
 .text._localeconv_r
                0x08010200        0x8 d:/program files/dave/dave-ide-4.4.2-64bit/eclipse/arm-gcc-49/bin/../lib/gcc/arm-none-eabi/4.9.3/../../../../arm-none-eabi/lib/armv7e-m/softfp\libg_nano.a(lib_a-locale.o)
                0x08010200                _localeconv_r
 .text.malloc   0x08010208       0x10 d:/program files/dave/dave-ide-4.4.2-64bit/eclipse/arm-gcc-49/bin/../lib/gcc/arm-none-eabi/4.9.3/../../../../arm-none-eabi/lib/armv7e-m/softfp\libg_nano.a(lib_a-malloc.o)
                0x08010208                malloc
 .text.memchr   0x08010218       0x1e d:/program files/dave/dave-ide-4.4.2-64bit/eclipse/arm-gcc-49/bin/../lib/gcc/arm-none-eabi/4.9.3/../../../../arm-none-eabi/lib/armv7e-m/softfp\libg_nano.a(lib_a-memchr.o)
                0x08010218                memchr
 .text._Balloc  0x08010236       0x6a d:/program files/dave/dave-ide-4.4.2-64bit/eclipse/arm-gcc-49/bin/../lib/gcc/arm-none-eabi/4.9.3/../../../../arm-none-eabi/lib/armv7e-m/softfp\libg_nano.a(lib_a-mprec.o)
                0x08010236                _Balloc
 .text._Bfree   0x080102a0       0x2e d:/program files/dave/dave-ide-4.4.2-64bit/eclipse/arm-gcc-49/bin/../lib/gcc/arm-none-eabi/4.9.3/../../../../arm-none-eabi/lib/armv7e-m/softfp\libg_nano.a(lib_a-mprec.o)
                0x080102a0                _Bfree
 .text.__multadd
                0x080102ce       0x7c d:/program files/dave/dave-ide-4.4.2-64bit/eclipse/arm-gcc-49/bin/../lib/gcc/arm-none-eabi/4.9.3/../../../../arm-none-eabi/lib/armv7e-m/softfp\libg_nano.a(lib_a-mprec.o)
                0x080102ce                __multadd
 .text.__hi0bits
                0x0801034a       0x40 d:/program files/dave/dave-ide-4.4.2-64bit/eclipse/arm-gcc-49/bin/../lib/gcc/arm-none-eabi/4.9.3/../../../../arm-none-eabi/lib/armv7e-m/softfp\libg_nano.a(lib_a-mprec.o)
                0x0801034a                __hi0bits
 .text.__lo0bits
                0x0801038a       0x5a d:/program files/dave/dave-ide-4.4.2-64bit/eclipse/arm-gcc-49/bin/../lib/gcc/arm-none-eabi/4.9.3/../../../../arm-none-eabi/lib/armv7e-m/softfp\libg_nano.a(lib_a-mprec.o)
                0x0801038a                __lo0bits
 .text.__i2b    0x080103e4       0x12 d:/program files/dave/dave-ide-4.4.2-64bit/eclipse/arm-gcc-49/bin/../lib/gcc/arm-none-eabi/4.9.3/../../../../arm-none-eabi/lib/armv7e-m/softfp\libg_nano.a(lib_a-mprec.o)
                0x080103e4                __i2b
 .text.__multiply
                0x080103f6      0x122 d:/program files/dave/dave-ide-4.4.2-64bit/eclipse/arm-gcc-49/bin/../lib/gcc/arm-none-eabi/4.9.3/../../../../arm-none-eabi/lib/armv7e-m/softfp\libg_nano.a(lib_a-mprec.o)
                0x080103f6                __multiply
 .text.__pow5mult
                0x08010518       0x9c d:/program files/dave/dave-ide-4.4.2-64bit/eclipse/arm-gcc-49/bin/../lib/gcc/arm-none-eabi/4.9.3/../../../../arm-none-eabi/lib/armv7e-m/softfp\libg_nano.a(lib_a-mprec.o)
                0x08010518                __pow5mult
 .text.__lshift
                0x080105b4       0xa6 d:/program files/dave/dave-ide-4.4.2-64bit/eclipse/arm-gcc-49/bin/../lib/gcc/arm-none-eabi/4.9.3/../../../../arm-none-eabi/lib/armv7e-m/softfp\libg_nano.a(lib_a-mprec.o)
                0x080105b4                __lshift
 .text.__mcmp   0x0801065a       0x38 d:/program files/dave/dave-ide-4.4.2-64bit/eclipse/arm-gcc-49/bin/../lib/gcc/arm-none-eabi/4.9.3/../../../../arm-none-eabi/lib/armv7e-m/softfp\libg_nano.a(lib_a-mprec.o)
                0x0801065a                __mcmp
 .text.__mdiff  0x08010692       0xbe d:/program files/dave/dave-ide-4.4.2-64bit/eclipse/arm-gcc-49/bin/../lib/gcc/arm-none-eabi/4.9.3/../../../../arm-none-eabi/lib/armv7e-m/softfp\libg_nano.a(lib_a-mprec.o)
                0x08010692                __mdiff
 .text.__d2b    0x08010750       0xa4 d:/program files/dave/dave-ide-4.4.2-64bit/eclipse/arm-gcc-49/bin/../lib/gcc/arm-none-eabi/4.9.3/../../../../arm-none-eabi/lib/armv7e-m/softfp\libg_nano.a(lib_a-mprec.o)
                0x08010750                __d2b
 .text._calloc_r
                0x080107f4       0x1c d:/program files/dave/dave-ide-4.4.2-64bit/eclipse/arm-gcc-49/bin/../lib/gcc/arm-none-eabi/4.9.3/../../../../arm-none-eabi/lib/armv7e-m/softfp\libg_nano.a(lib_a-nano-callocr.o)
                0x080107f4                _calloc_r
 .text._free_r  0x08010810       0x88 d:/program files/dave/dave-ide-4.4.2-64bit/eclipse/arm-gcc-49/bin/../lib/gcc/arm-none-eabi/4.9.3/../../../../arm-none-eabi/lib/armv7e-m/softfp\libg_nano.a(lib_a-nano-freer.o)
                0x08010810                _free_r
 .text._malloc_r
                0x08010898       0xac d:/program files/dave/dave-ide-4.4.2-64bit/eclipse/arm-gcc-49/bin/../lib/gcc/arm-none-eabi/4.9.3/../../../../arm-none-eabi/lib/armv7e-m/softfp\libg_nano.a(lib_a-nano-mallocr.o)
                0x08010898                _malloc_r
 .text.__ssputs_r
                0x08010944       0xb2 d:/program files/dave/dave-ide-4.4.2-64bit/eclipse/arm-gcc-49/bin/../lib/gcc/arm-none-eabi/4.9.3/../../../../arm-none-eabi/lib/armv7e-m/softfp\libg_nano.a(lib_a-nano-svfprintf.o)
                0x08010944                __ssputs_r
 *fill*         0x080109f6        0x2 
 .text._svfprintf_r
                0x080109f8      0x1e4 d:/program files/dave/dave-ide-4.4.2-64bit/eclipse/arm-gcc-49/bin/../lib/gcc/arm-none-eabi/4.9.3/../../../../arm-none-eabi/lib/armv7e-m/softfp\libg_nano.a(lib_a-nano-svfprintf.o)
                0x080109f8                _svfiprintf_r
                0x080109f8                _svfprintf_r
 .text.__sfputc_r
                0x08010bdc       0x2c d:/program files/dave/dave-ide-4.4.2-64bit/eclipse/arm-gcc-49/bin/../lib/gcc/arm-none-eabi/4.9.3/../../../../arm-none-eabi/lib/armv7e-m/softfp\libg_nano.a(lib_a-nano-vfprintf.o)
 .text.__sfputs_r
                0x08010c08       0x24 d:/program files/dave/dave-ide-4.4.2-64bit/eclipse/arm-gcc-49/bin/../lib/gcc/arm-none-eabi/4.9.3/../../../../arm-none-eabi/lib/armv7e-m/softfp\libg_nano.a(lib_a-nano-vfprintf.o)
                0x08010c08                __sfputs_r
 .text._vfprintf_r
                0x08010c2c      0x210 d:/program files/dave/dave-ide-4.4.2-64bit/eclipse/arm-gcc-49/bin/../lib/gcc/arm-none-eabi/4.9.3/../../../../arm-none-eabi/lib/armv7e-m/softfp\libg_nano.a(lib_a-nano-vfprintf.o)
                0x08010c2c                _vfprintf_r
                0x08010c2c                _vfiprintf_r
 .text._sbrk_r  0x08010e3c       0x20 d:/program files/dave/dave-ide-4.4.2-64bit/eclipse/arm-gcc-49/bin/../lib/gcc/arm-none-eabi/4.9.3/../../../../arm-none-eabi/lib/armv7e-m/softfp\libg_nano.a(lib_a-sbrkr.o)
                0x08010e3c                _sbrk_r
 .text.__sread  0x08010e5c       0x22 d:/program files/dave/dave-ide-4.4.2-64bit/eclipse/arm-gcc-49/bin/../lib/gcc/arm-none-eabi/4.9.3/../../../../arm-none-eabi/lib/armv7e-m/softfp\libg_nano.a(lib_a-stdio.o)
                0x08010e5c                __sread
 .text.__swrite
                0x08010e7e       0x38 d:/program files/dave/dave-ide-4.4.2-64bit/eclipse/arm-gcc-49/bin/../lib/gcc/arm-none-eabi/4.9.3/../../../../arm-none-eabi/lib/armv7e-m/softfp\libg_nano.a(lib_a-stdio.o)
                0x08010e7e                __swrite
 .text.__sseek  0x08010eb6       0x24 d:/program files/dave/dave-ide-4.4.2-64bit/eclipse/arm-gcc-49/bin/../lib/gcc/arm-none-eabi/4.9.3/../../../../arm-none-eabi/lib/armv7e-m/softfp\libg_nano.a(lib_a-stdio.o)
                0x08010eb6                __sseek
 .text.__sclose
                0x08010eda        0x8 d:/program files/dave/dave-ide-4.4.2-64bit/eclipse/arm-gcc-49/bin/../lib/gcc/arm-none-eabi/4.9.3/../../../../arm-none-eabi/lib/armv7e-m/softfp\libg_nano.a(lib_a-stdio.o)
                0x08010eda                __sclose
 *fill*         0x08010ee2        0x2 
 .text.__swbuf_r
                0x08010ee4       0xa8 d:/program files/dave/dave-ide-4.4.2-64bit/eclipse/arm-gcc-49/bin/../lib/gcc/arm-none-eabi/4.9.3/../../../../arm-none-eabi/lib/armv7e-m/softfp\libg_nano.a(lib_a-wbuf.o)
                0x08010ee4                __swbuf_r
 .text._write_r
                0x08010f8c       0x24 d:/program files/dave/dave-ide-4.4.2-64bit/eclipse/arm-gcc-49/bin/../lib/gcc/arm-none-eabi/4.9.3/../../../../arm-none-eabi/lib/armv7e-m/softfp\libg_nano.a(lib_a-writer.o)
                0x08010f8c                _write_r
 .text.__swsetup_r
                0x08010fb0       0xd8 d:/program files/dave/dave-ide-4.4.2-64bit/eclipse/arm-gcc-49/bin/../lib/gcc/arm-none-eabi/4.9.3/../../../../arm-none-eabi/lib/armv7e-m/softfp\libg_nano.a(lib_a-wsetup.o)
                0x08010fb0                __swsetup_r
 .text._close_r
                0x08011088       0x20 d:/program files/dave/dave-ide-4.4.2-64bit/eclipse/arm-gcc-49/bin/../lib/gcc/arm-none-eabi/4.9.3/../../../../arm-none-eabi/lib/armv7e-m/softfp\libg_nano.a(lib_a-closer.o)
                0x08011088                _close_r
 .text.__sflush_r
                0x080110a8      0x108 d:/program files/dave/dave-ide-4.4.2-64bit/eclipse/arm-gcc-49/bin/../lib/gcc/arm-none-eabi/4.9.3/../../../../arm-none-eabi/lib/armv7e-m/softfp\libg_nano.a(lib_a-fflush.o)
                0x080110a8                __sflush_r
 .text._fflush_r
                0x080111b0       0x54 d:/program files/dave/dave-ide-4.4.2-64bit/eclipse/arm-gcc-49/bin/../lib/gcc/arm-none-eabi/4.9.3/../../../../arm-none-eabi/lib/armv7e-m/softfp\libg_nano.a(lib_a-fflush.o)
                0x080111b0                _fflush_r
 .text._lseek_r
                0x08011204       0x24 d:/program files/dave/dave-ide-4.4.2-64bit/eclipse/arm-gcc-49/bin/../lib/gcc/arm-none-eabi/4.9.3/../../../../arm-none-eabi/lib/armv7e-m/softfp\libg_nano.a(lib_a-lseekr.o)
                0x08011204                _lseek_r
 .text.__smakebuf_r
                0x08011228       0x9c d:/program files/dave/dave-ide-4.4.2-64bit/eclipse/arm-gcc-49/bin/../lib/gcc/arm-none-eabi/4.9.3/../../../../arm-none-eabi/lib/armv7e-m/softfp\libg_nano.a(lib_a-makebuf.o)
                0x08011228                __smakebuf_r
 .text._realloc_r
                0x080112c4       0x4c d:/program files/dave/dave-ide-4.4.2-64bit/eclipse/arm-gcc-49/bin/../lib/gcc/arm-none-eabi/4.9.3/../../../../arm-none-eabi/lib/armv7e-m/softfp\libg_nano.a(lib_a-nano-reallocr.o)
                0x080112c4                _realloc_r
 .text._read_r  0x08011310       0x24 d:/program files/dave/dave-ide-4.4.2-64bit/eclipse/arm-gcc-49/bin/../lib/gcc/arm-none-eabi/4.9.3/../../../../arm-none-eabi/lib/armv7e-m/softfp\libg_nano.a(lib_a-readr.o)
                0x08011310                _read_r
 .text._fstat_r
                0x08011334       0x24 d:/program files/dave/dave-ide-4.4.2-64bit/eclipse/arm-gcc-49/bin/../lib/gcc/arm-none-eabi/4.9.3/../../../../arm-none-eabi/lib/armv7e-m/softfp\libg_nano.a(lib_a-fstatr.o)
                0x08011334                _fstat_r
 .text._isatty_r
                0x08011358       0x20 d:/program files/dave/dave-ide-4.4.2-64bit/eclipse/arm-gcc-49/bin/../lib/gcc/arm-none-eabi/4.9.3/../../../../arm-none-eabi/lib/armv7e-m/softfp\libg_nano.a(lib_a-isattyr.o)
                0x08011358                _isatty_r
 .text._malloc_usable_size_r
                0x08011378       0x14 d:/program files/dave/dave-ide-4.4.2-64bit/eclipse/arm-gcc-49/bin/../lib/gcc/arm-none-eabi/4.9.3/../../../../arm-none-eabi/lib/armv7e-m/softfp\libg_nano.a(lib_a-nano-msizer.o)
                0x08011378                _malloc_usable_size_r
 .text          0x0801138c       0x50 d:/program files/dave/dave-ide-4.4.2-64bit/eclipse/arm-gcc-49/bin/../lib/gcc/arm-none-eabi/4.9.3/armv7e-m/softfp\libgcc.a(_arm_fixdfsi.o)
                0x0801138c                __aeabi_d2iz
                0x0801138c                __fixdfsi
 .text._close   0x080113dc       0x10 d:/program files/dave/dave-ide-4.4.2-64bit/eclipse/arm-gcc-49/bin/../lib/gcc/arm-none-eabi/4.9.3/../../../../arm-none-eabi/lib/armv7e-m/softfp\libnosys.a(close.o)
                0x080113dc                _close
 .text._fstat   0x080113ec       0x10 d:/program files/dave/dave-ide-4.4.2-64bit/eclipse/arm-gcc-49/bin/../lib/gcc/arm-none-eabi/4.9.3/../../../../arm-none-eabi/lib/armv7e-m/softfp\libnosys.a(fstat.o)
                0x080113ec                _fstat
 .text._isatty  0x080113fc       0x10 d:/program files/dave/dave-ide-4.4.2-64bit/eclipse/arm-gcc-49/bin/../lib/gcc/arm-none-eabi/4.9.3/../../../../arm-none-eabi/lib/armv7e-m/softfp\libnosys.a(isatty.o)
                0x080113fc                _isatty
 .text._lseek   0x0801140c       0x10 d:/program files/dave/dave-ide-4.4.2-64bit/eclipse/arm-gcc-49/bin/../lib/gcc/arm-none-eabi/4.9.3/../../../../arm-none-eabi/lib/armv7e-m/softfp\libnosys.a(lseek.o)
                0x0801140c                _lseek
 .text._read    0x0801141c       0x10 d:/program files/dave/dave-ide-4.4.2-64bit/eclipse/arm-gcc-49/bin/../lib/gcc/arm-none-eabi/4.9.3/../../../../arm-none-eabi/lib/armv7e-m/softfp\libnosys.a(read.o)
                0x0801141c                _read
 .text._write   0x0801142c       0x10 d:/program files/dave/dave-ide-4.4.2-64bit/eclipse/arm-gcc-49/bin/../lib/gcc/arm-none-eabi/4.9.3/../../../../arm-none-eabi/lib/armv7e-m/softfp\libnosys.a(write.o)
                0x0801142c                _write
 *(.init)
 *(.fini)
 *crtbegin.o(.ctors)
 *crtbegin?.o(.ctors)
 *(EXCLUDE_FILE(*crtend.o *crtend?.o) .ctors)
 *(SORT(.ctors.*))
 *(.ctors)
 *crtbegin.o(.dtors)
 *crtbegin?.o(.dtors)
 *(EXCLUDE_FILE(*crtend.o *crtend?.o) .dtors)
 *(SORT(.dtors.*))
 *(.dtors)
 *(.rodata .rodata.*)
 .rodata        0x0801143c        0x8 ./Source/GPS.o
 .rodata        0x08011444       0x48 ./Source/UDP.o
 .rodata.UART_0_channel_config
                0x0801148c        0xc ./Dave/Generated/UART/uart_conf.o