   1              	 .syntax unified
   2              	 .cpu cortex-m4
   3              	 .eabi_attribute 27,3
   4              	 .fpu fpv4-sp-d16
   5              	 .eabi_attribute 20,1
   6              	 .eabi_attribute 21,1
   7              	 .eabi_attribute 23,3
   8              	 .eabi_attribute 24,1
   9              	 .eabi_attribute 25,1
  10              	 .eabi_attribute 26,1
  11              	 .eabi_attribute 30,6
  12              	 .eabi_attribute 34,1
  13              	 .eabi_attribute 18,4
  14              	 .thumb
  15              	 .file "main.c"
  16              	 .text
  17              	.Ltext0:
  18              	 .cfi_sections .debug_frame
  19              	 .comm com_pcb,4,4
  20              	 .comm returnaddr,4,4
  21              	 .comm bmi_gps_data,72,8
  22              	 .comm bmi_ms_data,72,8
  23              	 .comm ms_msg,104,4
  24              	 .comm r_msg,104,4
  25              	 .comm outputBufferReady,1,1
  26              	 .comm gpsOutputready,1,1
  27              	 .comm msMinInitialized,1,1
  28              	 .comm msMaxInitialized,1,1
  29              	 .comm minInitialized,1,1
  30              	 .comm maxInitialized,1,1
  31              	 .comm messageState,4,4
  32              	 .comm headerStateMachineFilter,4,4
  33              	 .comm receivedSentence,200,4
  34              	 .comm receivedSentence2,200,4
  35              	 .comm firstSentenceBuffer,4,4
  36              	 .comm secondSentenceBuffer,4,4
  37              	 .comm outputBufferStart,4,4
  38              	 .comm outputBufferCurrent,4,4
  39              	 .comm outputBufferEnd,4,4
  40              	 .comm secondOutputBufferStart,4,4
  41              	 .comm secondOutputBufferCurrent,4,4
  42              	 .comm secondOutputBufferEnd,4,4
  43              	 .comm acceleration_register,8,4
  44              	 .comm gyro_register,8,4
  45              	 .comm acceleration_register_copy,4,4
  46              	 .comm gyro_register_copy,4,4
  47              	 .comm num_of_samples,4,4
  48              	 .comm max_complement_xValue,8,8
  49              	 .comm max_complement_yValue,8,8
  50              	 .comm max_complement_zValue,8,8
  51              	 .comm min_complement_xValue,8,8
  52              	 .comm min_complement_yValue,8,8
  53              	 .comm min_complement_zValue,8,8
  54              	 .comm avg_complement_xValue,8,8
  55              	 .comm avg_complement_yValue,8,8
  56              	 .comm avg_complement_zValue,8,8
  57              	 .comm complement_xValue,8,8
  58              	 .comm complement_yValue,8,8
  59              	 .comm complement_zValue,8,8
  60              	 .comm max_ms_xValue,8,8
  61              	 .comm max_ms_yValue,8,8
  62              	 .comm max_ms_zValue,8,8
  63              	 .comm min_ms_xValue,8,8
  64              	 .comm min_ms_yValue,8,8
  65              	 .comm min_ms_zValue,8,8
  66              	 .comm avg_ms_xValue,8,8
  67              	 .comm avg_ms_yValue,8,8
  68              	 .comm avg_ms_zValue,8,8
  69              	 .comm ms_xValue,8,8
  70              	 .comm ms_yValue,8,8
  71              	 .comm ms_zValue,8,8
  72              	 .comm gyro_x,4,4
  73              	 .comm gyro_y,4,4
  74              	 .comm gyro_z,4,4
  75              	 .comm acc_x,4,4
  76              	 .comm acc_y,4,4
  77              	 .comm acc_z,4,4
  78              	 .comm acc_x_ms2,4,4
  79              	 .comm acc_y_ms2,4,4
  80              	 .comm acc_z_ms2,4,4
  81              	 .comm gyro_xValue,2,2
  82              	 .comm gyro_yValue,2,2
  83              	 .comm gyro_zValue,2,2
  84              	 .section .text.CCU43_1_IRQHandler,"ax",%progbits
  85              	 .align 2
  86              	 .global CCU43_1_IRQHandler
  87              	 .thumb
  88              	 .thumb_func
  90              	CCU43_1_IRQHandler:
  91              	.LFB455:
  92              	 .file 1 "../main.c"
   1:../main.c     **** /*
   2:../main.c     ****  * main.c
   3:../main.c     ****  *
   4:../main.c     ****  *  Created on: 2020 Mar 20 15:00:36
   5:../main.c     ****  *  Author: Beheerder
   6:../main.c     ****  */
   7:../main.c     **** 
   8:../main.c     **** 
   9:../main.c     **** #include "Header/UDP.h"
  10:../main.c     **** #include "Header/GPS.h"
  11:../main.c     **** #include "Header/BMI.h"
  12:../main.c     **** 
  13:../main.c     **** 
  14:../main.c     **** 
  15:../main.c     **** #define max(a,b) ((a)>(b)?(a):(b))
  16:../main.c     **** #define min(a,b) ((a)<(b)?(a):(b))
  17:../main.c     **** 
  18:../main.c     **** #include <DAVE.h>                 //Declarations from DAVE Code Generation (includes SFR declaratio
  19:../main.c     **** 
  20:../main.c     **** 
  21:../main.c     **** 
  22:../main.c     **** /**
  23:../main.c     **** 
  24:../main.c     ****  * @brief main() - Application entry point
  25:../main.c     ****  *
  26:../main.c     ****  * <b>Details of function</b><br>
  27:../main.c     ****  * This routine is the application entry point. It is invoked by the device startup code. It is res
  28:../main.c     ****  * invoking the APP initialization dispatcher routine - DAVE_Init() and hosting the place-holder fo
  29:../main.c     ****  * code.
  30:../main.c     ****  */
  31:../main.c     **** 
  32:../main.c     **** 
  33:../main.c     **** 
  34:../main.c     **** 
  35:../main.c     **** 
  36:../main.c     **** void gyroTimerInterrupt(){
  93              	 .loc 1 36 0
  94              	 .cfi_startproc
  95              	 
  96              	 
  97              	 
  98 0000 80B4     	 push {r7}
  99              	.LCFI0:
 100              	 .cfi_def_cfa_offset 4
 101              	 .cfi_offset 7,-4
 102 0002 00AF     	 add r7,sp,#0
 103              	.LCFI1:
 104              	 .cfi_def_cfa_register 7
  37:../main.c     **** 	gpsOutputready    = true;
 105              	 .loc 1 37 0
 106 0004 034B     	 ldr r3,.L2
 107 0006 0122     	 movs r2,#1
 108 0008 1A70     	 strb r2,[r3]
  38:../main.c     **** }
 109              	 .loc 1 38 0
 110 000a BD46     	 mov sp,r7
 111              	.LCFI2:
 112              	 .cfi_def_cfa_register 13
 113              	 
 114 000c 5DF8047B 	 ldr r7,[sp],#4
 115              	.LCFI3:
 116              	 .cfi_restore 7
 117              	 .cfi_def_cfa_offset 0
 118 0010 7047     	 bx lr
 119              	.L3:
 120 0012 00BF     	 .align 2
 121              	.L2:
 122 0014 00000000 	 .word gpsOutputready
 123              	 .cfi_endproc
 124              	.LFE455:
 126              	 .global __aeabi_dcmpgt
 127              	 .global __aeabi_dcmplt
 128              	 .global __aeabi_dadd
 129              	 .global __aeabi_i2d
 130              	 .global __aeabi_ddiv
 131              	 .section .text.main,"ax",%progbits
 132              	 .align 2
 133              	 .global main
 134              	 .thumb
 135              	 .thumb_func
 137              	main:
 138              	.LFB456:
  39:../main.c     **** 
  40:../main.c     **** 
  41:../main.c     **** 
  42:../main.c     **** 
  43:../main.c     **** 
  44:../main.c     **** 
  45:../main.c     **** int main(void)
  46:../main.c     **** {
 139              	 .loc 1 46 0
 140              	 .cfi_startproc
 141              	 
 142              	 
 143 0000 B0B5     	 push {r4,r5,r7,lr}
 144              	.LCFI4:
 145              	 .cfi_def_cfa_offset 16
 146              	 .cfi_offset 4,-16
 147              	 .cfi_offset 5,-12
 148              	 .cfi_offset 7,-8
 149              	 .cfi_offset 14,-4
 150 0002 82B0     	 sub sp,sp,#8
 151              	.LCFI5:
 152              	 .cfi_def_cfa_offset 24
 153 0004 00AF     	 add r7,sp,#0
 154              	.LCFI6:
 155              	 .cfi_def_cfa_register 7
  47:../main.c     ****   DAVE_STATUS_t status;
  48:../main.c     **** 
  49:../main.c     ****   status = DAVE_Init();           /* Initialization of DAVE APPs  */
 156              	 .loc 1 49 0
 157 0006 FFF7FEFF 	 bl DAVE_Init
 158 000a 0346     	 mov r3,r0
 159 000c FB70     	 strb r3,[r7,#3]
  50:../main.c     **** 
  51:../main.c     **** 
  52:../main.c     ****   initGPS();
 160              	 .loc 1 52 0
 161 000e FFF7FEFF 	 bl initGPS
  53:../main.c     **** 
  54:../main.c     ****   firstSentenceBuffer = receivedSentence;
 162              	 .loc 1 54 0
 163 0012 6E4B     	 ldr r3,.L79
 164 0014 6E4A     	 ldr r2,.L79+4
 165 0016 1A60     	 str r2,[r3]
  55:../main.c     ****   secondSentenceBuffer = receivedSentence2;
 166              	 .loc 1 55 0
 167 0018 6E4B     	 ldr r3,.L79+8
 168 001a 6F4A     	 ldr r2,.L79+12
 169 001c 1A60     	 str r2,[r3]
  56:../main.c     **** 
  57:../main.c     **** 
  58:../main.c     ****   outputBufferStart = firstSentenceBuffer;
 170              	 .loc 1 58 0
 171 001e 6B4B     	 ldr r3,.L79
 172 0020 1B68     	 ldr r3,[r3]
 173 0022 6E4A     	 ldr r2,.L79+16
 174 0024 1360     	 str r3,[r2]
  59:../main.c     ****   outputBufferCurrent = firstSentenceBuffer;
 175              	 .loc 1 59 0
 176 0026 694B     	 ldr r3,.L79
 177 0028 1B68     	 ldr r3,[r3]
 178 002a 6D4A     	 ldr r2,.L79+20
 179 002c 1360     	 str r3,[r2]
  60:../main.c     ****   outputBufferEnd = firstSentenceBuffer+199;
 180              	 .loc 1 60 0
 181 002e 674B     	 ldr r3,.L79
 182 0030 1B68     	 ldr r3,[r3]
 183 0032 C733     	 adds r3,r3,#199
 184 0034 6B4A     	 ldr r2,.L79+24
 185 0036 1360     	 str r3,[r2]
  61:../main.c     **** 
  62:../main.c     ****   secondOutputBufferStart = secondSentenceBuffer;
 186              	 .loc 1 62 0
 187 0038 664B     	 ldr r3,.L79+8
 188 003a 1B68     	 ldr r3,[r3]
 189 003c 6A4A     	 ldr r2,.L79+28
 190 003e 1360     	 str r3,[r2]
  63:../main.c     ****   secondOutputBufferCurrent = secondSentenceBuffer;
 191              	 .loc 1 63 0
 192 0040 644B     	 ldr r3,.L79+8
 193 0042 1B68     	 ldr r3,[r3]
 194 0044 694A     	 ldr r2,.L79+32
 195 0046 1360     	 str r3,[r2]
  64:../main.c     ****   secondOutputBufferEnd = secondSentenceBuffer;
 196              	 .loc 1 64 0
 197 0048 624B     	 ldr r3,.L79+8
 198 004a 1B68     	 ldr r3,[r3]
 199 004c 684A     	 ldr r2,.L79+36
 200 004e 1360     	 str r3,[r2]
  65:../main.c     **** 
  66:../main.c     **** 
  67:../main.c     ****   cycledelay((uint32_t)(100000 * 2));
 201              	 .loc 1 67 0
 202 0050 6848     	 ldr r0,.L79+40
 203 0052 FFF7FEFF 	 bl cycledelay
  68:../main.c     **** 
  69:../main.c     ****   udp_initialize();
 204              	 .loc 1 69 0
 205 0056 FFF7FEFF 	 bl udp_initialize
  70:../main.c     **** 
  71:../main.c     ****   cycledelay(140000* 50);
 206              	 .loc 1 71 0
 207 005a 6748     	 ldr r0,.L79+44
 208 005c FFF7FEFF 	 bl cycledelay
  72:../main.c     **** 
  73:../main.c     ****   bmi055_start();
 209              	 .loc 1 73 0
 210 0060 FFF7FEFF 	 bl bmi055_start
  74:../main.c     **** 
  75:../main.c     ****   if(status != DAVE_STATUS_SUCCESS)
 211              	 .loc 1 75 0
 212 0064 FB78     	 ldrb r3,[r7,#3]
 213 0066 002B     	 cmp r3,#0
 214 0068 00D0     	 beq .L5
 215              	.L6:
  76:../main.c     ****   {
  77:../main.c     ****     /* Placeholder for error handler code. The while loop below can be replaced with an user error 
  78:../main.c     ****     XMC_DEBUG("DAVE APPs initialization failed\n");
  79:../main.c     **** 
  80:../main.c     ****     while(1U)
  81:../main.c     ****     {
  82:../main.c     **** 
  83:../main.c     ****     }
 216              	 .loc 1 83 0 discriminator 1
 217 006a FEE7     	 b .L6
 218              	.L5:
  84:../main.c     ****   }
  85:../main.c     **** 
  86:../main.c     ****   long polltime = 0;
 219              	 .loc 1 86 0
 220 006c 0023     	 movs r3,#0
 221 006e 7B60     	 str r3,[r7,#4]
 222              	.L54:
  87:../main.c     **** 
  88:../main.c     **** 
  89:../main.c     ****   /* Placeholder for user application code. The while loop below can be replaced with user applicat
  90:../main.c     ****   while(1U)
  91:../main.c     ****   {
  92:../main.c     **** 
  93:../main.c     **** 	  sys_check_timeouts();
 223              	 .loc 1 93 0
 224 0070 FFF7FEFF 	 bl sys_check_timeouts
  94:../main.c     **** 	  polltime++;
 225              	 .loc 1 94 0
 226 0074 7B68     	 ldr r3,[r7,#4]
 227 0076 0133     	 adds r3,r3,#1
 228 0078 7B60     	 str r3,[r7,#4]
  95:../main.c     **** 	  if( polltime > 60000){//600000){
 229              	 .loc 1 95 0
 230 007a 7B68     	 ldr r3,[r7,#4]
 231 007c 4EF66022 	 movw r2,#60000
 232 0080 9342     	 cmp r3,r2
 233 0082 40F31382 	 ble .L7
  96:../main.c     **** 		  bmi055_poll_data();
 234              	 .loc 1 96 0
 235 0086 FFF7FEFF 	 bl bmi055_poll_data
  97:../main.c     **** 		  bmi055_apply_gyro_all_angles();
 236              	 .loc 1 97 0
 237 008a FFF7FEFF 	 bl bmi055_apply_gyro_all_angles
  98:../main.c     **** 		  bmi055_apply_accel_all_angles();
 238              	 .loc 1 98 0
 239 008e FFF7FEFF 	 bl bmi055_apply_accel_all_angles
  99:../main.c     **** 
 100:../main.c     **** 
 101:../main.c     **** 
 102:../main.c     **** 
 103:../main.c     **** 
 104:../main.c     **** // ms berekenen
 105:../main.c     **** 
 106:../main.c     **** 		  // min berekenen
 107:../main.c     **** 				if(msMaxInitialized){
 240              	 .loc 1 107 0
 241 0092 5A4B     	 ldr r3,.L79+48
 242 0094 1B78     	 ldrb r3,[r3]
 243 0096 002B     	 cmp r3,#0
 244 0098 3FD0     	 beq .L8
 108:../main.c     **** 					max_ms_xValue =  max(ms_xValue, max_ms_xValue);
 245              	 .loc 1 108 0
 246 009a 594B     	 ldr r3,.L79+52
 247 009c D3E90001 	 ldrd r0,[r3]
 248 00a0 584B     	 ldr r3,.L79+56
 249 00a2 D3E90023 	 ldrd r2,[r3]
 250 00a6 FFF7FEFF 	 bl __aeabi_dcmpgt
 251 00aa 0346     	 mov r3,r0
 252 00ac 002B     	 cmp r3,#0
 253 00ae 03D0     	 beq .L67
 254              	 .loc 1 108 0 is_stmt 0 discriminator 1
 255 00b0 534B     	 ldr r3,.L79+52
 256 00b2 D3E90023 	 ldrd r2,[r3]
 257 00b6 02E0     	 b .L11
 258              	.L67:
 259              	 .loc 1 108 0 discriminator 2
 260 00b8 524B     	 ldr r3,.L79+56
 261 00ba D3E90023 	 ldrd r2,[r3]
 262              	.L11:
 263              	 .loc 1 108 0 discriminator 4
 264 00be 5149     	 ldr r1,.L79+56
 265 00c0 C1E90023 	 strd r2,[r1]
 109:../main.c     **** 					max_ms_yValue =  max(ms_yValue, max_ms_yValue);
 266              	 .loc 1 109 0 is_stmt 1 discriminator 4
 267 00c4 504B     	 ldr r3,.L79+60
 268 00c6 D3E90001 	 ldrd r0,[r3]
 269 00ca 504B     	 ldr r3,.L79+64
 270 00cc D3E90023 	 ldrd r2,[r3]
 271 00d0 FFF7FEFF 	 bl __aeabi_dcmpgt
 272 00d4 0346     	 mov r3,r0
 273 00d6 002B     	 cmp r3,#0
 274 00d8 03D0     	 beq .L68
 275              	 .loc 1 109 0 is_stmt 0 discriminator 1
 276 00da 4B4B     	 ldr r3,.L79+60
 277 00dc D3E90023 	 ldrd r2,[r3]
 278 00e0 02E0     	 b .L14
 279              	.L68:
 280              	 .loc 1 109 0 discriminator 2
 281 00e2 4A4B     	 ldr r3,.L79+64
 282 00e4 D3E90023 	 ldrd r2,[r3]
 283              	.L14:
 284              	 .loc 1 109 0 discriminator 4
 285 00e8 4849     	 ldr r1,.L79+64
 286 00ea C1E90023 	 strd r2,[r1]
 110:../main.c     **** 					max_ms_zValue =  max(ms_zValue, max_ms_zValue);
 287              	 .loc 1 110 0 is_stmt 1 discriminator 4
 288 00ee 484B     	 ldr r3,.L79+68
 289 00f0 D3E90001 	 ldrd r0,[r3]
 290 00f4 474B     	 ldr r3,.L79+72
 291 00f6 D3E90023 	 ldrd r2,[r3]
 292 00fa FFF7FEFF 	 bl __aeabi_dcmpgt
 293 00fe 0346     	 mov r3,r0
 294 0100 002B     	 cmp r3,#0
 295 0102 03D0     	 beq .L69
 296              	 .loc 1 110 0 is_stmt 0 discriminator 1
 297 0104 424B     	 ldr r3,.L79+68
 298 0106 D3E90023 	 ldrd r2,[r3]
 299 010a 02E0     	 b .L17
 300              	.L69:
 301              	 .loc 1 110 0 discriminator 2
 302 010c 414B     	 ldr r3,.L79+72
 303 010e D3E90023 	 ldrd r2,[r3]
 304              	.L17:
 305              	 .loc 1 110 0 discriminator 4
 306 0112 4049     	 ldr r1,.L79+72
 307 0114 C1E90023 	 strd r2,[r1]
 308 0118 14E0     	 b .L18
 309              	.L8:
 111:../main.c     **** 				}
 112:../main.c     **** 				else{
 113:../main.c     **** 					  max_ms_xValue = ms_xValue;
 310              	 .loc 1 113 0 is_stmt 1
 311 011a 394B     	 ldr r3,.L79+52
 312 011c D3E90023 	 ldrd r2,[r3]
 313 0120 3849     	 ldr r1,.L79+56
 314 0122 C1E90023 	 strd r2,[r1]
 114:../main.c     **** 					  max_ms_yValue = ms_yValue;
 315              	 .loc 1 114 0
 316 0126 384B     	 ldr r3,.L79+60
 317 0128 D3E90023 	 ldrd r2,[r3]
 318 012c 3749     	 ldr r1,.L79+64
 319 012e C1E90023 	 strd r2,[r1]
 115:../main.c     **** 					  max_ms_zValue = ms_zValue;
 320              	 .loc 1 115 0
 321 0132 374B     	 ldr r3,.L79+68
 322 0134 D3E90023 	 ldrd r2,[r3]
 323 0138 3649     	 ldr r1,.L79+72
 324 013a C1E90023 	 strd r2,[r1]
 116:../main.c     **** 					  msMaxInitialized = true;
 325              	 .loc 1 116 0
 326 013e 2F4B     	 ldr r3,.L79+48
 327 0140 0122     	 movs r2,#1
 328 0142 1A70     	 strb r2,[r3]
 329              	.L18:
 117:../main.c     **** 				}
 118:../main.c     **** 
 119:../main.c     **** 				//max berekenen
 120:../main.c     **** 
 121:../main.c     **** 				if(msMinInitialized){
 330              	 .loc 1 121 0
 331 0144 344B     	 ldr r3,.L79+76
 332 0146 1B78     	 ldrb r3,[r3]
 333 0148 002B     	 cmp r3,#0
 334 014a 6DD0     	 beq .L19
 122:../main.c     **** 					min_ms_xValue =  min(ms_xValue, min_ms_xValue);
 335              	 .loc 1 122 0
 336 014c 2C4B     	 ldr r3,.L79+52
 337 014e D3E90001 	 ldrd r0,[r3]
 338 0152 324B     	 ldr r3,.L79+80
 339 0154 D3E90023 	 ldrd r2,[r3]
 340 0158 FFF7FEFF 	 bl __aeabi_dcmplt
 341 015c 0346     	 mov r3,r0
 342 015e 002B     	 cmp r3,#0
 343 0160 03D0     	 beq .L70
 344              	 .loc 1 122 0 is_stmt 0 discriminator 1
 345 0162 274B     	 ldr r3,.L79+52
 346 0164 D3E90023 	 ldrd r2,[r3]
 347 0168 02E0     	 b .L22
 348              	.L70:
 349              	 .loc 1 122 0 discriminator 2
 350 016a 2C4B     	 ldr r3,.L79+80
 351 016c D3E90023 	 ldrd r2,[r3]
 352              	.L22:
 353              	 .loc 1 122 0 discriminator 4
 354 0170 2A49     	 ldr r1,.L79+80
 355 0172 C1E90023 	 strd r2,[r1]
 123:../main.c     **** 					min_ms_yValue =  min(ms_yValue, min_ms_yValue);
 356              	 .loc 1 123 0 is_stmt 1 discriminator 4
 357 0176 244B     	 ldr r3,.L79+60
 358 0178 D3E90001 	 ldrd r0,[r3]
 359 017c 284B     	 ldr r3,.L79+84
 360 017e D3E90023 	 ldrd r2,[r3]
 361 0182 FFF7FEFF 	 bl __aeabi_dcmplt
 362 0186 0346     	 mov r3,r0
 363 0188 002B     	 cmp r3,#0
 364 018a 03D0     	 beq .L71
 365              	 .loc 1 123 0 is_stmt 0 discriminator 1
 366 018c 1E4B     	 ldr r3,.L79+60
 367 018e D3E90023 	 ldrd r2,[r3]
 368 0192 02E0     	 b .L25
 369              	.L71:
 370              	 .loc 1 123 0 discriminator 2
 371 0194 224B     	 ldr r3,.L79+84
 372 0196 D3E90023 	 ldrd r2,[r3]
 373              	.L25:
 374              	 .loc 1 123 0 discriminator 4
 375 019a 2149     	 ldr r1,.L79+84
 376 019c C1E90023 	 strd r2,[r1]
 124:../main.c     **** 					min_ms_zValue =  min(ms_zValue, min_ms_zValue);
 377              	 .loc 1 124 0 is_stmt 1 discriminator 4
 378 01a0 1B4B     	 ldr r3,.L79+68
 379 01a2 D3E90001 	 ldrd r0,[r3]
 380 01a6 1F4B     	 ldr r3,.L79+88
 381 01a8 D3E90023 	 ldrd r2,[r3]
 382 01ac FFF7FEFF 	 bl __aeabi_dcmplt
 383 01b0 0346     	 mov r3,r0
 384 01b2 002B     	 cmp r3,#0
 385 01b4 03D0     	 beq .L72
 386              	 .loc 1 124 0 is_stmt 0 discriminator 1
 387 01b6 164B     	 ldr r3,.L79+68
 388 01b8 D3E90023 	 ldrd r2,[r3]
 389 01bc 02E0     	 b .L28
 390              	.L72:
 391              	 .loc 1 124 0 discriminator 2
 392 01be 194B     	 ldr r3,.L79+88
 393 01c0 D3E90023 	 ldrd r2,[r3]
 394              	.L28:
 395              	 .loc 1 124 0 discriminator 4
 396 01c4 1749     	 ldr r1,.L79+88
 397 01c6 C1E90023 	 strd r2,[r1]
 398 01ca 42E0     	 b .L29
 399              	.L80:
 400              	 .align 2
 401              	.L79:
 402 01cc 00000000 	 .word firstSentenceBuffer
 403 01d0 00000000 	 .word receivedSentence
 404 01d4 00000000 	 .word secondSentenceBuffer
 405 01d8 00000000 	 .word receivedSentence2
 406 01dc 00000000 	 .word outputBufferStart
 407 01e0 00000000 	 .word outputBufferCurrent
 408 01e4 00000000 	 .word outputBufferEnd
 409 01e8 00000000 	 .word secondOutputBufferStart
 410 01ec 00000000 	 .word secondOutputBufferCurrent
 411 01f0 00000000 	 .word secondOutputBufferEnd
 412 01f4 400D0300 	 .word 200000
 413 01f8 C0CF6A00 	 .word 7000000
 414 01fc 00000000 	 .word msMaxInitialized
 415 0200 00000000 	 .word ms_xValue
 416 0204 00000000 	 .word max_ms_xValue
 417 0208 00000000 	 .word ms_yValue
 418 020c 00000000 	 .word max_ms_yValue
 419 0210 00000000 	 .word ms_zValue
 420 0214 00000000 	 .word max_ms_zValue
 421 0218 00000000 	 .word msMinInitialized
 422 021c 00000000 	 .word min_ms_xValue
 423 0220 00000000 	 .word min_ms_yValue
 424 0224 00000000 	 .word min_ms_zValue
 425              	.L19:
 125:../main.c     **** 				}
 126:../main.c     **** 				else{
 127:../main.c     **** 					  min_ms_xValue = ms_xValue;
 426              	 .loc 1 127 0 is_stmt 1
 427 0228 6C4B     	 ldr r3,.L81
 428 022a D3E90023 	 ldrd r2,[r3]
 429 022e 6C49     	 ldr r1,.L81+4
 430 0230 C1E90023 	 strd r2,[r1]
 128:../main.c     **** 					  min_ms_yValue = ms_yValue;
 431              	 .loc 1 128 0
 432 0234 6B4B     	 ldr r3,.L81+8
 433 0236 D3E90023 	 ldrd r2,[r3]
 434 023a 6B49     	 ldr r1,.L81+12
 435 023c C1E90023 	 strd r2,[r1]
 129:../main.c     **** 					  min_ms_zValue = ms_zValue;
 436              	 .loc 1 129 0
 437 0240 6A4B     	 ldr r3,.L81+16
 438 0242 D3E90023 	 ldrd r2,[r3]
 439 0246 6A49     	 ldr r1,.L81+20
 440 0248 C1E90023 	 strd r2,[r1]
 130:../main.c     **** 					  msMinInitialized = true;
 441              	 .loc 1 130 0
 442 024c 694B     	 ldr r3,.L81+24
 443 024e 0122     	 movs r2,#1
 444 0250 1A70     	 strb r2,[r3]
 445              	.L29:
 131:../main.c     **** 
 132:../main.c     **** 				}
 133:../main.c     **** 
 134:../main.c     **** 				avg_ms_xValue += ms_xValue;
 446              	 .loc 1 134 0
 447 0252 694B     	 ldr r3,.L81+28
 448 0254 D3E90001 	 ldrd r0,[r3]
 449 0258 604B     	 ldr r3,.L81
 450 025a D3E90023 	 ldrd r2,[r3]
 451 025e FFF7FEFF 	 bl __aeabi_dadd
 452 0262 0246     	 mov r2,r0
 453 0264 0B46     	 mov r3,r1
 454 0266 6449     	 ldr r1,.L81+28
 455 0268 C1E90023 	 strd r2,[r1]
 135:../main.c     **** 				avg_ms_yValue += ms_yValue;
 456              	 .loc 1 135 0
 457 026c 634B     	 ldr r3,.L81+32
 458 026e D3E90001 	 ldrd r0,[r3]
 459 0272 5C4B     	 ldr r3,.L81+8
 460 0274 D3E90023 	 ldrd r2,[r3]
 461 0278 FFF7FEFF 	 bl __aeabi_dadd
 462 027c 0246     	 mov r2,r0
 463 027e 0B46     	 mov r3,r1
 464 0280 5E49     	 ldr r1,.L81+32
 465 0282 C1E90023 	 strd r2,[r1]
 136:../main.c     **** 				avg_ms_zValue += ms_zValue;
 466              	 .loc 1 136 0
 467 0286 5E4B     	 ldr r3,.L81+36
 468 0288 D3E90001 	 ldrd r0,[r3]
 469 028c 574B     	 ldr r3,.L81+16
 470 028e D3E90023 	 ldrd r2,[r3]
 471 0292 FFF7FEFF 	 bl __aeabi_dadd
 472 0296 0246     	 mov r2,r0
 473 0298 0B46     	 mov r3,r1
 474 029a 5949     	 ldr r1,.L81+36
 475 029c C1E90023 	 strd r2,[r1]
 137:../main.c     **** 
 138:../main.c     **** 
 139:../main.c     **** 
 140:../main.c     **** //~ ms berekenen
 141:../main.c     **** 
 142:../main.c     **** 
 143:../main.c     **** 		  // min berekenen
 144:../main.c     **** 		if(maxInitialized){
 476              	 .loc 1 144 0
 477 02a0 584B     	 ldr r3,.L81+40
 478 02a2 1B78     	 ldrb r3,[r3]
 479 02a4 002B     	 cmp r3,#0
 480 02a6 3FD0     	 beq .L30
 145:../main.c     **** 			  max_complement_xValue =  max(complement_xValue, max_complement_xValue);
 481              	 .loc 1 145 0
 482 02a8 574B     	 ldr r3,.L81+44
 483 02aa D3E90001 	 ldrd r0,[r3]
 484 02ae 574B     	 ldr r3,.L81+48
 485 02b0 D3E90023 	 ldrd r2,[r3]
 486 02b4 FFF7FEFF 	 bl __aeabi_dcmpgt
 487 02b8 0346     	 mov r3,r0
 488 02ba 002B     	 cmp r3,#0
 489 02bc 03D0     	 beq .L73
 490              	 .loc 1 145 0 is_stmt 0 discriminator 1
 491 02be 524B     	 ldr r3,.L81+44
 492 02c0 D3E90023 	 ldrd r2,[r3]
 493 02c4 02E0     	 b .L33
 494              	.L73:
 495              	 .loc 1 145 0 discriminator 2
 496 02c6 514B     	 ldr r3,.L81+48
 497 02c8 D3E90023 	 ldrd r2,[r3]
 498              	.L33:
 499              	 .loc 1 145 0 discriminator 4
 500 02cc 4F49     	 ldr r1,.L81+48
 501 02ce C1E90023 	 strd r2,[r1]
 146:../main.c     **** 			  max_complement_yValue =  max(complement_yValue, max_complement_yValue);
 502              	 .loc 1 146 0 is_stmt 1 discriminator 4
 503 02d2 4F4B     	 ldr r3,.L81+52
 504 02d4 D3E90001 	 ldrd r0,[r3]
 505 02d8 4E4B     	 ldr r3,.L81+56
 506 02da D3E90023 	 ldrd r2,[r3]
 507 02de FFF7FEFF 	 bl __aeabi_dcmpgt
 508 02e2 0346     	 mov r3,r0
 509 02e4 002B     	 cmp r3,#0
 510 02e6 03D0     	 beq .L74
 511              	 .loc 1 146 0 is_stmt 0 discriminator 1
 512 02e8 494B     	 ldr r3,.L81+52
 513 02ea D3E90023 	 ldrd r2,[r3]
 514 02ee 02E0     	 b .L36
 515              	.L74:
 516              	 .loc 1 146 0 discriminator 2
 517 02f0 484B     	 ldr r3,.L81+56
 518 02f2 D3E90023 	 ldrd r2,[r3]
 519              	.L36:
 520              	 .loc 1 146 0 discriminator 4
 521 02f6 4749     	 ldr r1,.L81+56
 522 02f8 C1E90023 	 strd r2,[r1]
 147:../main.c     **** 			  max_complement_zValue =  max(complement_zValue, max_complement_zValue);
 523              	 .loc 1 147 0 is_stmt 1 discriminator 4
 524 02fc 464B     	 ldr r3,.L81+60
 525 02fe D3E90001 	 ldrd r0,[r3]
 526 0302 464B     	 ldr r3,.L81+64
 527 0304 D3E90023 	 ldrd r2,[r3]
 528 0308 FFF7FEFF 	 bl __aeabi_dcmpgt
 529 030c 0346     	 mov r3,r0
 530 030e 002B     	 cmp r3,#0
 531 0310 03D0     	 beq .L75
 532              	 .loc 1 147 0 is_stmt 0 discriminator 1
 533 0312 414B     	 ldr r3,.L81+60
 534 0314 D3E90023 	 ldrd r2,[r3]
 535 0318 02E0     	 b .L39
 536              	.L75:
 537              	 .loc 1 147 0 discriminator 2
 538 031a 404B     	 ldr r3,.L81+64
 539 031c D3E90023 	 ldrd r2,[r3]
 540              	.L39:
 541              	 .loc 1 147 0 discriminator 4
 542 0320 3E49     	 ldr r1,.L81+64
 543 0322 C1E90023 	 strd r2,[r1]
 544 0326 14E0     	 b .L40
 545              	.L30:
 148:../main.c     **** 		}
 149:../main.c     **** 		else{
 150:../main.c     **** 			  max_complement_xValue = complement_xValue;
 546              	 .loc 1 150 0 is_stmt 1
 547 0328 374B     	 ldr r3,.L81+44
 548 032a D3E90023 	 ldrd r2,[r3]
 549 032e 3749     	 ldr r1,.L81+48
 550 0330 C1E90023 	 strd r2,[r1]
 151:../main.c     **** 			  max_complement_yValue = complement_yValue;
 551              	 .loc 1 151 0
 552 0334 364B     	 ldr r3,.L81+52
 553 0336 D3E90023 	 ldrd r2,[r3]
 554 033a 3649     	 ldr r1,.L81+56
 555 033c C1E90023 	 strd r2,[r1]
 152:../main.c     **** 			  max_complement_zValue = complement_zValue;
 556              	 .loc 1 152 0
 557 0340 354B     	 ldr r3,.L81+60
 558 0342 D3E90023 	 ldrd r2,[r3]
 559 0346 3549     	 ldr r1,.L81+64
 560 0348 C1E90023 	 strd r2,[r1]
 153:../main.c     **** 			  maxInitialized = true;
 561              	 .loc 1 153 0
 562 034c 2D4B     	 ldr r3,.L81+40
 563 034e 0122     	 movs r2,#1
 564 0350 1A70     	 strb r2,[r3]
 565              	.L40:
 154:../main.c     **** 		}
 155:../main.c     **** 
 156:../main.c     **** //		  max_complement_xValue = max(gyro_x, max_gyro_xValue);
 157:../main.c     **** //		  max_complement_yValue = max(gyro_y, max_gyro_yValue);
 158:../main.c     **** //		  max_complement_zValue = max(gyro_z, max_gyro_zValue);
 159:../main.c     **** 
 160:../main.c     **** 		  //max berekenen
 161:../main.c     **** 
 162:../main.c     **** 		if(minInitialized){
 566              	 .loc 1 162 0
 567 0352 334B     	 ldr r3,.L81+68
 568 0354 1B78     	 ldrb r3,[r3]
 569 0356 002B     	 cmp r3,#0
 570 0358 6AD0     	 beq .L41
 163:../main.c     **** //				min_complement_xValue = min(gyro_x, min_gyro_xValue);
 164:../main.c     **** //				min_complement_yValue = min(gyro_y, min_gyro_yValue);
 165:../main.c     **** //				min_complement_zValue = min(gyro_z, min_gyro_zValue);
 166:../main.c     **** 
 167:../main.c     **** 				min_complement_xValue =  min(complement_xValue, min_complement_xValue);
 571              	 .loc 1 167 0
 572 035a 2B4B     	 ldr r3,.L81+44
 573 035c D3E90001 	 ldrd r0,[r3]
 574 0360 304B     	 ldr r3,.L81+72
 575 0362 D3E90023 	 ldrd r2,[r3]
 576 0366 FFF7FEFF 	 bl __aeabi_dcmplt
 577 036a 0346     	 mov r3,r0
 578 036c 002B     	 cmp r3,#0
 579 036e 03D0     	 beq .L76
 580              	 .loc 1 167 0 is_stmt 0 discriminator 1
 581 0370 254B     	 ldr r3,.L81+44
 582 0372 D3E90023 	 ldrd r2,[r3]
 583 0376 02E0     	 b .L44
 584              	.L76:
 585              	 .loc 1 167 0 discriminator 2
 586 0378 2A4B     	 ldr r3,.L81+72
 587 037a D3E90023 	 ldrd r2,[r3]
 588              	.L44:
 589              	 .loc 1 167 0 discriminator 4
 590 037e 2949     	 ldr r1,.L81+72
 591 0380 C1E90023 	 strd r2,[r1]
 168:../main.c     **** 				min_complement_yValue =  min(complement_yValue, min_complement_yValue);
 592              	 .loc 1 168 0 is_stmt 1 discriminator 4
 593 0384 224B     	 ldr r3,.L81+52
 594 0386 D3E90001 	 ldrd r0,[r3]
 595 038a 274B     	 ldr r3,.L81+76
 596 038c D3E90023 	 ldrd r2,[r3]
 597 0390 FFF7FEFF 	 bl __aeabi_dcmplt
 598 0394 0346     	 mov r3,r0
 599 0396 002B     	 cmp r3,#0
 600 0398 03D0     	 beq .L77
 601              	 .loc 1 168 0 is_stmt 0 discriminator 1
 602 039a 1D4B     	 ldr r3,.L81+52
 603 039c D3E90023 	 ldrd r2,[r3]
 604 03a0 02E0     	 b .L47
 605              	.L77:
 606              	 .loc 1 168 0 discriminator 2
 607 03a2 214B     	 ldr r3,.L81+76
 608 03a4 D3E90023 	 ldrd r2,[r3]
 609              	.L47:
 610              	 .loc 1 168 0 discriminator 4
 611 03a8 1F49     	 ldr r1,.L81+76
 612 03aa C1E90023 	 strd r2,[r1]
 169:../main.c     **** 				min_complement_zValue =  min(complement_zValue, min_complement_zValue);
 613              	 .loc 1 169 0 is_stmt 1 discriminator 4
 614 03ae 1A4B     	 ldr r3,.L81+60
 615 03b0 D3E90001 	 ldrd r0,[r3]
 616 03b4 1D4B     	 ldr r3,.L81+80
 617 03b6 D3E90023 	 ldrd r2,[r3]
 618 03ba FFF7FEFF 	 bl __aeabi_dcmplt
 619 03be 0346     	 mov r3,r0
 620 03c0 002B     	 cmp r3,#0
 621 03c2 03D0     	 beq .L78
 622              	 .loc 1 169 0 is_stmt 0 discriminator 1
 623 03c4 144B     	 ldr r3,.L81+60
 624 03c6 D3E90023 	 ldrd r2,[r3]
 625 03ca 02E0     	 b .L50
 626              	.L78:
 627              	 .loc 1 169 0 discriminator 2
 628 03cc 174B     	 ldr r3,.L81+80
 629 03ce D3E90023 	 ldrd r2,[r3]
 630              	.L50:
 631              	 .loc 1 169 0 discriminator 4
 632 03d2 1649     	 ldr r1,.L81+80
 633 03d4 C1E90023 	 strd r2,[r1]
 634 03d8 3FE0     	 b .L51
 635              	.L82:
 636 03da 00BF     	 .align 2
 637              	.L81:
 638 03dc 00000000 	 .word ms_xValue
 639 03e0 00000000 	 .word min_ms_xValue
 640 03e4 00000000 	 .word ms_yValue
 641 03e8 00000000 	 .word min_ms_yValue
 642 03ec 00000000 	 .word ms_zValue
 643 03f0 00000000 	 .word min_ms_zValue
 644 03f4 00000000 	 .word msMinInitialized
 645 03f8 00000000 	 .word avg_ms_xValue
 646 03fc 00000000 	 .word avg_ms_yValue
 647 0400 00000000 	 .word avg_ms_zValue
 648 0404 00000000 	 .word maxInitialized
 649 0408 00000000 	 .word complement_xValue
 650 040c 00000000 	 .word max_complement_xValue
 651 0410 00000000 	 .word complement_yValue
 652 0414 00000000 	 .word max_complement_yValue
 653 0418 00000000 	 .word complement_zValue
 654 041c 00000000 	 .word max_complement_zValue
 655 0420 00000000 	 .word minInitialized
 656 0424 00000000 	 .word min_complement_xValue
 657 0428 00000000 	 .word min_complement_yValue
 658 042c 00000000 	 .word min_complement_zValue
 659              	.L41:
 170:../main.c     **** 		  }
 171:../main.c     **** 		  else{
 172:../main.c     **** 			  min_complement_xValue = complement_xValue;
 660              	 .loc 1 172 0 is_stmt 1
 661 0430 954B     	 ldr r3,.L83
 662 0432 D3E90023 	 ldrd r2,[r3]
 663 0436 9549     	 ldr r1,.L83+4
 664 0438 C1E90023 	 strd r2,[r1]
 173:../main.c     **** 			  min_complement_yValue = complement_yValue;
 665              	 .loc 1 173 0
 666 043c 944B     	 ldr r3,.L83+8
 667 043e D3E90023 	 ldrd r2,[r3]
 668 0442 9449     	 ldr r1,.L83+12
 669 0444 C1E90023 	 strd r2,[r1]
 174:../main.c     **** 			  min_complement_zValue = complement_zValue;
 670              	 .loc 1 174 0
 671 0448 934B     	 ldr r3,.L83+16
 672 044a D3E90023 	 ldrd r2,[r3]
 673 044e 9349     	 ldr r1,.L83+20
 674 0450 C1E90023 	 strd r2,[r1]
 175:../main.c     **** 			  minInitialized = true;
 675              	 .loc 1 175 0
 676 0454 924B     	 ldr r3,.L83+24
 677 0456 0122     	 movs r2,#1
 678 0458 1A70     	 strb r2,[r3]
 679              	.L51:
 176:../main.c     **** 
 177:../main.c     **** 		  }
 178:../main.c     **** 
 179:../main.c     **** 		  //avg berekenen
 180:../main.c     **** 
 181:../main.c     **** 		  avg_complement_xValue += complement_xValue;
 680              	 .loc 1 181 0
 681 045a 924B     	 ldr r3,.L83+28
 682 045c D3E90001 	 ldrd r0,[r3]
 683 0460 894B     	 ldr r3,.L83
 684 0462 D3E90023 	 ldrd r2,[r3]
 685 0466 FFF7FEFF 	 bl __aeabi_dadd
 686 046a 0246     	 mov r2,r0
 687 046c 0B46     	 mov r3,r1
 688 046e 8D49     	 ldr r1,.L83+28
 689 0470 C1E90023 	 strd r2,[r1]
 182:../main.c     **** 		  avg_complement_yValue += complement_yValue;
 690              	 .loc 1 182 0
 691 0474 8C4B     	 ldr r3,.L83+32
 692 0476 D3E90001 	 ldrd r0,[r3]
 693 047a 854B     	 ldr r3,.L83+8
 694 047c D3E90023 	 ldrd r2,[r3]
 695 0480 FFF7FEFF 	 bl __aeabi_dadd
 696 0484 0246     	 mov r2,r0
 697 0486 0B46     	 mov r3,r1
 698 0488 8749     	 ldr r1,.L83+32
 699 048a C1E90023 	 strd r2,[r1]
 183:../main.c     **** 		  avg_complement_zValue += complement_zValue;
 700              	 .loc 1 183 0
 701 048e 874B     	 ldr r3,.L83+36
 702 0490 D3E90001 	 ldrd r0,[r3]
 703 0494 804B     	 ldr r3,.L83+16
 704 0496 D3E90023 	 ldrd r2,[r3]
 705 049a FFF7FEFF 	 bl __aeabi_dadd
 706 049e 0246     	 mov r2,r0
 707 04a0 0B46     	 mov r3,r1
 708 04a2 8249     	 ldr r1,.L83+36
 709 04a4 C1E90023 	 strd r2,[r1]
 184:../main.c     **** 
 185:../main.c     **** //		  __disable_irq();
 186:../main.c     **** //		  v.id[0] = 'G';
 187:../main.c     **** //		  v.id[1] = 'Y';
 188:../main.c     **** //		  v.g_x = gyro_x;
 189:../main.c     **** //		  v.g_y = gyro_y;
 190:../main.c     **** //		  v.g_z = gyro_z;
 191:../main.c     **** //		  char* c_v = &v;
 192:../main.c     **** //		  sprintf(sprintString,"gyro: %i, %i,  %i", gyro_xValue, gyro_yValue, gyro_zValue);
 193:../main.c     **** //		  udp_send_event(sprintString);
 194:../main.c     **** 		 // udp_send_event2(c_v);
 195:../main.c     **** //		  __enable_irq();
 196:../main.c     **** 		  polltime = 0;
 710              	 .loc 1 196 0
 711 04a8 0023     	 movs r3,#0
 712 04aa 7B60     	 str r3,[r7,#4]
 713              	.L7:
 197:../main.c     **** 	  }
 198:../main.c     **** 	  if(gpsOutputready){
 714              	 .loc 1 198 0
 715 04ac 804B     	 ldr r3,.L83+40
 716 04ae 1B78     	 ldrb r3,[r3]
 717 04b0 002B     	 cmp r3,#0
 718 04b2 00F0AF81 	 beq .L52
 199:../main.c     **** 		  avg_complement_xValue = avg_complement_xValue/num_of_samples;
 719              	 .loc 1 199 0
 720 04b6 7B4B     	 ldr r3,.L83+28
 721 04b8 D3E90045 	 ldrd r4,[r3]
 722 04bc 7D4B     	 ldr r3,.L83+44
 723 04be 1B68     	 ldr r3,[r3]
 724 04c0 1846     	 mov r0,r3
 725 04c2 FFF7FEFF 	 bl __aeabi_i2d
 726 04c6 0246     	 mov r2,r0
 727 04c8 0B46     	 mov r3,r1
 728 04ca 2046     	 mov r0,r4
 729 04cc 2946     	 mov r1,r5
 730 04ce FFF7FEFF 	 bl __aeabi_ddiv
 731 04d2 0246     	 mov r2,r0
 732 04d4 0B46     	 mov r3,r1
 733 04d6 7349     	 ldr r1,.L83+28
 734 04d8 C1E90023 	 strd r2,[r1]
 200:../main.c     **** 		  avg_complement_yValue = avg_complement_yValue/num_of_samples;
 735              	 .loc 1 200 0
 736 04dc 724B     	 ldr r3,.L83+32
 737 04de D3E90045 	 ldrd r4,[r3]
 738 04e2 744B     	 ldr r3,.L83+44
 739 04e4 1B68     	 ldr r3,[r3]
 740 04e6 1846     	 mov r0,r3
 741 04e8 FFF7FEFF 	 bl __aeabi_i2d
 742 04ec 0246     	 mov r2,r0
 743 04ee 0B46     	 mov r3,r1
 744 04f0 2046     	 mov r0,r4
 745 04f2 2946     	 mov r1,r5
 746 04f4 FFF7FEFF 	 bl __aeabi_ddiv
 747 04f8 0246     	 mov r2,r0
 748 04fa 0B46     	 mov r3,r1
 749 04fc 6A49     	 ldr r1,.L83+32
 750 04fe C1E90023 	 strd r2,[r1]
 201:../main.c     **** 		  avg_complement_zValue = avg_complement_zValue/num_of_samples;
 751              	 .loc 1 201 0
 752 0502 6A4B     	 ldr r3,.L83+36
 753 0504 D3E90045 	 ldrd r4,[r3]
 754 0508 6A4B     	 ldr r3,.L83+44
 755 050a 1B68     	 ldr r3,[r3]
 756 050c 1846     	 mov r0,r3
 757 050e FFF7FEFF 	 bl __aeabi_i2d
 758 0512 0246     	 mov r2,r0
 759 0514 0B46     	 mov r3,r1
 760 0516 2046     	 mov r0,r4
 761 0518 2946     	 mov r1,r5
 762 051a FFF7FEFF 	 bl __aeabi_ddiv
 763 051e 0246     	 mov r2,r0
 764 0520 0B46     	 mov r3,r1
 765 0522 6249     	 ldr r1,.L83+36
 766 0524 C1E90023 	 strd r2,[r1]
 202:../main.c     **** 
 203:../main.c     **** 		  avg_ms_xValue = avg_ms_xValue/num_of_samples;
 767              	 .loc 1 203 0
 768 0528 634B     	 ldr r3,.L83+48
 769 052a D3E90045 	 ldrd r4,[r3]
 770 052e 614B     	 ldr r3,.L83+44
 771 0530 1B68     	 ldr r3,[r3]
 772 0532 1846     	 mov r0,r3
 773 0534 FFF7FEFF 	 bl __aeabi_i2d
 774 0538 0246     	 mov r2,r0
 775 053a 0B46     	 mov r3,r1
 776 053c 2046     	 mov r0,r4
 777 053e 2946     	 mov r1,r5
 778 0540 FFF7FEFF 	 bl __aeabi_ddiv
 779 0544 0246     	 mov r2,r0
 780 0546 0B46     	 mov r3,r1
 781 0548 5B49     	 ldr r1,.L83+48
 782 054a C1E90023 	 strd r2,[r1]
 204:../main.c     **** 		  avg_ms_yValue = avg_ms_yValue/num_of_samples;
 783              	 .loc 1 204 0
 784 054e 5B4B     	 ldr r3,.L83+52
 785 0550 D3E90045 	 ldrd r4,[r3]
 786 0554 574B     	 ldr r3,.L83+44
 787 0556 1B68     	 ldr r3,[r3]
 788 0558 1846     	 mov r0,r3
 789 055a FFF7FEFF 	 bl __aeabi_i2d
 790 055e 0246     	 mov r2,r0
 791 0560 0B46     	 mov r3,r1
 792 0562 2046     	 mov r0,r4
 793 0564 2946     	 mov r1,r5
 794 0566 FFF7FEFF 	 bl __aeabi_ddiv
 795 056a 0246     	 mov r2,r0
 796 056c 0B46     	 mov r3,r1
 797 056e 5349     	 ldr r1,.L83+52
 798 0570 C1E90023 	 strd r2,[r1]
 205:../main.c     **** 		  avg_ms_zValue = avg_ms_zValue/num_of_samples;
 799              	 .loc 1 205 0
 800 0574 524B     	 ldr r3,.L83+56
 801 0576 D3E90045 	 ldrd r4,[r3]
 802 057a 4E4B     	 ldr r3,.L83+44
 803 057c 1B68     	 ldr r3,[r3]
 804 057e 1846     	 mov r0,r3
 805 0580 FFF7FEFF 	 bl __aeabi_i2d
 806 0584 0246     	 mov r2,r0
 807 0586 0B46     	 mov r3,r1
 808 0588 2046     	 mov r0,r4
 809 058a 2946     	 mov r1,r5
 810 058c FFF7FEFF 	 bl __aeabi_ddiv
 811 0590 0246     	 mov r2,r0
 812 0592 0B46     	 mov r3,r1
 813 0594 4A49     	 ldr r1,.L83+56
 814 0596 C1E90023 	 strd r2,[r1]
 206:../main.c     **** 
 207:../main.c     **** //		  bmi_gps_data.avg_x = avg_complement_xValue;
 208:../main.c     **** //		  bmi_gps_data.avg_y = avg_complement_yValue;
 209:../main.c     **** //		  bmi_gps_data.avg_z = avg_complement_zValue;
 210:../main.c     **** //		  bmi_gps_data.min_x = min_complement_xValue;
 211:../main.c     **** //		  bmi_gps_data.min_y = min_complement_yValue;
 212:../main.c     **** //		  bmi_gps_data.min_z = min_complement_zValue;
 213:../main.c     **** //		  bmi_gps_data.max_x = max_complement_xValue;
 214:../main.c     **** //		  bmi_gps_data.max_y = max_complement_yValue;
 215:../main.c     **** //		  bmi_gps_data.max_z = max_complement_zValue;
 216:../main.c     **** 
 217:../main.c     **** 
 218:../main.c     **** 		  bmi_gps_data.avg_x = avg_complement_xValue;
 815              	 .loc 1 218 0
 816 059a 424B     	 ldr r3,.L83+28
 817 059c D3E90023 	 ldrd r2,[r3]
 818 05a0 4849     	 ldr r1,.L83+60
 819 05a2 C1E90023 	 strd r2,[r1]
 219:../main.c     **** 		  bmi_gps_data.avg_y = avg_complement_yValue;
 820              	 .loc 1 219 0
 821 05a6 404B     	 ldr r3,.L83+32
 822 05a8 D3E90023 	 ldrd r2,[r3]
 823 05ac 4549     	 ldr r1,.L83+60
 824 05ae C1E90223 	 strd r2,[r1,#8]
 220:../main.c     **** 		  bmi_gps_data.avg_z = avg_complement_zValue;
 825              	 .loc 1 220 0
 826 05b2 3E4B     	 ldr r3,.L83+36
 827 05b4 D3E90023 	 ldrd r2,[r3]
 828 05b8 4249     	 ldr r1,.L83+60
 829 05ba C1E90423 	 strd r2,[r1,#16]
 221:../main.c     **** 		  bmi_gps_data.min_x = min_complement_xValue;
 830              	 .loc 1 221 0
 831 05be 334B     	 ldr r3,.L83+4
 832 05c0 D3E90023 	 ldrd r2,[r3]
 833 05c4 3F49     	 ldr r1,.L83+60
 834 05c6 C1E90623 	 strd r2,[r1,#24]
 222:../main.c     **** 		  bmi_gps_data.min_y = min_complement_yValue;
 835              	 .loc 1 222 0
 836 05ca 324B     	 ldr r3,.L83+12
 837 05cc D3E90023 	 ldrd r2,[r3]
 838 05d0 3C49     	 ldr r1,.L83+60
 839 05d2 C1E90823 	 strd r2,[r1,#32]
 223:../main.c     **** 		  bmi_gps_data.min_z = min_complement_zValue;
 840              	 .loc 1 223 0
 841 05d6 314B     	 ldr r3,.L83+20
 842 05d8 D3E90023 	 ldrd r2,[r3]
 843 05dc 3949     	 ldr r1,.L83+60
 844 05de C1E90A23 	 strd r2,[r1,#40]
 224:../main.c     **** 		  bmi_gps_data.max_x = max_complement_xValue;
 845              	 .loc 1 224 0
 846 05e2 394B     	 ldr r3,.L83+64
 847 05e4 D3E90023 	 ldrd r2,[r3]
 848 05e8 3649     	 ldr r1,.L83+60
 849 05ea C1E90C23 	 strd r2,[r1,#48]
 225:../main.c     **** 		  bmi_gps_data.max_y = max_complement_yValue;
 850              	 .loc 1 225 0
 851 05ee 374B     	 ldr r3,.L83+68
 852 05f0 D3E90023 	 ldrd r2,[r3]
 853 05f4 3349     	 ldr r1,.L83+60
 854 05f6 C1E90E23 	 strd r2,[r1,#56]
 226:../main.c     **** 		  bmi_gps_data.max_z = max_complement_zValue;
 855              	 .loc 1 226 0
 856 05fa 354B     	 ldr r3,.L83+72
 857 05fc D3E90023 	 ldrd r2,[r3]
 858 0600 3049     	 ldr r1,.L83+60
 859 0602 C1E91023 	 strd r2,[r1,#64]
 227:../main.c     **** 
 228:../main.c     **** 		  bmi_ms_data.avg_x = avg_ms_xValue;
 860              	 .loc 1 228 0
 861 0606 2C4B     	 ldr r3,.L83+48
 862 0608 D3E90023 	 ldrd r2,[r3]
 863 060c 3149     	 ldr r1,.L83+76
 864 060e C1E90023 	 strd r2,[r1]
 229:../main.c     **** 		  bmi_ms_data.avg_y = avg_ms_yValue;
 865              	 .loc 1 229 0
 866 0612 2A4B     	 ldr r3,.L83+52
 867 0614 D3E90023 	 ldrd r2,[r3]
 868 0618 2E49     	 ldr r1,.L83+76
 869 061a C1E90223 	 strd r2,[r1,#8]
 230:../main.c     **** 		  bmi_ms_data.avg_z = avg_ms_zValue;
 870              	 .loc 1 230 0
 871 061e 284B     	 ldr r3,.L83+56
 872 0620 D3E90023 	 ldrd r2,[r3]
 873 0624 2B49     	 ldr r1,.L83+76
 874 0626 C1E90423 	 strd r2,[r1,#16]
 231:../main.c     **** 		  bmi_ms_data.min_x = min_ms_xValue;
 875              	 .loc 1 231 0
 876 062a 2B4B     	 ldr r3,.L83+80
 877 062c D3E90023 	 ldrd r2,[r3]
 878 0630 2849     	 ldr r1,.L83+76
 879 0632 C1E90623 	 strd r2,[r1,#24]
 232:../main.c     **** 		  bmi_ms_data.min_y = min_ms_yValue;
 880              	 .loc 1 232 0
 881 0636 294B     	 ldr r3,.L83+84
 882 0638 D3E90023 	 ldrd r2,[r3]
 883 063c 2549     	 ldr r1,.L83+76
 884 063e C1E90823 	 strd r2,[r1,#32]
 233:../main.c     **** 		  bmi_ms_data.min_z = min_ms_zValue;
 885              	 .loc 1 233 0
 886 0642 274B     	 ldr r3,.L83+88
 887 0644 D3E90023 	 ldrd r2,[r3]
 888 0648 2249     	 ldr r1,.L83+76
 889 064a C1E90A23 	 strd r2,[r1,#40]
 234:../main.c     **** 		  bmi_ms_data.max_x = max_ms_xValue;
 890              	 .loc 1 234 0
 891 064e 254B     	 ldr r3,.L83+92
 892 0650 D3E90023 	 ldrd r2,[r3]
 893 0654 1F49     	 ldr r1,.L83+76
 894 0656 C1E90C23 	 strd r2,[r1,#48]
 235:../main.c     **** 		  bmi_ms_data.max_y = max_ms_yValue;
 895              	 .loc 1 235 0
 896 065a 234B     	 ldr r3,.L83+96
 897 065c D3E90023 	 ldrd r2,[r3]
 898 0660 1C49     	 ldr r1,.L83+76
 899 0662 C1E90E23 	 strd r2,[r1,#56]
 236:../main.c     **** 		  bmi_ms_data.max_z = max_ms_zValue;
 900              	 .loc 1 236 0
 901 0666 214B     	 ldr r3,.L83+100
 902 0668 D3E90023 	 ldrd r2,[r3]
 903 066c 1949     	 ldr r1,.L83+76
 904 066e C1E91023 	 strd r2,[r1,#64]
 237:../main.c     **** 
 238:../main.c     **** 
 239:../main.c     **** 
 240:../main.c     **** 
 241:../main.c     **** //
 242:../main.c     **** //		  bmi_gps_data.avg_x = 3;
 243:../main.c     **** //		  bmi_gps_data.avg_y = 3;
 244:../main.c     **** //		  bmi_gps_data.avg_z = 3;
 245:../main.c     **** //		  bmi_gps_data.min_x = 4;
 246:../main.c     **** //		  bmi_gps_data.min_y = 4;
 247:../main.c     **** //		  bmi_gps_data.min_z = 4;
 248:../main.c     **** //		  bmi_gps_data.max_x = 5;
 249:../main.c     **** //		  bmi_gps_data.max_y = 5;
 250:../main.c     **** //		  bmi_gps_data.max_z = 5;
 251:../main.c     **** 
 252:../main.c     **** 		  udp_send_event_ms(&bmi_ms_data);
 905              	 .loc 1 252 0
 906 0672 1848     	 ldr r0,.L83+76
 907 0674 FFF7FEFF 	 bl udp_send_event_ms
 253:../main.c     **** 		  udp_send_event_r(&bmi_gps_data);
 908              	 .loc 1 253 0
 909 0678 1248     	 ldr r0,.L83+60
 910 067a FFF7FEFF 	 bl udp_send_event_r
 254:../main.c     **** 
 255:../main.c     **** 		  num_of_samples = 0;
 911              	 .loc 1 255 0
 912 067e 0D4B     	 ldr r3,.L83+44
 913 0680 0022     	 movs r2,#0
 914 0682 1A60     	 str r2,[r3]
 915 0684 34E0     	 b .L84
 916              	.L85:
 917 0686 00BF     	 .align 2
 918              	.L83:
 919 0688 00000000 	 .word complement_xValue
 920 068c 00000000 	 .word min_complement_xValue
 921 0690 00000000 	 .word complement_yValue
 922 0694 00000000 	 .word min_complement_yValue
 923 0698 00000000 	 .word complement_zValue
 924 069c 00000000 	 .word min_complement_zValue
 925 06a0 00000000 	 .word minInitialized
 926 06a4 00000000 	 .word avg_complement_xValue
 927 06a8 00000000 	 .word avg_complement_yValue
 928 06ac 00000000 	 .word avg_complement_zValue
 929 06b0 00000000 	 .word gpsOutputready
 930 06b4 00000000 	 .word num_of_samples
 931 06b8 00000000 	 .word avg_ms_xValue
 932 06bc 00000000 	 .word avg_ms_yValue
 933 06c0 00000000 	 .word avg_ms_zValue
 934 06c4 00000000 	 .word bmi_gps_data
 935 06c8 00000000 	 .word max_complement_xValue
 936 06cc 00000000 	 .word max_complement_yValue
 937 06d0 00000000 	 .word max_complement_zValue
 938 06d4 00000000 	 .word bmi_ms_data
 939 06d8 00000000 	 .word min_ms_xValue
 940 06dc 00000000 	 .word min_ms_yValue
 941 06e0 00000000 	 .word min_ms_zValue
 942 06e4 00000000 	 .word max_ms_xValue
 943 06e8 00000000 	 .word max_ms_yValue
 944 06ec 00000000 	 .word max_ms_zValue
 945              	.L84:
 256:../main.c     **** 		  max_complement_xValue = 0;
 946              	 .loc 1 256 0
 947 06f0 4C49     	 ldr r1,.L86
 948 06f2 4FF00002 	 mov r2,#0
 949 06f6 4FF00003 	 mov r3,#0
 950 06fa C1E90023 	 strd r2,[r1]
 257:../main.c     **** 		  max_complement_yValue = 0;
 951              	 .loc 1 257 0
 952 06fe 4A49     	 ldr r1,.L86+4
 953 0700 4FF00002 	 mov r2,#0
 954 0704 4FF00003 	 mov r3,#0
 955 0708 C1E90023 	 strd r2,[r1]
 258:../main.c     **** 		  max_complement_zValue = 0;
 956              	 .loc 1 258 0
 957 070c 4749     	 ldr r1,.L86+8
 958 070e 4FF00002 	 mov r2,#0
 959 0712 4FF00003 	 mov r3,#0
 960 0716 C1E90023 	 strd r2,[r1]
 259:../main.c     **** 
 260:../main.c     **** 		  minInitialized = false;
 961              	 .loc 1 260 0
 962 071a 454B     	 ldr r3,.L86+12
 963 071c 0022     	 movs r2,#0
 964 071e 1A70     	 strb r2,[r3]
 261:../main.c     **** 		  maxInitialized = false;
 965              	 .loc 1 261 0
 966 0720 444B     	 ldr r3,.L86+16
 967 0722 0022     	 movs r2,#0
 968 0724 1A70     	 strb r2,[r3]
 262:../main.c     **** 
 263:../main.c     **** 		  min_complement_xValue = 0;
 969              	 .loc 1 263 0
 970 0726 4449     	 ldr r1,.L86+20
 971 0728 4FF00002 	 mov r2,#0
 972 072c 4FF00003 	 mov r3,#0
 973 0730 C1E90023 	 strd r2,[r1]
 264:../main.c     **** 		  min_complement_yValue = 0;
 974              	 .loc 1 264 0
 975 0734 4149     	 ldr r1,.L86+24
 976 0736 4FF00002 	 mov r2,#0
 977 073a 4FF00003 	 mov r3,#0
 978 073e C1E90023 	 strd r2,[r1]
 265:../main.c     **** 		  min_complement_zValue = 0;
 979              	 .loc 1 265 0
 980 0742 3F49     	 ldr r1,.L86+28
 981 0744 4FF00002 	 mov r2,#0
 982 0748 4FF00003 	 mov r3,#0
 983 074c C1E90023 	 strd r2,[r1]
 266:../main.c     **** 
 267:../main.c     **** 		  avg_complement_xValue = 0;
 984              	 .loc 1 267 0
 985 0750 3C49     	 ldr r1,.L86+32
 986 0752 4FF00002 	 mov r2,#0
 987 0756 4FF00003 	 mov r3,#0
 988 075a C1E90023 	 strd r2,[r1]
 268:../main.c     **** 		  avg_complement_yValue = 0;
 989              	 .loc 1 268 0
 990 075e 3A49     	 ldr r1,.L86+36
 991 0760 4FF00002 	 mov r2,#0
 992 0764 4FF00003 	 mov r3,#0
 993 0768 C1E90023 	 strd r2,[r1]
 269:../main.c     **** 		  avg_complement_zValue = 0;
 994              	 .loc 1 269 0
 995 076c 3749     	 ldr r1,.L86+40
 996 076e 4FF00002 	 mov r2,#0
 997 0772 4FF00003 	 mov r3,#0
 998 0776 C1E90023 	 strd r2,[r1]
 270:../main.c     **** 
 271:../main.c     **** 		  max_ms_xValue = 0;
 999              	 .loc 1 271 0
 1000 077a 3549     	 ldr r1,.L86+44
 1001 077c 4FF00002 	 mov r2,#0
 1002 0780 4FF00003 	 mov r3,#0
 1003 0784 C1E90023 	 strd r2,[r1]
 272:../main.c     **** 		  max_ms_yValue = 0;
 1004              	 .loc 1 272 0
 1005 0788 3249     	 ldr r1,.L86+48
 1006 078a 4FF00002 	 mov r2,#0
 1007 078e 4FF00003 	 mov r3,#0
 1008 0792 C1E90023 	 strd r2,[r1]
 273:../main.c     **** 		  max_ms_zValue = 0;
 1009              	 .loc 1 273 0
 1010 0796 3049     	 ldr r1,.L86+52
 1011 0798 4FF00002 	 mov r2,#0
 1012 079c 4FF00003 	 mov r3,#0
 1013 07a0 C1E90023 	 strd r2,[r1]
 274:../main.c     **** 
 275:../main.c     **** 		  msMinInitialized = false;
 1014              	 .loc 1 275 0
 1015 07a4 2D4B     	 ldr r3,.L86+56
 1016 07a6 0022     	 movs r2,#0
 1017 07a8 1A70     	 strb r2,[r3]
 276:../main.c     **** 		  msMaxInitialized = false;
 1018              	 .loc 1 276 0
 1019 07aa 2D4B     	 ldr r3,.L86+60
 1020 07ac 0022     	 movs r2,#0
 1021 07ae 1A70     	 strb r2,[r3]
 277:../main.c     **** 
 278:../main.c     **** 		  min_ms_xValue = 0;
 1022              	 .loc 1 278 0
 1023 07b0 2C49     	 ldr r1,.L86+64
 1024 07b2 4FF00002 	 mov r2,#0
 1025 07b6 4FF00003 	 mov r3,#0
 1026 07ba C1E90023 	 strd r2,[r1]
 279:../main.c     **** 		  min_ms_yValue = 0;
 1027              	 .loc 1 279 0
 1028 07be 2A49     	 ldr r1,.L86+68
 1029 07c0 4FF00002 	 mov r2,#0
 1030 07c4 4FF00003 	 mov r3,#0
 1031 07c8 C1E90023 	 strd r2,[r1]
 280:../main.c     **** 		  min_ms_zValue = 0;
 1032              	 .loc 1 280 0
 1033 07cc 2749     	 ldr r1,.L86+72
 1034 07ce 4FF00002 	 mov r2,#0
 1035 07d2 4FF00003 	 mov r3,#0
 1036 07d6 C1E90023 	 strd r2,[r1]
 281:../main.c     **** 
 282:../main.c     **** 		  avg_ms_xValue = 0;
 1037              	 .loc 1 282 0
 1038 07da 2549     	 ldr r1,.L86+76
 1039 07dc 4FF00002 	 mov r2,#0
 1040 07e0 4FF00003 	 mov r3,#0
 1041 07e4 C1E90023 	 strd r2,[r1]
 283:../main.c     **** 		  avg_ms_yValue = 0;
 1042              	 .loc 1 283 0
 1043 07e8 2249     	 ldr r1,.L86+80
 1044 07ea 4FF00002 	 mov r2,#0
 1045 07ee 4FF00003 	 mov r3,#0
 1046 07f2 C1E90023 	 strd r2,[r1]
 284:../main.c     **** 		  avg_ms_zValue = 0;
 1047              	 .loc 1 284 0
 1048 07f6 2049     	 ldr r1,.L86+84
 1049 07f8 4FF00002 	 mov r2,#0
 1050 07fc 4FF00003 	 mov r3,#0
 1051 0800 C1E90023 	 strd r2,[r1]
 285:../main.c     **** 
 286:../main.c     **** 
 287:../main.c     **** //		  char* c_v = &bmi_gps_data;
 288:../main.c     **** //		  udp_send_event_ms(&c_v);
 289:../main.c     **** //		  udp_send_event_r(&c_v);
 290:../main.c     **** 
 291:../main.c     **** 
 292:../main.c     **** 		  udp_send_event(secondOutputBufferStart);
 1052              	 .loc 1 292 0
 1053 0804 1D4B     	 ldr r3,.L86+88
 1054 0806 1B68     	 ldr r3,[r3]
 1055 0808 1846     	 mov r0,r3
 1056 080a FFF7FEFF 	 bl udp_send_event
 293:../main.c     **** 		  gpsOutputready = false;
 1057              	 .loc 1 293 0
 1058 080e 1C4B     	 ldr r3,.L86+92
 1059 0810 0022     	 movs r2,#0
 1060 0812 1A70     	 strb r2,[r3]
 1061              	.L52:
 294:../main.c     **** 		  //sprintf(sprintString,"gyro: %i, %i,  %i", gyro_xValue, gyro_yValue, gyro_zValue);
 295:../main.c     **** 	  }
 296:../main.c     **** 	  if(outputBufferReady){
 1062              	 .loc 1 296 0
 1063 0814 1B4B     	 ldr r3,.L86+96
 1064 0816 1B78     	 ldrb r3,[r3]
 1065 0818 002B     	 cmp r3,#0
 1066 081a 02D0     	 beq .L53
 297:../main.c     **** 		 // udp_send_event(receivedSentence);
 298:../main.c     **** 		  outputBufferReady = false;
 1067              	 .loc 1 298 0
 1068 081c 194B     	 ldr r3,.L86+96
 1069 081e 0022     	 movs r2,#0
 1070 0820 1A70     	 strb r2,[r3]
 1071              	.L53:
 299:../main.c     **** 
 300:../main.c     **** 	  }
 301:../main.c     **** 
 302:../main.c     **** 
 303:../main.c     **** 	//  printf("g");
 304:../main.c     **** 
 305:../main.c     **** 
 306:../main.c     ****   }
 1072              	 .loc 1 306 0
 1073 0822 25E4     	 b .L54
 1074              	.L87:
 1075              	 .align 2
 1076              	.L86:
 1077 0824 00000000 	 .word max_complement_xValue
 1078 0828 00000000 	 .word max_complement_yValue
 1079 082c 00000000 	 .word max_complement_zValue
 1080 0830 00000000 	 .word minInitialized
 1081 0834 00000000 	 .word maxInitialized
 1082 0838 00000000 	 .word min_complement_xValue
 1083 083c 00000000 	 .word min_complement_yValue
 1084 0840 00000000 	 .word min_complement_zValue
 1085 0844 00000000 	 .word avg_complement_xValue
 1086 0848 00000000 	 .word avg_complement_yValue
 1087 084c 00000000 	 .word avg_complement_zValue
 1088 0850 00000000 	 .word max_ms_xValue
 1089 0854 00000000 	 .word max_ms_yValue
 1090 0858 00000000 	 .word max_ms_zValue
 1091 085c 00000000 	 .word msMinInitialized
 1092 0860 00000000 	 .word msMaxInitialized
 1093 0864 00000000 	 .word min_ms_xValue
 1094 0868 00000000 	 .word min_ms_yValue
 1095 086c 00000000 	 .word min_ms_zValue
 1096 0870 00000000 	 .word avg_ms_xValue
 1097 0874 00000000 	 .word avg_ms_yValue
 1098 0878 00000000 	 .word avg_ms_zValue
 1099 087c 00000000 	 .word secondOutputBufferStart
 1100 0880 00000000 	 .word gpsOutputready
 1101 0884 00000000 	 .word outputBufferReady
 1102              	 .cfi_endproc
 1103              	.LFE456:
 1105              	 .text
 1106              	.Letext0:
 1107              	 .file 2 "d:\\program files\\dave\\dave-ide-4.4.2-64bit\\eclipse\\arm-gcc-49\\arm-none-eabi\\include\\machine\\_default_types.h"
 1108              	 .file 3 "d:\\program files\\dave\\dave-ide-4.4.2-64bit\\eclipse\\arm-gcc-49\\arm-none-eabi\\include\\stdint.h"
 1109              	 .file 4 "D:/Users/Beheerder/Desktop/GPSBox/SensorMaritime-SensorBox/Sensorbox_firmware/GPSGyroAnalysisTool/GpsGyroAnalysisTool/GpsGyroAnalysisTool/Libraries/XMCLib/inc/xmc_usic.h"
 1110              	 .file 5 "D:/Users/Beheerder/Desktop/GPSBox/SensorMaritime-SensorBox/Sensorbox_firmware/GPSGyroAnalysisTool/GpsGyroAnalysisTool/GpsGyroAnalysisTool/Dave/Generated/ETH_LWIP/lwip/include/lwip/arch.h"
 1111              	 .file 6 "D:/Users/Beheerder/Desktop/GPSBox/SensorMaritime-SensorBox/Sensorbox_firmware/GPSGyroAnalysisTool/GpsGyroAnalysisTool/GpsGyroAnalysisTool/Dave/Generated/ETH_LWIP/lwip/include/lwip/pbuf.h"
 1112              	 .file 7 "D:/Users/Beheerder/Desktop/GPSBox/SensorMaritime-SensorBox/Sensorbox_firmware/GPSGyroAnalysisTool/GpsGyroAnalysisTool/GpsGyroAnalysisTool/Dave/Generated/ETH_LWIP/lwip/include/lwip/ip4_addr.h"
 1113              	 .file 8 "D:/Users/Beheerder/Desktop/GPSBox/SensorMaritime-SensorBox/Sensorbox_firmware/GPSGyroAnalysisTool/GpsGyroAnalysisTool/GpsGyroAnalysisTool/Dave/Generated/ETH_LWIP/lwip/include/lwip/ip_addr.h"
 1114              	 .file 9 "D:/Users/Beheerder/Desktop/GPSBox/SensorMaritime-SensorBox/Sensorbox_firmware/GPSGyroAnalysisTool/GpsGyroAnalysisTool/GpsGyroAnalysisTool/Dave/Generated/ETH_LWIP/lwip/include/lwip/udp.h"
 1115              	 .file 10 "D:/Users/Beheerder/Desktop/GPSBox/SensorMaritime-SensorBox/Sensorbox_firmware/GPSGyroAnalysisTool/GpsGyroAnalysisTool/GpsGyroAnalysisTool/Dave/Generated/DAVE.h"
 1116              	 .file 11 "../Header/UDP.h"
 1117              	 .file 12 "D:/Users/Beheerder/Desktop/GPSBox/SensorMaritime-SensorBox/Sensorbox_firmware/GPSGyroAnalysisTool/GpsGyroAnalysisTool/GpsGyroAnalysisTool/Libraries/CMSIS/Include/cmsis_gcc.h"
 1118              	 .file 13 "D:/Users/Beheerder/Desktop/GPSBox/SensorMaritime-SensorBox/Sensorbox_firmware/GPSGyroAnalysisTool/GpsGyroAnalysisTool/GpsGyroAnalysisTool/Libraries/CMSIS/Include/core_cm4.h"
 1119              	 .file 14 "D:/Users/Beheerder/Desktop/GPSBox/SensorMaritime-SensorBox/Sensorbox_firmware/GPSGyroAnalysisTool/GpsGyroAnalysisTool/GpsGyroAnalysisTool/Libraries/CMSIS/Infineon/XMC4800_series/Include/system_XMC4800.h"
 1120              	 .file 15 "../Header/GPS.h"
 1121              	 .file 16 "../Header/BMI.h"
 1122              	 .file 17 "D:/Users/Beheerder/Desktop/GPSBox/SensorMaritime-SensorBox/Sensorbox_firmware/GPSGyroAnalysisTool/GpsGyroAnalysisTool/GpsGyroAnalysisTool/Dave/Generated/ETH_LWIP/lwip/include/lwip/memp.h"
DEFINED SYMBOLS
                            *ABS*:00000000 main.c
                            *COM*:00000004 com_pcb
                            *COM*:00000004 returnaddr
                            *COM*:00000048 bmi_gps_data
                            *COM*:00000048 bmi_ms_data
                            *COM*:00000068 ms_msg
                            *COM*:00000068 r_msg
                            *COM*:00000001 outputBufferReady
                            *COM*:00000001 gpsOutputready
                            *COM*:00000001 msMinInitialized
                            *COM*:00000001 msMaxInitialized
                            *COM*:00000001 minInitialized
                            *COM*:00000001 maxInitialized
                            *COM*:00000004 messageState
                            *COM*:00000004 headerStateMachineFilter
                            *COM*:000000c8 receivedSentence
                            *COM*:000000c8 receivedSentence2
                            *COM*:00000004 firstSentenceBuffer
                            *COM*:00000004 secondSentenceBuffer
                            *COM*:00000004 outputBufferStart
                            *COM*:00000004 outputBufferCurrent
                            *COM*:00000004 outputBufferEnd
                            *COM*:00000004 secondOutputBufferStart
                            *COM*:00000004 secondOutputBufferCurrent
                            *COM*:00000004 secondOutputBufferEnd
                            *COM*:00000008 acceleration_register
                            *COM*:00000008 gyro_register
                            *COM*:00000004 acceleration_register_copy
                            *COM*:00000004 gyro_register_copy
                            *COM*:00000004 num_of_samples
                            *COM*:00000008 max_complement_xValue
                            *COM*:00000008 max_complement_yValue
                            *COM*:00000008 max_complement_zValue
                            *COM*:00000008 min_complement_xValue
                            *COM*:00000008 min_complement_yValue
                            *COM*:00000008 min_complement_zValue
                            *COM*:00000008 avg_complement_xValue
                            *COM*:00000008 avg_complement_yValue
                            *COM*:00000008 avg_complement_zValue
                            *COM*:00000008 complement_xValue
                            *COM*:00000008 complement_yValue
                            *COM*:00000008 complement_zValue
                            *COM*:00000008 max_ms_xValue
                            *COM*:00000008 max_ms_yValue
                            *COM*:00000008 max_ms_zValue
                            *COM*:00000008 min_ms_xValue
                            *COM*:00000008 min_ms_yValue
                            *COM*:00000008 min_ms_zValue
                            *COM*:00000008 avg_ms_xValue
                            *COM*:00000008 avg_ms_yValue
                            *COM*:00000008 avg_ms_zValue
                            *COM*:00000008 ms_xValue
                            *COM*:00000008 ms_yValue
                            *COM*:00000008 ms_zValue
                            *COM*:00000004 gyro_x
                            *COM*:00000004 gyro_y
                            *COM*:00000004 gyro_z
                            *COM*:00000004 acc_x
                            *COM*:00000004 acc_y
                            *COM*:00000004 acc_z
                            *COM*:00000004 acc_x_ms2
                            *COM*:00000004 acc_y_ms2
                            *COM*:00000004 acc_z_ms2
                            *COM*:00000002 gyro_xValue
                            *COM*:00000002 gyro_yValue
                            *COM*:00000002 gyro_zValue
    {standard input}:85     .text.CCU43_1_IRQHandler:00000000 $t
    {standard input}:90     .text.CCU43_1_IRQHandler:00000000 CCU43_1_IRQHandler
    {standard input}:122    .text.CCU43_1_IRQHandler:00000014 $d
    {standard input}:132    .text.main:00000000 $t
    {standard input}:137    .text.main:00000000 main
    {standard input}:402    .text.main:000001cc $d
    {standard input}:427    .text.main:00000228 $t
    {standard input}:638    .text.main:000003dc $d
    {standard input}:661    .text.main:00000430 $t
    {standard input}:919    .text.main:00000688 $d
    {standard input}:947    .text.main:000006f0 $t
    {standard input}:1077   .text.main:00000824 $d
                     .debug_frame:00000010 $d

UNDEFINED SYMBOLS
__aeabi_dcmpgt
__aeabi_dcmplt
__aeabi_dadd
__aeabi_i2d
__aeabi_ddiv
DAVE_Init
initGPS
cycledelay
udp_initialize
bmi055_start
sys_check_timeouts
bmi055_poll_data
bmi055_apply_gyro_all_angles
bmi055_apply_accel_all_angles
udp_send_event_ms
udp_send_event_r
udp_send_event
